Component: ARM Compiler 5.06 update 7 (build 960) Tool: armlink [4d3601]

==============================================================================

Section Cross References

    startup_stm32f407xx.o(STACK) refers (Special) to heapauxi.o(.text) for __use_two_region_memory
    startup_stm32f407xx.o(HEAP) refers (Special) to heapauxi.o(.text) for __use_two_region_memory
    startup_stm32f407xx.o(RESET) refers (Special) to heapauxi.o(.text) for __use_two_region_memory
    startup_stm32f407xx.o(RESET) refers to startup_stm32f407xx.o(STACK) for __initial_sp
    startup_stm32f407xx.o(RESET) refers to startup_stm32f407xx.o(.text) for Reset_Handler
    startup_stm32f407xx.o(RESET) refers to stm32f4xx_it.o(i.NMI_Handler) for NMI_Handler
    startup_stm32f407xx.o(RESET) refers to stm32f4xx_it.o(i.HardFault_Handler) for HardFault_Handler
    startup_stm32f407xx.o(RESET) refers to stm32f4xx_it.o(i.MemManage_Handler) for MemManage_Handler
    startup_stm32f407xx.o(RESET) refers to stm32f4xx_it.o(i.BusFault_Handler) for BusFault_Handler
    startup_stm32f407xx.o(RESET) refers to stm32f4xx_it.o(i.UsageFault_Handler) for UsageFault_Handler
    startup_stm32f407xx.o(RESET) refers to stm32f4xx_it.o(i.SVC_Handler) for SVC_Handler
    startup_stm32f407xx.o(RESET) refers to stm32f4xx_it.o(i.DebugMon_Handler) for DebugMon_Handler
    startup_stm32f407xx.o(RESET) refers to stm32f4xx_it.o(i.PendSV_Handler) for PendSV_Handler
    startup_stm32f407xx.o(RESET) refers to stm32f4xx_it.o(i.SysTick_Handler) for SysTick_Handler
    startup_stm32f407xx.o(RESET) refers to stm32f4xx_it.o(i.OTG_FS_IRQHandler) for OTG_FS_IRQHandler
    startup_stm32f407xx.o(.text) refers (Special) to heapauxi.o(.text) for __use_two_region_memory
    startup_stm32f407xx.o(.text) refers to system_stm32f4xx.o(i.SystemInit) for SystemInit
    startup_stm32f407xx.o(.text) refers to __main.o(!!!main) for __main
    startup_stm32f407xx.o(.text) refers to startup_stm32f407xx.o(HEAP) for Heap_Mem
    startup_stm32f407xx.o(.text) refers to startup_stm32f407xx.o(STACK) for Stack_Mem
    main.o(i.SystemClock_Config) refers to rt_memclr_w.o(.text) for __aeabi_memclr4
    main.o(i.SystemClock_Config) refers to stm32f4xx_hal_rcc.o(i.HAL_RCC_OscConfig) for HAL_RCC_OscConfig
    main.o(i.SystemClock_Config) refers to stm32f4xx_hal_rcc.o(i.HAL_RCC_ClockConfig) for HAL_RCC_ClockConfig
    main.o(i.main) refers to stm32f4xx_hal.o(i.HAL_Init) for HAL_Init
    main.o(i.main) refers to main.o(i.SystemClock_Config) for SystemClock_Config
    main.o(i.main) refers to gpio.o(i.MX_GPIO_Init) for MX_GPIO_Init
    main.o(i.main) refers to usb_device.o(i.MX_USB_DEVICE_Init) for MX_USB_DEVICE_Init
    main.o(i.main) refers to usbd_hid.o(i.USBD_HID_SendReport) for USBD_HID_SendReport
    main.o(i.main) refers to usbd_cdc_if.o(i.CDC_Transmit_FS) for CDC_Transmit_FS
    main.o(i.main) refers to stm32f4xx_hal.o(i.HAL_Delay) for HAL_Delay
    main.o(i.main) refers to usb_device.o(.bss) for hUsbDeviceFS
    usb_device.o(i.MX_USB_DEVICE_Init) refers to usbd_core.o(i.USBD_Init) for USBD_Init
    usb_device.o(i.MX_USB_DEVICE_Init) refers to main.o(i.Error_Handler) for Error_Handler
    usb_device.o(i.MX_USB_DEVICE_Init) refers to usbd_core.o(i.USBD_RegisterClass) for USBD_RegisterClass
    usb_device.o(i.MX_USB_DEVICE_Init) refers to usbd_core.o(i.USBD_Start) for USBD_Start
    usb_device.o(i.MX_USB_DEVICE_Init) refers to usbd_desc.o(.data) for FS_Desc
    usb_device.o(i.MX_USB_DEVICE_Init) refers to usb_device.o(.bss) for .bss
    usb_device.o(i.MX_USB_DEVICE_Init) refers to template.o(.data) for USBD_Composite_CDC_HID
    usbd_conf.o(i.HAL_PCD_ConnectCallback) refers to usbd_core.o(i.USBD_LL_DevConnected) for USBD_LL_DevConnected
    usbd_conf.o(i.HAL_PCD_DataInStageCallback) refers to usbd_core.o(i.USBD_LL_DataInStage) for USBD_LL_DataInStage
    usbd_conf.o(i.HAL_PCD_DataOutStageCallback) refers to usbd_core.o(i.USBD_LL_DataOutStage) for USBD_LL_DataOutStage
    usbd_conf.o(i.HAL_PCD_DisconnectCallback) refers to usbd_core.o(i.USBD_LL_DevDisconnected) for USBD_LL_DevDisconnected
    usbd_conf.o(i.HAL_PCD_ISOINIncompleteCallback) refers to usbd_core.o(i.USBD_LL_IsoINIncomplete) for USBD_LL_IsoINIncomplete
    usbd_conf.o(i.HAL_PCD_ISOOUTIncompleteCallback) refers to usbd_core.o(i.USBD_LL_IsoOUTIncomplete) for USBD_LL_IsoOUTIncomplete
    usbd_conf.o(i.HAL_PCD_MspDeInit) refers to stm32f4xx_hal_gpio.o(i.HAL_GPIO_DeInit) for HAL_GPIO_DeInit
    usbd_conf.o(i.HAL_PCD_MspDeInit) refers to stm32f4xx_hal_cortex.o(i.HAL_NVIC_DisableIRQ) for HAL_NVIC_DisableIRQ
    usbd_conf.o(i.HAL_PCD_MspInit) refers to rt_memclr_w.o(.text) for __aeabi_memclr4
    usbd_conf.o(i.HAL_PCD_MspInit) refers to stm32f4xx_hal_gpio.o(i.HAL_GPIO_Init) for HAL_GPIO_Init
    usbd_conf.o(i.HAL_PCD_MspInit) refers to stm32f4xx_hal_cortex.o(i.HAL_NVIC_SetPriority) for HAL_NVIC_SetPriority
    usbd_conf.o(i.HAL_PCD_MspInit) refers to stm32f4xx_hal_cortex.o(i.HAL_NVIC_EnableIRQ) for HAL_NVIC_EnableIRQ
[...]
    i.USBD_CtlContinueSendData               0x08002104   Section        0  usbd_ioreq.o(i.USBD_CtlContinueSendData)
    i.USBD_CtlError                          0x08002114   Section        0  usbd_ctlreq.o(i.USBD_CtlError)
    i.USBD_CtlPrepareRx                      0x0800212a   Section        0  usbd_ioreq.o(i.USBD_CtlPrepareRx)
    i.USBD_CtlReceiveStatus                  0x08002148   Section        0  usbd_ioreq.o(i.USBD_CtlReceiveStatus)
    i.USBD_CtlSendData                       0x0800215e   Section        0  usbd_ioreq.o(i.USBD_CtlSendData)
    i.USBD_CtlSendStatus                     0x08002178   Section        0  usbd_ioreq.o(i.USBD_CtlSendStatus)
    i.USBD_FS_ConfigStrDescriptor            0x08002190   Section        0  usbd_desc.o(i.USBD_FS_ConfigStrDescriptor)
    i.USBD_FS_DeviceDescriptor               0x080021b0   Section        0  usbd_desc.o(i.USBD_FS_DeviceDescriptor)
    i.USBD_FS_InterfaceStrDescriptor         0x080021bc   Section        0  usbd_desc.o(i.USBD_FS_InterfaceStrDescriptor)
    i.USBD_FS_LangIDStrDescriptor            0x080021e0   Section        0  usbd_desc.o(i.USBD_FS_LangIDStrDescriptor)
    i.USBD_FS_ManufacturerStrDescriptor      0x080021ec   Section        0  usbd_desc.o(i.USBD_FS_ManufacturerStrDescriptor)
    i.USBD_FS_ProductStrDescriptor           0x08002214   Section        0  usbd_desc.o(i.USBD_FS_ProductStrDescriptor)
    i.USBD_FS_SerialStrDescriptor            0x08002248   Section        0  usbd_desc.o(i.USBD_FS_SerialStrDescriptor)
    i.USBD_GetDescriptor                     0x08002280   Section        0  usbd_ctlreq.o(i.USBD_GetDescriptor)
    USBD_GetDescriptor                       0x08002281   Thumb Code   230  usbd_ctlreq.o(i.USBD_GetDescriptor)
    i.USBD_GetString                         0x08002366   Section        0  usbd_ctlreq.o(i.USBD_GetString)
    i.USBD_Get_USB_Status                    0x080023ae   Section        0  usbd_conf.o(i.USBD_Get_USB_Status)
    i.USBD_HID_DataIn                        0x080023c6   Section        0  usbd_hid.o(i.USBD_HID_DataIn)
    USBD_HID_DataIn                          0x080023c7   Thumb Code    12  usbd_hid.o(i.USBD_HID_DataIn)
    i.USBD_HID_DeInit                        0x080023d2   Section        0  usbd_hid.o(i.USBD_HID_DeInit)
    USBD_HID_DeInit                          0x080023d3   Thumb Code    38  usbd_hid.o(i.USBD_HID_DeInit)
    i.USBD_HID_GetDeviceQualifierDesc        0x080023f8   Section        0  usbd_hid.o(i.USBD_HID_GetDeviceQualifierDesc)
    USBD_HID_GetDeviceQualifierDesc          0x080023f9   Thumb Code     8  usbd_hid.o(i.USBD_HID_GetDeviceQualifierDesc)
    i.USBD_HID_GetFSCfgDesc                  0x08002404   Section        0  usbd_hid.o(i.USBD_HID_GetFSCfgDesc)
    USBD_HID_GetFSCfgDesc                    0x08002405   Thumb Code     8  usbd_hid.o(i.USBD_HID_GetFSCfgDesc)
    i.USBD_HID_GetHSCfgDesc                  0x08002410   Section        0  usbd_hid.o(i.USBD_HID_GetHSCfgDesc)
    USBD_HID_GetHSCfgDesc                    0x08002411   Thumb Code     8  usbd_hid.o(i.USBD_HID_GetHSCfgDesc)
    i.USBD_HID_GetOtherSpeedCfgDesc          0x0800241c   Section        0  usbd_hid.o(i.USBD_HID_GetOtherSpeedCfgDesc)
    USBD_HID_GetOtherSpeedCfgDesc            0x0800241d   Thumb Code     8  usbd_hid.o(i.USBD_HID_GetOtherSpeedCfgDesc)
    i.USBD_HID_Init                          0x08002428   Section        0  usbd_hid.o(i.USBD_HID_Init)
    USBD_HID_Init                            0x08002429   Thumb Code    68  usbd_hid.o(i.USBD_HID_Init)
    i.USBD_HID_SendReport                    0x0800246c   Section        0  usbd_hid.o(i.USBD_HID_SendReport)
    i.USBD_HID_Setup                         0x0800249c   Section        0  usbd_hid.o(i.USBD_HID_Setup)
    USBD_HID_Setup                           0x0800249d   Thumb Code   210  usbd_hid.o(i.USBD_HID_Setup)
    i.USBD_Init                              0x08002574   Section        0  usbd_core.o(i.USBD_Init)
    i.USBD_LL_ClearStallEP                   0x0800259a   Section        0  usbd_conf.o(i.USBD_LL_ClearStallEP)
    i.USBD_LL_CloseEP                        0x080025ac   Section        0  usbd_conf.o(i.USBD_LL_CloseEP)
    i.USBD_LL_DataInStage                    0x080025be   Section        0  usbd_core.o(i.USBD_LL_DataInStage)
    i.USBD_LL_DataOutStage                   0x08002666   Section        0  usbd_core.o(i.USBD_LL_DataOutStage)
    i.USBD_LL_DevConnected                   0x080026d2   Section        0  usbd_core.o(i.USBD_LL_DevConnected)
    i.USBD_LL_DevDisconnected                0x080026d6   Section        0  usbd_core.o(i.USBD_LL_DevDisconnected)
    i.USBD_LL_GetRxDataSize                  0x080026ee   Section        0  usbd_conf.o(i.USBD_LL_GetRxDataSize)
    i.USBD_LL_Init                           0x080026f8   Section        0  usbd_conf.o(i.USBD_LL_Init)
    i.USBD_LL_IsStallEP                      0x0800276c   Section        0  usbd_conf.o(i.USBD_LL_IsStallEP)
    i.USBD_LL_IsoINIncomplete                0x0800278c   Section        0  usbd_core.o(i.USBD_LL_IsoINIncomplete)
    i.USBD_LL_IsoOUTIncomplete               0x080027ac   Section        0  usbd_core.o(i.USBD_LL_IsoOUTIncomplete)
    i.USBD_LL_OpenEP                         0x080027cc   Section        0  usbd_conf.o(i.USBD_LL_OpenEP)
    i.USBD_LL_PrepareReceive                 0x080027e4   Section        0  usbd_conf.o(i.USBD_LL_PrepareReceive)
    i.USBD_LL_Reset                          0x080027f6   Section        0  usbd_core.o(i.USBD_LL_Reset)
    i.USBD_LL_Resume                         0x08002850   Section        0  usbd_core.o(i.USBD_LL_Resume)
    i.USBD_LL_SOF                            0x08002864   Section        0  usbd_core.o(i.USBD_LL_SOF)
    i.USBD_LL_SetSpeed                       0x08002884   Section        0  usbd_core.o(i.USBD_LL_SetSpeed)
    i.USBD_LL_SetUSBAddress                  0x0800288a   Section        0  usbd_conf.o(i.USBD_LL_SetUSBAddress)
    i.USBD_LL_SetupStage                     0x0800289c   Section        0  usbd_core.o(i.USBD_LL_SetupStage)
    i.USBD_LL_StallEP                        0x080028fc   Section        0  usbd_conf.o(i.USBD_LL_StallEP)
    i.USBD_LL_Start                          0x0800290e   Section        0  usbd_conf.o(i.USBD_LL_Start)
    i.USBD_LL_Suspend                        0x08002920   Section        0  usbd_core.o(i.USBD_LL_Suspend)
    i.USBD_LL_Transmit                       0x08002932   Section        0  usbd_conf.o(i.USBD_LL_Transmit)
    i.USBD_ParseSetupRequest                 0x08002944   Section        0  usbd_ctlreq.o(i.USBD_ParseSetupRequest)
    i.USBD_RegisterClass                     0x08002970   Section        0  usbd_core.o(i.USBD_RegisterClass)
    i.USBD_SetClassConfig                    0x08002994   Section        0  usbd_core.o(i.USBD_SetClassConfig)
    i.USBD_SetConfig                         0x080029a8   Section        0  usbd_ctlreq.o(i.USBD_SetConfig)
    USBD_SetConfig                           0x080029a9   Thumb Code   182  usbd_ctlreq.o(i.USBD_SetConfig)
    i.USBD_Start                             0x08002a64   Section        0  usbd_core.o(i.USBD_Start)
    i.USBD_StdDevReq                         0x08002a68   Section        0  usbd_ctlreq.o(i.USBD_StdDevReq)
    i.USBD_StdEPReq                          0x08002b7c   Section        0  usbd_ctlreq.o(i.USBD_StdEPReq)
    i.USBD_StdItfReq                         0x08002cbc   Section        0  usbd_ctlreq.o(i.USBD_StdItfReq)
    i.USBD_static_free                       0x08002d0e   Section        0  usbd_conf.o(i.USBD_static_free)
    i.USBD_static_malloc                     0x08002d12   Section        0  usbd_conf.o(i.USBD_static_malloc)
    i.USB_ActivateEndpoint                   0x08002d18   Section        0  stm32f4xx_ll_usb.o(i.USB_ActivateEndpoint)
    i.USB_ActivateSetup                      0x08002d98   Section        0  stm32f4xx_ll_usb.o(i.USB_ActivateSetup)
    i.USB_CoreInit                           0x08002db4   Section        0  stm32f4xx_ll_usb.o(i.USB_CoreInit)
    i.USB_CoreReset                          0x08002e28   Section        0  stm32f4xx_ll_usb.o(i.USB_CoreReset)
    USB_CoreReset                            0x08002e29   Thumb Code    58  stm32f4xx_ll_usb.o(i.USB_CoreReset)
    i.USB_DeactivateEndpoint                 0x08002e68   Section        0  stm32f4xx_ll_usb.o(i.USB_DeactivateEndpoint)
    i.USB_DevConnect                         0x08002f34   Section        0  stm32f4xx_ll_usb.o(i.USB_DevConnect)
    i.USB_DevDisconnect                      0x08002f50   Section        0  stm32f4xx_ll_usb.o(i.USB_DevDisconnect)
    i.USB_DevInit                            0x08002f6c   Section        0  stm32f4xx_ll_usb.o(i.USB_DevInit)
    i.USB_DisableGlobalInt                   0x080030e0   Section        0  stm32f4xx_ll_usb.o(i.USB_DisableGlobalInt)
    i.USB_EP0StartXfer                       0x080030ec   Section        0  stm32f4xx_ll_usb.o(i.USB_EP0StartXfer)
    i.USB_EP0_OutStart                       0x08003204   Section        0  stm32f4xx_ll_usb.o(i.USB_EP0_OutStart)
    i.USB_EPClearStall                       0x0800325c   Section        0  stm32f4xx_ll_usb.o(i.USB_EPClearStall)
    i.USB_EPSetStall                         0x080032b4   Section        0  stm32f4xx_ll_usb.o(i.USB_EPSetStall)
    i.USB_EPStartXfer                        0x0800330c   Section        0  stm32f4xx_ll_usb.o(i.USB_EPStartXfer)
    i.USB_EnableGlobalInt                    0x080034f4   Section        0  stm32f4xx_ll_usb.o(i.USB_EnableGlobalInt)
    i.USB_FlushRxFifo                        0x08003500   Section        0  stm32f4xx_ll_usb.o(i.USB_FlushRxFifo)
    i.USB_FlushTxFifo                        0x08003528   Section        0  stm32f4xx_ll_usb.o(i.USB_FlushTxFifo)
    i.USB_GetDevSpeed                        0x08003554   Section        0  stm32f4xx_ll_usb.o(i.USB_GetDevSpeed)
    i.USB_GetMode                            0x0800356e   Section        0  stm32f4xx_ll_usb.o(i.USB_GetMode)
    i.USB_ReadDevAllInEpInterrupt            0x08003576   Section        0  stm32f4xx_ll_usb.o(i.USB_ReadDevAllInEpInterrupt)
    i.USB_ReadDevAllOutEpInterrupt           0x08003584   Section        0  stm32f4xx_ll_usb.o(i.USB_ReadDevAllOutEpInterrupt)
    i.USB_ReadDevInEPInterrupt               0x08003592   Section        0  stm32f4xx_ll_usb.o(i.USB_ReadDevInEPInterrupt)
    i.USB_ReadDevOutEPInterrupt              0x080035b6   Section        0  stm32f4xx_ll_usb.o(i.USB_ReadDevOutEPInterrupt)
    i.USB_ReadInterrupts                     0x080035c6   Section        0  stm32f4xx_ll_usb.o(i.USB_ReadInterrupts)
    i.USB_ReadPacket                         0x080035ce   Section        0  stm32f4xx_ll_usb.o(i.USB_ReadPacket)
    i.USB_SetCurrentMode                     0x0800360c   Section        0  stm32f4xx_ll_usb.o(i.USB_SetCurrentMode)
    i.USB_SetDevAddress                      0x08003668   Section        0  stm32f4xx_ll_usb.o(i.USB_SetDevAddress)
    i.USB_SetTurnaroundTime                  0x0800368c   Section        0  stm32f4xx_ll_usb.o(i.USB_SetTurnaroundTime)
    i.USB_WritePacket                        0x08003774   Section        0  stm32f4xx_ll_usb.o(i.USB_WritePacket)
    i.UsageFault_Handler                     0x0800379c   Section        0  stm32f4xx_it.o(i.UsageFault_Handler)
    i.__NVIC_SetPriority                     0x0800379e   Section        0  stm32f4xx_hal_cortex.o(i.__NVIC_SetPriority)
    __NVIC_SetPriority                       0x0800379f   Thumb Code    32  stm32f4xx_hal_cortex.o(i.__NVIC_SetPriority)
    i.main                                   0x080037c0   Section        0  main.o(i.main)
    x$fpl$fpinit                             0x08003808   Section       10  fpinit.o(x$fpl$fpinit)
    $v0                                      0x08003808   Number         0  fpinit.o(x$fpl$fpinit)
    .constdata                               0x08003812   Section       16  system_stm32f4xx.o(.constdata)
    .data                                    0x20000000   Section       28  usbd_desc.o(.data)
    .data                                    0x2000001c   Section       50  usbd_desc.o(.data)
    .data                                    0x20000050   Section       20  usbd_cdc_if.o(.data)
    .data                                    0x20000064   Section       56  template.o(.data)
    .data                                    0x2000009c   Section      126  template.o(.data)
    USBD_Composite_DeviceQualifierDesc       0x20000110   Data          10  template.o(.data)
    .data                                    0x2000011c   Section       12  stm32f4xx_hal.o(.data)
    .data                                    0x20000128   Section        4  system_stm32f4xx.o(.data)
    .data                                    0x2000012c   Section        1  usbd_ctlreq.o(.data)
    cfgidx                                   0x2000012c   Data           1  usbd_ctlreq.o(.data)
    .data                                    0x20000130   Section       56  usbd_hid.o(.data)
    .data                                    0x20000168   Section      206  usbd_hid.o(.data)
    USBD_HID_CfgFSDesc                       0x20000168   Data          34  usbd_hid.o(.data)
    USBD_HID_CfgHSDesc                       0x2000018c   Data          34  usbd_hid.o(.data)
    USBD_HID_OtherSpeedCfgDesc               0x200001b0   Data          34  usbd_hid.o(.data)
    USBD_HID_Desc                            0x200001d4   Data           9  usbd_hid.o(.data)
    USBD_HID_DeviceQualifierDesc             0x200001e0   Data          10  usbd_hid.o(.data)
    HID_MOUSE_ReportDesc                     0x200001ec   Data          74  usbd_hid.o(.data)
    .data                                    0x20000238   Section      215  usbd_cdc.o(.data)
    USBD_CDC_DeviceQualifierDesc             0x20000238   Data          10  usbd_cdc.o(.data)
    USBD_CDC_CfgHSDesc                       0x20000244   Data          67  usbd_cdc.o(.data)
    USBD_CDC_CfgFSDesc                       0x20000288   Data          67  usbd_cdc.o(.data)
    USBD_CDC_OtherSpeedCfgDesc               0x200002cc   Data          67  usbd_cdc.o(.data)
    .data                                    0x20000310   Section       56  usbd_cdc.o(.data)
    .bss                                     0x20000348   Section      720  usb_device.o(.bss)
    .bss                                     0x20000618   Section     1032  usbd_conf.o(.bss)
    .bss                                     0x20000a20   Section      512  usbd_desc.o(.bss)
    .bss                                     0x20000c20   Section     4096  usbd_cdc_if.o(.bss)
    .bss                                     0x20001c20   Section       96  libspace.o(.bss)
    HEAP                                     0x20001c80   Section     8192  startup_stm32f407xx.o(HEAP)
    Heap_Mem                                 0x20001c80   Data        8192  startup_stm32f407xx.o(HEAP)
    STACK                                    0x20003c80   Section     1024  startup_stm32f407xx.o(STACK)
    Stack_Mem                                0x20003c80   Data        1024  startup_stm32f407xx.o(STACK)
    __initial_sp                             0x20004080   Data           0  startup_stm32f407xx.o(STACK)

    Global Symbols

    Symbol Name                              Value     Ov Type        Size  Object(Section)

    BuildAttributes$$THM_ISAv4$E$P$D$K$B$S$7EM$VFPi3$EXTD16$VFPS$VFMA$PE$A:L22UL41UL21$X:L11$S22US41US21$IEEE1$IW$USESV6$~STKCKD$USESV7$~SHL$OTIME$ROPI$EBA8$UX$STANDARDLIB$REQ8$PRES8$EABIv2 0x00000000   Number         0  anon$$obj.o ABSOLUTE
    __ARM_use_no_argv                        0x00000000   Number         0  main.o ABSOLUTE
    __ARM_exceptions_init                     - Undefined Weak Reference
    __alloca_initialize                       - Undefined Weak Reference
    __arm_fini_                               - Undefined Weak Reference
    __arm_preinit_                            - Undefined Weak Reference
    __cpp_initialize__aeabi_                  - Undefined Weak Reference
    __cxa_finalize                            - Undefined Weak Reference
    __rt_locale                               - Undefined Weak Reference
    __sigvec_lookup                           - Undefined Weak Reference
    __user_heap_extent                        - Undefined Weak Reference
    _atexit_init                              - Undefined Weak Reference
    _call_atexit_fns                          - Undefined Weak Reference
    _clock_init                               - Undefined Weak Reference
    _fp_trap_init                             - Undefined Weak Reference
    _fp_trap_shutdown                         - Undefined Weak Reference
    _get_lc_collate                           - Undefined Weak Reference
    _get_lc_ctype                             - Undefined Weak Reference
    _get_lc_monetary                          - Undefined Weak Reference
    _get_lc_numeric                           - Undefined Weak Reference
    _get_lc_time                              - Undefined Weak Reference
    _getenv_init                              - Undefined Weak Reference
    _handle_redirection                       - Undefined Weak Reference
    _initio                                   - Undefined Weak Reference
    _mutex_acquire                            - Undefined Weak Reference
    _mutex_free                               - Undefined Weak Reference
    _mutex_release                            - Undefined Weak Reference
    _rand_init                                - Undefined Weak Reference
    _signal_finish                            - Undefined Weak Reference
    _signal_init                              - Undefined Weak Reference
    _terminateio                              - Undefined Weak Reference
    __Vectors_Size                           0x00000188   Number         0  startup_stm32f407xx.o ABSOLUTE
    __Vectors                                0x08000000   Data           4  startup_stm32f407xx.o(RESET)
    __Vectors_End                            0x08000188   Data           0  startup_stm32f407xx.o(RESET)
    __main                                   0x08000189   Thumb Code     8  __main.o(!!!main)
    __scatterload                            0x08000191   Thumb Code     0  __scatter.o(!!!scatter)
    __scatterload_rt2                        0x08000191   Thumb Code    44  __scatter.o(!!!scatter)
    __scatterload_rt2_thumb_only             0x08000191   Thumb Code     0  __scatter.o(!!!scatter)
    __scatterload_null                       0x0800019f   Thumb Code     0  __scatter.o(!!!scatter)
    __decompress                             0x080001c5   Thumb Code   100  __dclz77c.o(!!dclz77c)
    __decompress2                            0x080001c5   Thumb Code     0  __dclz77c.o(!!dclz77c)
    __scatterload_zeroinit                   0x08000229   Thumb Code    28  __scatter_zi.o(!!handler_zi)
    __rt_lib_init                            0x08000245   Thumb Code     0  libinit.o(.ARM.Collect$$libinit$$00000000)
    __rt_lib_init_fp_1                       0x08000247   Thumb Code     0  libinit2.o(.ARM.Collect$$libinit$$00000001)
    __rt_lib_init_heap_2                     0x0800024b   Thumb Code     0  libinit2.o(.ARM.Collect$$libinit$$00000005)
    __rt_lib_init_preinit_1                  0x0800024b   Thumb Code     0  libinit2.o(.ARM.Collect$$libinit$$00000004)
    __rt_lib_init_alloca_1                   0x08000253   Thumb Code     0  libinit2.o(.ARM.Collect$$libinit$$0000002E)
    __rt_lib_init_argv_1                     0x08000253   Thumb Code     0  libinit2.o(.ARM.Collect$$libinit$$0000002C)
    __rt_lib_init_atexit_1                   0x08000253   Thumb Code     0  libinit2.o(.ARM.Collect$$libinit$$0000001B)
    __rt_lib_init_clock_1                    0x08000253   Thumb Code     0  libinit2.o(.ARM.Collect$$libinit$$00000021)
    __rt_lib_init_cpp_1                      0x08000253   Thumb Code     0  libinit2.o(.ARM.Collect$$libinit$$00000032)
    __rt_lib_init_exceptions_1               0x08000253   Thumb Code     0  libinit2.o(.ARM.Collect$$libinit$$00000030)
    __rt_lib_init_fp_trap_1                  0x08000253   Thumb Code     0  libinit2.o(.ARM.Collect$$libinit$$0000001F)
    __rt_lib_init_getenv_1                   0x08000253   Thumb Code     0  libinit2.o(.ARM.Collect$$libinit$$00000023)
    __rt_lib_init_heap_1                     0x08000253   Thumb Code     0  libinit2.o(.ARM.Collect$$libinit$$0000000A)
    __rt_lib_init_lc_collate_1               0x08000253   Thumb Code     0  libinit2.o(.ARM.Collect$$libinit$$00000011)
    __rt_lib_init_lc_ctype_1                 0x08000253   Thumb Code     0  libinit2.o(.ARM.Collect$$libinit$$00000013)
    __rt_lib_init_lc_monetary_1              0x08000253   Thumb Code     0  libinit2.o(.ARM.Collect$$libinit$$00000015)
    __rt_lib_init_lc_numeric_1               0x08000253   Thumb Code     0  libinit2.o(.ARM.Collect$$libinit$$00000017)
    __rt_lib_init_lc_time_1                  0x08000253   Thumb Code     0  libinit2.o(.ARM.Collect$$libinit$$00000019)
    __rt_lib_init_rand_1                     0x08000253   Thumb Code     0  libinit2.o(.ARM.Collect$$libinit$$0000000E)
    __rt_lib_init_return                     0x08000253   Thumb Code     0  libinit2.o(.ARM.Collect$$libinit$$00000033)
    __rt_lib_init_signal_1                   0x08000253   Thumb Code     0  libinit2.o(.ARM.Collect$$libinit$$0000001D)
    __rt_lib_init_stdio_1                    0x08000253   Thumb Code     0  libinit2.o(.ARM.Collect$$libinit$$00000025)
    __rt_lib_init_user_alloc_1               0x08000253   Thumb Code     0  libinit2.o(.ARM.Collect$$libinit$$0000000C)
    __rt_lib_shutdown                        0x08000255   Thumb Code     0  libshutdown.o(.ARM.Collect$$libshutdown$$00000000)
    __rt_lib_shutdown_cpp_1                  0x08000257   Thumb Code     0  libshutdown2.o(.ARM.Collect$$libshutdown$$00000004)
    __rt_lib_shutdown_fini_1                 0x08000257   Thumb Code     0  libshutdown2.o(.ARM.Collect$$libshutdown$$00000002)
    __rt_lib_shutdown_fp_trap_1              0x08000257   Thumb Code     0  libshutdown2.o(.ARM.Collect$$libshutdown$$00000009)
    __rt_lib_shutdown_heap_1                 0x08000257   Thumb Code     0  libshutdown2.o(.ARM.Collect$$libshutdown$$00000011)
    __rt_lib_shutdown_return                 0x08000257   Thumb Code     0  libshutdown2.o(.ARM.Collect$$libshutdown$$00000012)
    __rt_lib_shutdown_signal_1               0x08000257   Thumb Code     0  libshutdown2.o(.ARM.Collect$$libshutdown$$0000000C)
    __rt_lib_shutdown_stdio_1                0x08000257   Thumb Code     0  libshutdown2.o(.ARM.Collect$$libshutdown$$00000006)
    __rt_lib_shutdown_user_alloc_1           0x08000257   Thumb Code     0  libshutdown2.o(.ARM.Collect$$libshutdown$$0000000E)
    __rt_entry                               0x08000259   Thumb Code     0  __rtentry.o(.ARM.Collect$$rtentry$$00000000)
    __rt_entry_presh_1                       0x08000259   Thumb Code     0  __rtentry2.o(.ARM.Collect$$rtentry$$00000002)
    __rt_entry_sh                            0x08000259   Thumb Code     0  __rtentry4.o(.ARM.Collect$$rtentry$$00000004)
    __rt_entry_li                            0x0800025f   Thumb Code     0  __rtentry2.o(.ARM.Collect$$rtentry$$0000000A)
    __rt_entry_postsh_1                      0x0800025f   Thumb Code     0  __rtentry2.o(.ARM.Collect$$rtentry$$00000009)
    __rt_entry_main                          0x08000263   Thumb Code     0  __rtentry2.o(.ARM.Collect$$rtentry$$0000000D)
    __rt_entry_postli_1                      0x08000263   Thumb Code     0  __rtentry2.o(.ARM.Collect$$rtentry$$0000000C)
    __rt_exit                                0x0800026b   Thumb Code     0  rtexit.o(.ARM.Collect$$rtexit$$00000000)
    __rt_exit_ls                             0x0800026d   Thumb Code     0  rtexit2.o(.ARM.Collect$$rtexit$$00000003)
    __rt_exit_prels_1                        0x0800026d   Thumb Code     0  rtexit2.o(.ARM.Collect$$rtexit$$00000002)
    __rt_exit_exit                           0x08000271   Thumb Code     0  rtexit2.o(.ARM.Collect$$rtexit$$00000004)
    Reset_Handler                            0x08000279   Thumb Code     8  startup_stm32f407xx.o(.text)
    _maybe_terminate_alloc                   0x08000279   Thumb Code     0  maybetermalloc1.o(.emb_text)
    ADC_IRQHandler                           0x08000293   Thumb Code     0  startup_stm32f407xx.o(.text)
    CAN1_RX0_IRQHandler                      0x08000293   Thumb Code     0  startup_stm32f407xx.o(.text)
    CAN1_RX1_IRQHandler                      0x08000293   Thumb Code     0  startup_stm32f407xx.o(.text)
    CAN1_SCE_IRQHandler                      0x08000293   Thumb Code     0  startup_stm32f407xx.o(.text)
    CAN1_TX_IRQHandler                       0x08000293   Thumb Code     0  startup_stm32f407xx.o(.text)
    CAN2_RX0_IRQHandler                      0x08000293   Thumb Code     0  startup_stm32f407xx.o(.text)
    CAN2_RX1_IRQHandler                      0x08000293   Thumb Code     0  startup_stm32f407xx.o(.text)
    CAN2_SCE_IRQHandler                      0x08000293   Thumb Code     0  startup_stm32f407xx.o(.text)
    CAN2_TX_IRQHandler                       0x08000293   Thumb Code     0  startup_stm32f407xx.o(.text)
    DCMI_IRQHandler                          0x08000293   Thumb Code     0  startup_stm32f407xx.o(.text)
    DMA1_Stream0_IRQHandler                  0x08000293   Thumb Code     0  startup_stm32f407xx.o(.text)
    DMA1_Stream1_IRQHandler                  0x08000293   Thumb Code     0  startup_stm32f407xx.o(.text)
    DMA1_Stream2_IRQHandler                  0x08000293   Thumb Code     0  startup_stm32f407xx.o(.text)
    DMA1_Stream3_IRQHandler                  0x08000293   Thumb Code     0  startup_stm32f407xx.o(.text)
    DMA1_Stream4_IRQHandler                  0x08000293   Thumb Code     0  startup_stm32f407xx.o(.text)
    DMA1_Stream5_IRQHandler                  0x08000293   Thumb Code     0  startup_stm32f407xx.o(.text)
    DMA1_Stream6_IRQHandler                  0x08000293   Thumb Code     0  startup_stm32f407xx.o(.text)
    DMA1_Stream7_IRQHandler                  0x08000293   Thumb Code     0  startup_stm32f407xx.o(.text)
    DMA2_Stream0_IRQHandler                  0x08000293   Thumb Code     0  startup_stm32f407xx.o(.text)
    DMA2_Stream1_IRQHandler                  0x08000293   Thumb Code     0  startup_stm32f407xx.o(.text)
    DMA2_Stream2_IRQHandler                  0x08000293   Thumb Code     0  startup_stm32f407xx.o(.text)
    DMA2_Stream3_IRQHandler                  0x08000293   Thumb Code     0  startup_stm32f407xx.o(.text)
    DMA2_Stream4_IRQHandler                  0x08000293   Thumb Code     0  startup_stm32f407xx.o(.text)
    DMA2_Stream5_IRQHandler                  0x08000293   Thumb Code     0  startup_stm32f407xx.o(.text)
    DMA2_Stream6_IRQHandler                  0x08000293   Thumb Code     0  startup_stm32f407xx.o(.text)
    DMA2_Stream7_IRQHandler                  0x08000293   Thumb Code     0  startup_stm32f407xx.o(.text)
    ETH_IRQHandler                           0x08000293   Thumb Code     0  startup_stm32f407xx.o(.text)
    ETH_WKUP_IRQHandler                      0x08000293   Thumb Code     0  startup_stm32f407xx.o(.text)
    EXTI0_IRQHandler                         0x08000293   Thumb Code     0  startup_stm32f407xx.o(.text)
    EXTI15_10_IRQHandler                     0x08000293   Thumb Code     0  startup_stm32f407xx.o(.text)
    EXTI1_IRQHandler                         0x08000293   Thumb Code     0  startup_stm32f407xx.o(.text)
    EXTI2_IRQHandler                         0x08000293   Thumb Code     0  startup_stm32f407xx.o(.text)
    EXTI3_IRQHandler                         0x08000293   Thumb Code     0  startup_stm32f407xx.o(.text)
    EXTI4_IRQHandler                         0x08000293   Thumb Code     0  startup_stm32f407xx.o(.text)
    EXTI9_5_IRQHandler                       0x08000293   Thumb Code     0  startup_stm32f407xx.o(.text)
    FLASH_IRQHandler                         0x08000293   Thumb Code     0  startup_stm32f407xx.o(.text)
    FMC_IRQHandler                           0x08000293   Thumb Code     0  startup_stm32f407xx.o(.text)
    FPU_IRQHandler                           0x08000293   Thumb Code     0  startup_stm32f407xx.o(.text)
    HASH_RNG_IRQHandler                      0x08000293   Thumb Code     0  startup_stm32f407xx.o(.text)
    I2C1_ER_IRQHandler                       0x08000293   Thumb Code     0  startup_stm32f407xx.o(.text)
    I2C1_EV_IRQHandler                       0x08000293   Thumb Code     0  startup_stm32f407xx.o(.text)
    I2C2_ER_IRQHandler                       0x08000293   Thumb Code     0  startup_stm32f407xx.o(.text)
    I2C2_EV_IRQHandler                       0x08000293   Thumb Code     0  startup_stm32f407xx.o(.text)
    I2C3_ER_IRQHandler                       0x08000293   Thumb Code     0  startup_stm32f407xx.o(.text)
    I2C3_EV_IRQHandler                       0x08000293   Thumb Code     0  startup_stm32f407xx.o(.text)
    OTG_FS_WKUP_IRQHandler                   0x08000293   Thumb Code     0  startup_stm32f407xx.o(.text)
    OTG_HS_EP1_IN_IRQHandler                 0x08000293   Thumb Code     0  startup_stm32f407xx.o(.text)
    OTG_HS_EP1_OUT_IRQHandler                0x08000293   Thumb Code     0  startup_stm32f407xx.o(.text)
    OTG_HS_IRQHandler                        0x08000293   Thumb Code     0  startup_stm32f407xx.o(.text)
    OTG_HS_WKUP_IRQHandler                   0x08000293   Thumb Code     0  startup_stm32f407xx.o(.text)
    PVD_IRQHandler                           0x08000293   Thumb Code     0  startup_stm32f407xx.o(.text)
    RCC_IRQHandler                           0x08000293   Thumb Code     0  startup_stm32f407xx.o(.text)
    RTC_Alarm_IRQHandler                     0x08000293   Thumb Code     0  startup_stm32f407xx.o(.text)
    RTC_WKUP_IRQHandler                      0x08000293   Thumb Code     0  startup_stm32f407xx.o(.text)
    SDIO_IRQHandler                          0x08000293   Thumb Code     0  startup_stm32f407xx.o(.text)
    SPI1_IRQHandler                          0x08000293   Thumb Code     0  startup_stm32f407xx.o(.text)
    SPI2_IRQHandler                          0x08000293   Thumb Code     0  startup_stm32f407xx.o(.text)
    SPI3_IRQHandler                          0x08000293   Thumb Code     0  startup_stm32f407xx.o(.text)
    TAMP_STAMP_IRQHandler                    0x08000293   Thumb Code     0  startup_stm32f407xx.o(.text)
    TIM1_BRK_TIM9_IRQHandler                 0x08000293   Thumb Code     0  startup_stm32f407xx.o(.text)
    TIM1_CC_IRQHandler                       0x08000293   Thumb Code     0  startup_stm32f407xx.o(.text)
    TIM1_TRG_COM_TIM11_IRQHandler            0x08000293   Thumb Code     0  startup_stm32f407xx.o(.text)
    TIM1_UP_TIM10_IRQHandler                 0x08000293   Thumb Code     0  startup_stm32f407xx.o(.text)
    TIM2_IRQHandler                          0x08000293   Thumb Code     0  startup_stm32f407xx.o(.text)
    TIM3_IRQHandler                          0x08000293   Thumb Code     0  startup_stm32f407xx.o(.text)
    TIM4_IRQHandler                          0x08000293   Thumb Code     0  startup_stm32f407xx.o(.text)
    TIM5_IRQHandler                          0x08000293   Thumb Code     0  startup_stm32f407xx.o(.text)
    TIM6_DAC_IRQHandler                      0x08000293   Thumb Code     0  startup_stm32f407xx.o(.text)
    TIM7_IRQHandler                          0x08000293   Thumb Code     0  startup_stm32f407xx.o(.text)
    TIM8_BRK_TIM12_IRQHandler                0x08000293   Thumb Code     0  startup_stm32f407xx.o(.text)
    TIM8_CC_IRQHandler                       0x08000293   Thumb Code     0  startup_stm32f407xx.o(.text)
    TIM8_TRG_COM_TIM14_IRQHandler            0x08000293   Thumb Code     0  startup_stm32f407xx.o(.text)
    TIM8_UP_TIM13_IRQHandler                 0x08000293   Thumb Code     0  startup_stm32f407xx.o(.text)
    UART4_IRQHandler                         0x08000293   Thumb Code     0  startup_stm32f407xx.o(.text)
    UART5_IRQHandler                         0x08000293   Thumb Code     0  startup_stm32f407xx.o(.text)
    USART1_IRQHandler                        0x08000293   Thumb Code     0  startup_stm32f407xx.o(.text)
    USART2_IRQHandler                        0x08000293   Thumb Code     0  startup_stm32f407xx.o(.text)
    USART3_IRQHandler                        0x08000293   Thumb Code     0  startup_stm32f407xx.o(.text)
    USART6_IRQHandler                        0x08000293   Thumb Code     0  startup_stm32f407xx.o(.text)
    WWDG_IRQHandler                          0x08000293   Thumb Code     0  startup_stm32f407xx.o(.text)
    __user_initial_stackheap                 0x08000295   Thumb Code     0  startup_stm32f407xx.o(.text)
    malloc                                   0x080002b9   Thumb Code    94  h1_alloc.o(.text)
    free                                     0x08000317   Thumb Code    78  h1_free.o(.text)
    __aeabi_uldivmod                         0x08000365   Thumb Code     0  lludivv7m.o(.text)
    _ll_udiv                                 0x08000365   Thumb Code   238  lludivv7m.o(.text)
    __aeabi_memcpy4                          0x08000453   Thumb Code     0  rt_memcpy_w.o(.text)
    __aeabi_memcpy8                          0x08000453   Thumb Code     0  rt_memcpy_w.o(.text)
    __rt_memcpy_w                            0x08000453   Thumb Code   100  rt_memcpy_w.o(.text)
    _memcpy_lastbytes_aligned                0x0800049b   Thumb Code     0  rt_memcpy_w.o(.text)
    __aeabi_memclr4                          0x080004b7   Thumb Code     0  rt_memclr_w.o(.text)
    __aeabi_memclr8                          0x080004b7   Thumb Code     0  rt_memclr_w.o(.text)
    __rt_memclr_w                            0x080004b7   Thumb Code    78  rt_memclr_w.o(.text)
    _memset_w                                0x080004bb   Thumb Code     0  rt_memclr_w.o(.text)
    __use_two_region_memory                  0x08000505   Thumb Code     2  heapauxi.o(.text)
    __rt_heap_escrow                         0x08000507   Thumb Code     2  heapauxi.o(.text)
    __rt_heap_expand                         0x08000509   Thumb Code     2  heapauxi.o(.text)
    __rt_heap_descriptor                     0x0800050d   Thumb Code     8  rt_heap_descriptor_intlibspace.o(.text)
    __use_no_heap                            0x08000515   Thumb Code     2  hguard.o(.text)
    __heap$guard                             0x08000517   Thumb Code     2  hguard.o(.text)
    _terminate_user_alloc                    0x08000519   Thumb Code     2  init_alloc.o(.text)
    _init_user_alloc                         0x0800051b   Thumb Code     2  init_alloc.o(.text)
    __Heap_Full                              0x0800051d   Thumb Code    34  init_alloc.o(.text)
    __Heap_Broken                            0x0800053f   Thumb Code     6  init_alloc.o(.text)
    _init_alloc                              0x08000545   Thumb Code    94  init_alloc.o(.text)
    __Heap_Initialize                        0x080005a3   Thumb Code    10  h1_init.o(.text)
    __Heap_DescSize                          0x080005ad   Thumb Code     4  h1_init.o(.text)
    __user_libspace                          0x080005b1   Thumb Code     8  libspace.o(.text)
    __user_perproc_libspace                  0x080005b1   Thumb Code     0  libspace.o(.text)
    __user_perthread_libspace                0x080005b1   Thumb Code     0  libspace.o(.text)
    __Heap_ProvideMemory                     0x080005b9   Thumb Code    52  h1_extend.o(.text)
    __rt_SIGRTMEM                            0x080005ed   Thumb Code    14  defsig_rtmem_outer.o(.text)
    __I$use$semihosting                      0x080005fb   Thumb Code     0  use_no_semi.o(.text)
    __use_no_semihosting_swi                 0x080005fb   Thumb Code     2  use_no_semi.o(.text)
    __semihosting_library_function           0x080005fd   Thumb Code     0  indicate_semi.o(.text)
    __user_setup_stackheap                   0x080005fd   Thumb Code    74  sys_stackheap_outer.o(.text)
    exit                                     0x08000647   Thumb Code    18  exit.o(.text)
    __sig_exit                               0x08000659   Thumb Code    10  defsig_exit.o(.text)
    __rt_SIGRTMEM_inner                      0x08000665   Thumb Code    22  defsig_rtmem_inner.o(.text)
    _sys_exit                                0x080006b5   Thumb Code     8  sys_exit.o(.text)
    __default_signal_display                 0x080006c1   Thumb Code    50  defsig_general.o(.text)
    _ttywrch                                 0x080006f3   Thumb Code    14  sys_wrch.o(.text)
    BusFault_Handler                         0x08000701   Thumb Code     2  stm32f4xx_it.o(i.BusFault_Handler)
    CDC_Transmit_FS                          0x0800074d   Thumb Code    42  usbd_cdc_if.o(i.CDC_Transmit_FS)
    DebugMon_Handler                         0x08000781   Thumb Code     2  stm32f4xx_it.o(i.DebugMon_Handler)
    Error_Handler                            0x08000783   Thumb Code     4  main.o(i.Error_Handler)
    HAL_Delay                                0x08000789   Thumb Code    32  stm32f4xx_hal.o(i.HAL_Delay)
    HAL_GPIO_Init                            0x080007ad   Thumb Code   450  stm32f4xx_hal_gpio.o(i.HAL_GPIO_Init)
    HAL_GetTick                              0x0800099d   Thumb Code     6  stm32f4xx_hal.o(i.HAL_GetTick)
    HAL_IncTick                              0x080009a9   Thumb Code    12  stm32f4xx_hal.o(i.HAL_IncTick)
    HAL_Init                                 0x080009b9   Thumb Code    48  stm32f4xx_hal.o(i.HAL_Init)
    HAL_InitTick                             0x080009ed   Thumb Code    54  stm32f4xx_hal.o(i.HAL_InitTick)
    HAL_MspInit                              0x08000a2d   Thumb Code    42  stm32f4xx_hal_msp.o(i.HAL_MspInit)
    HAL_NVIC_EnableIRQ                       0x08000a5d   Thumb Code    26  stm32f4xx_hal_cortex.o(i.HAL_NVIC_EnableIRQ)
    HAL_NVIC_SetPriority                     0x08000a79   Thumb Code    60  stm32f4xx_hal_cortex.o(i.HAL_NVIC_SetPriority)
    HAL_NVIC_SetPriorityGrouping             0x08000ab9   Thumb Code    26  stm32f4xx_hal_cortex.o(i.HAL_NVIC_SetPriorityGrouping)
    HAL_PCDEx_LPM_Callback                   0x08000add   Thumb Code     2  stm32f4xx_hal_pcd_ex.o(i.HAL_PCDEx_LPM_Callback)
    HAL_PCDEx_SetRxFiFo                      0x08000adf   Thumb Code     8  stm32f4xx_hal_pcd_ex.o(i.HAL_PCDEx_SetRxFiFo)
    HAL_PCDEx_SetTxFiFo                      0x08000ae7   Thumb Code    68  stm32f4xx_hal_pcd_ex.o(i.HAL_PCDEx_SetTxFiFo)
    HAL_PCD_ConnectCallback                  0x08000b2b   Thumb Code     8  usbd_conf.o(i.HAL_PCD_ConnectCallback)
    HAL_PCD_DataInStageCallback              0x08000b33   Thumb Code    18  usbd_conf.o(i.HAL_PCD_DataInStageCallback)
    HAL_PCD_DataOutStageCallback             0x08000b45   Thumb Code    20  usbd_conf.o(i.HAL_PCD_DataOutStageCallback)
    HAL_PCD_DisconnectCallback               0x08000b59   Thumb Code     8  usbd_conf.o(i.HAL_PCD_DisconnectCallback)
    HAL_PCD_EP_Close                         0x08000b61   Thumb Code    76  stm32f4xx_hal_pcd.o(i.HAL_PCD_EP_Close)
    HAL_PCD_EP_ClrStall                      0x08000bad   Thumb Code    92  stm32f4xx_hal_pcd.o(i.HAL_PCD_EP_ClrStall)
    HAL_PCD_EP_GetRxCount                    0x08000c09   Thumb Code    18  stm32f4xx_hal_pcd.o(i.HAL_PCD_EP_GetRxCount)
    HAL_PCD_EP_Open                          0x08000c1b   Thumb Code    96  stm32f4xx_hal_pcd.o(i.HAL_PCD_EP_Open)
    HAL_PCD_EP_Receive                       0x08000c7b   Thumb Code    72  stm32f4xx_hal_pcd.o(i.HAL_PCD_EP_Receive)
    HAL_PCD_EP_SetStall                      0x08000cc3   Thumb Code   116  stm32f4xx_hal_pcd.o(i.HAL_PCD_EP_SetStall)
    HAL_PCD_EP_Transmit                      0x08000d37   Thumb Code    64  stm32f4xx_hal_pcd.o(i.HAL_PCD_EP_Transmit)
    HAL_PCD_IRQHandler                       0x08000d79   Thumb Code  1070  stm32f4xx_hal_pcd.o(i.HAL_PCD_IRQHandler)
    HAL_PCD_ISOINIncompleteCallback          0x080011ad   Thumb Code     8  usbd_conf.o(i.HAL_PCD_ISOINIncompleteCallback)
    HAL_PCD_ISOOUTIncompleteCallback         0x080011b5   Thumb Code     8  usbd_conf.o(i.HAL_PCD_ISOOUTIncompleteCallback)
    HAL_PCD_Init                             0x080011bd   Thumb Code   226  stm32f4xx_hal_pcd.o(i.HAL_PCD_Init)
    HAL_PCD_MspInit                          0x080012a1   Thumb Code   122  usbd_conf.o(i.HAL_PCD_MspInit)
    HAL_PCD_ResetCallback                    0x08001325   Thumb Code    44  usbd_conf.o(i.HAL_PCD_ResetCallback)
    HAL_PCD_ResumeCallback                   0x08001351   Thumb Code     8  usbd_conf.o(i.HAL_PCD_ResumeCallback)
    HAL_PCD_SOFCallback                      0x08001359   Thumb Code     8  usbd_conf.o(i.HAL_PCD_SOFCallback)
    HAL_PCD_SetAddress                       0x08001361   Thumb Code    40  stm32f4xx_hal_pcd.o(i.HAL_PCD_SetAddress)
    HAL_PCD_SetupStageCallback               0x08001389   Thumb Code    14  usbd_conf.o(i.HAL_PCD_SetupStageCallback)
    HAL_PCD_Start                            0x08001397   Thumb Code    66  stm32f4xx_hal_pcd.o(i.HAL_PCD_Start)
    HAL_PCD_SuspendCallback                  0x080013d9   Thumb Code    44  usbd_conf.o(i.HAL_PCD_SuspendCallback)
    HAL_RCC_ClockConfig                      0x08001409   Thumb Code   288  stm32f4xx_hal_rcc.o(i.HAL_RCC_ClockConfig)
    HAL_RCC_GetHCLKFreq                      0x0800153d   Thumb Code     6  stm32f4xx_hal_rcc.o(i.HAL_RCC_GetHCLKFreq)
    HAL_RCC_GetSysClockFreq                  0x08001549   Thumb Code    88  stm32f4xx_hal_rcc.o(i.HAL_RCC_GetSysClockFreq)
    HAL_RCC_OscConfig                        0x080015a9   Thumb Code   856  stm32f4xx_hal_rcc.o(i.HAL_RCC_OscConfig)
    HAL_SYSTICK_Config                       0x08001915   Thumb Code    40  stm32f4xx_hal_cortex.o(i.HAL_SYSTICK_Config)
    HardFault_Handler                        0x0800193d   Thumb Code     2  stm32f4xx_it.o(i.HardFault_Handler)
    MX_GPIO_Init                             0x08001979   Thumb Code    38  gpio.o(i.MX_GPIO_Init)
    MX_USB_DEVICE_Init                       0x080019a5   Thumb Code    52  usb_device.o(i.MX_USB_DEVICE_Init)
    MemManage_Handler                        0x080019e5   Thumb Code     2  stm32f4xx_it.o(i.MemManage_Handler)
    NMI_Handler                              0x080019e7   Thumb Code     2  stm32f4xx_it.o(i.NMI_Handler)
    OTG_FS_IRQHandler                        0x080019e9   Thumb Code     6  stm32f4xx_it.o(i.OTG_FS_IRQHandler)
    PendSV_Handler                           0x08001b63   Thumb Code     2  stm32f4xx_it.o(i.PendSV_Handler)
    SVC_Handler                              0x08001b65   Thumb Code     2  stm32f4xx_it.o(i.SVC_Handler)
    SysTick_Handler                          0x08001b71   Thumb Code     4  stm32f4xx_it.o(i.SysTick_Handler)
    SystemClock_Config                       0x08001b75   Thumb Code   140  main.o(i.SystemClock_Config)
    SystemInit                               0x08001c09   Thumb Code    12  system_stm32f4xx.o(i.SystemInit)
    USBD_CDC_GetDeviceQualifierDescriptor    0x08001d1d   Thumb Code     8  usbd_cdc.o(i.USBD_CDC_GetDeviceQualifierDescriptor)
    USBD_CDC_ReceivePacket                   0x08001def   Thumb Code    40  usbd_cdc.o(i.USBD_CDC_ReceivePacket)
    USBD_CDC_RegisterInterface               0x08001e17   Thumb Code    14  usbd_cdc.o(i.USBD_CDC_RegisterInterface)
    USBD_CDC_SetRxBuffer                     0x08001e25   Thumb Code    18  usbd_cdc.o(i.USBD_CDC_SetRxBuffer)
    USBD_CDC_SetTxBuffer                     0x08001e37   Thumb Code    22  usbd_cdc.o(i.USBD_CDC_SetTxBuffer)
    USBD_CDC_TransmitPacket                  0x08001f0b   Thumb Code    54  usbd_cdc.o(i.USBD_CDC_TransmitPacket)
    USBD_ClrClassConfig                      0x08001f41   Thumb Code    16  usbd_core.o(i.USBD_ClrClassConfig)
    USBD_CtlContinueRx                       0x080020f5   Thumb Code    16  usbd_ioreq.o(i.USBD_CtlContinueRx)
    USBD_CtlContinueSendData                 0x08002105   Thumb Code    16  usbd_ioreq.o(i.USBD_CtlContinueSendData)
    USBD_CtlError                            0x08002115   Thumb Code    22  usbd_ctlreq.o(i.USBD_CtlError)
    USBD_CtlPrepareRx                        0x0800212b   Thumb Code    30  usbd_ioreq.o(i.USBD_CtlPrepareRx)
    USBD_CtlReceiveStatus                    0x08002149   Thumb Code    22  usbd_ioreq.o(i.USBD_CtlReceiveStatus)
    USBD_CtlSendData                         0x0800215f   Thumb Code    26  usbd_ioreq.o(i.USBD_CtlSendData)
    USBD_CtlSendStatus                       0x08002179   Thumb Code    22  usbd_ioreq.o(i.USBD_CtlSendStatus)
    USBD_FS_ConfigStrDescriptor              0x08002191   Thumb Code    16  usbd_desc.o(i.USBD_FS_ConfigStrDescriptor)
    USBD_FS_DeviceDescriptor                 0x080021b1   Thumb Code     8  usbd_desc.o(i.USBD_FS_DeviceDescriptor)
    USBD_FS_InterfaceStrDescriptor           0x080021bd   Thumb Code    16  usbd_desc.o(i.USBD_FS_InterfaceStrDescriptor)
    USBD_FS_LangIDStrDescriptor              0x080021e1   Thumb Code     8  usbd_desc.o(i.USBD_FS_LangIDStrDescriptor)
    USBD_FS_ManufacturerStrDescriptor        0x080021ed   Thumb Code    16  usbd_desc.o(i.USBD_FS_ManufacturerStrDescriptor)
    USBD_FS_ProductStrDescriptor             0x08002215   Thumb Code    16  usbd_desc.o(i.USBD_FS_ProductStrDescriptor)
    USBD_FS_SerialStrDescriptor              0x08002249   Thumb Code    48  usbd_desc.o(i.USBD_FS_SerialStrDescriptor)
    USBD_GetString                           0x08002367   Thumb Code    72  usbd_ctlreq.o(i.USBD_GetString)
    USBD_Get_USB_Status                      0x080023af   Thumb Code    24  usbd_conf.o(i.USBD_Get_USB_Status)
    USBD_HID_SendReport                      0x0800246d   Thumb Code    44  usbd_hid.o(i.USBD_HID_SendReport)
    USBD_Init                                0x08002575   Thumb Code    38  usbd_core.o(i.USBD_Init)
    USBD_LL_ClearStallEP                     0x0800259b   Thumb Code    18  usbd_conf.o(i.USBD_LL_ClearStallEP)
    USBD_LL_CloseEP                          0x080025ad   Thumb Code    18  usbd_conf.o(i.USBD_LL_CloseEP)
    USBD_LL_DataInStage                      0x080025bf   Thumb Code   168  usbd_core.o(i.USBD_LL_DataInStage)
    USBD_LL_DataOutStage                     0x08002667   Thumb Code   108  usbd_core.o(i.USBD_LL_DataOutStage)
    USBD_LL_DevConnected                     0x080026d3   Thumb Code     4  usbd_core.o(i.USBD_LL_DevConnected)
    USBD_LL_DevDisconnected                  0x080026d7   Thumb Code    24  usbd_core.o(i.USBD_LL_DevDisconnected)
    USBD_LL_GetRxDataSize                    0x080026ef   Thumb Code     8  usbd_conf.o(i.USBD_LL_GetRxDataSize)
    USBD_LL_Init                             0x080026f9   Thumb Code   110  usbd_conf.o(i.USBD_LL_Init)
    USBD_LL_IsStallEP                        0x0800276d   Thumb Code    32  usbd_conf.o(i.USBD_LL_IsStallEP)
    USBD_LL_IsoINIncomplete                  0x0800278d   Thumb Code    32  usbd_core.o(i.USBD_LL_IsoINIncomplete)
    USBD_LL_IsoOUTIncomplete                 0x080027ad   Thumb Code    32  usbd_core.o(i.USBD_LL_IsoOUTIncomplete)
    USBD_LL_OpenEP                           0x080027cd   Thumb Code    24  usbd_conf.o(i.USBD_LL_OpenEP)
    USBD_LL_PrepareReceive                   0x080027e5   Thumb Code    18  usbd_conf.o(i.USBD_LL_PrepareReceive)
    USBD_LL_Reset                            0x080027f7   Thumb Code    90  usbd_core.o(i.USBD_LL_Reset)
    USBD_LL_Resume                           0x08002851   Thumb Code    20  usbd_core.o(i.USBD_LL_Resume)
    USBD_LL_SOF                              0x08002865   Thumb Code    32  usbd_core.o(i.USBD_LL_SOF)
    USBD_LL_SetSpeed                         0x08002885   Thumb Code     6  usbd_core.o(i.USBD_LL_SetSpeed)
    USBD_LL_SetUSBAddress                    0x0800288b   Thumb Code    18  usbd_conf.o(i.USBD_LL_SetUSBAddress)
    USBD_LL_SetupStage                       0x0800289d   Thumb Code    96  usbd_core.o(i.USBD_LL_SetupStage)
    USBD_LL_StallEP                          0x080028fd   Thumb Code    18  usbd_conf.o(i.USBD_LL_StallEP)
    USBD_LL_Start                            0x0800290f   Thumb Code    18  usbd_conf.o(i.USBD_LL_Start)
    USBD_LL_Suspend                          0x08002921   Thumb Code    18  usbd_core.o(i.USBD_LL_Suspend)
    USBD_LL_Transmit                         0x08002933   Thumb Code    18  usbd_conf.o(i.USBD_LL_Transmit)
    USBD_ParseSetupRequest                   0x08002945   Thumb Code    44  usbd_ctlreq.o(i.USBD_ParseSetupRequest)
    USBD_RegisterClass                       0x08002971   Thumb Code    36  usbd_core.o(i.USBD_RegisterClass)
    USBD_SetClassConfig                      0x08002995   Thumb Code    20  usbd_core.o(i.USBD_SetClassConfig)
    USBD_Start                               0x08002a65   Thumb Code     4  usbd_core.o(i.USBD_Start)
    USBD_StdDevReq                           0x08002a69   Thumb Code   276  usbd_ctlreq.o(i.USBD_StdDevReq)
    USBD_StdEPReq                            0x08002b7d   Thumb Code   320  usbd_ctlreq.o(i.USBD_StdEPReq)
    USBD_StdItfReq                           0x08002cbd   Thumb Code    82  usbd_ctlreq.o(i.USBD_StdItfReq)
    USBD_static_free                         0x08002d0f   Thumb Code     4  usbd_conf.o(i.USBD_static_free)
    USBD_static_malloc                       0x08002d13   Thumb Code     6  usbd_conf.o(i.USBD_static_malloc)
    USB_ActivateEndpoint                     0x08002d19   Thumb Code   122  stm32f4xx_ll_usb.o(i.USB_ActivateEndpoint)
    USB_ActivateSetup                        0x08002d99   Thumb Code    28  stm32f4xx_ll_usb.o(i.USB_ActivateSetup)
    USB_CoreInit                             0x08002db5   Thumb Code   112  stm32f4xx_ll_usb.o(i.USB_CoreInit)
    USB_DeactivateEndpoint                   0x08002e69   Thumb Code   194  stm32f4xx_ll_usb.o(i.USB_DeactivateEndpoint)
    USB_DevConnect                           0x08002f35   Thumb Code    28  stm32f4xx_ll_usb.o(i.USB_DevConnect)
    USB_DevDisconnect                        0x08002f51   Thumb Code    28  stm32f4xx_ll_usb.o(i.USB_DevDisconnect)
    USB_DevInit                              0x08002f6d   Thumb Code   362  stm32f4xx_ll_usb.o(i.USB_DevInit)
    USB_DisableGlobalInt                     0x080030e1   Thumb Code    12  stm32f4xx_ll_usb.o(i.USB_DisableGlobalInt)
    USB_EP0StartXfer                         0x080030ed   Thumb Code   276  stm32f4xx_ll_usb.o(i.USB_EP0StartXfer)
    USB_EP0_OutStart                         0x08003205   Thumb Code    84  stm32f4xx_ll_usb.o(i.USB_EP0_OutStart)
    USB_EPClearStall                         0x0800325d   Thumb Code    88  stm32f4xx_ll_usb.o(i.USB_EPClearStall)
    USB_EPSetStall                           0x080032b5   Thumb Code    88  stm32f4xx_ll_usb.o(i.USB_EPSetStall)
    USB_EPStartXfer                          0x0800330d   Thumb Code   482  stm32f4xx_ll_usb.o(i.USB_EPStartXfer)
    USB_EnableGlobalInt                      0x080034f5   Thumb Code    12  stm32f4xx_ll_usb.o(i.USB_EnableGlobalInt)
    USB_FlushRxFifo                          0x08003501   Thumb Code    36  stm32f4xx_ll_usb.o(i.USB_FlushRxFifo)
    USB_FlushTxFifo                          0x08003529   Thumb Code    40  stm32f4xx_ll_usb.o(i.USB_FlushTxFifo)
    USB_GetDevSpeed                          0x08003555   Thumb Code    26  stm32f4xx_ll_usb.o(i.USB_GetDevSpeed)
    USB_GetMode                              0x0800356f   Thumb Code     8  stm32f4xx_ll_usb.o(i.USB_GetMode)
    USB_ReadDevAllInEpInterrupt              0x08003577   Thumb Code    14  stm32f4xx_ll_usb.o(i.USB_ReadDevAllInEpInterrupt)
    USB_ReadDevAllOutEpInterrupt             0x08003585   Thumb Code    14  stm32f4xx_ll_usb.o(i.USB_ReadDevAllOutEpInterrupt)
    USB_ReadDevInEPInterrupt                 0x08003593   Thumb Code    36  stm32f4xx_ll_usb.o(i.USB_ReadDevInEPInterrupt)
    USB_ReadDevOutEPInterrupt                0x080035b7   Thumb Code    16  stm32f4xx_ll_usb.o(i.USB_ReadDevOutEPInterrupt)
    USB_ReadInterrupts                       0x080035c7   Thumb Code     8  stm32f4xx_ll_usb.o(i.USB_ReadInterrupts)
    USB_ReadPacket                           0x080035cf   Thumb Code    62  stm32f4xx_ll_usb.o(i.USB_ReadPacket)
    USB_SetCurrentMode                       0x0800360d   Thumb Code    92  stm32f4xx_ll_usb.o(i.USB_SetCurrentMode)
    USB_SetDevAddress                        0x08003669   Thumb Code    34  stm32f4xx_ll_usb.o(i.USB_SetDevAddress)
    USB_SetTurnaroundTime                    0x0800368d   Thumb Code   158  stm32f4xx_ll_usb.o(i.USB_SetTurnaroundTime)
    USB_WritePacket                          0x08003775   Thumb Code    40  stm32f4xx_ll_usb.o(i.USB_WritePacket)
    UsageFault_Handler                       0x0800379d   Thumb Code     2  stm32f4xx_it.o(i.UsageFault_Handler)
    main                                     0x080037c1   Thumb Code    66  main.o(i.main)
    _fp_init                                 0x08003809   Thumb Code    10  fpinit.o(x$fpl$fpinit)
    __fplib_config_fpu_vfp                   0x08003811   Thumb Code     0  fpinit.o(x$fpl$fpinit)
    __fplib_config_pureend_doubles           0x08003811   Thumb Code     0  fpinit.o(x$fpl$fpinit)
    AHBPrescTable                            0x08003812   Data          16  system_stm32f4xx.o(.constdata)
    Region$$Table$$Base                      0x08003824   Number         0  anon$$obj.o(Region$$Table)
    Region$$Table$$Limit                     0x08003844   Number         0  anon$$obj.o(Region$$Table)
    FS_Desc                                  0x20000000   Data          28  usbd_desc.o(.data)
    USBD_LangIDDesc                          0x2000001c   Data           4  usbd_desc.o(.data)
    USBD_FS_DeviceDesc                       0x20000020   Data          18  usbd_desc.o(.data)
    USBD_StringSerial                        0x20000034   Data          26  usbd_desc.o(.data)
    USBD_Interface_fops_FS                   0x20000050   Data          20  usbd_cdc_if.o(.data)
    USBD_Composite_CDC_HID                   0x20000064   Data          56  template.o(.data)
    pUSBD_HID_Handle                         0x2000009c   Data           4  template.o(.data)
    pUSBD_CDC_Handle                         0x200000a0   Data           4  template.o(.data)
    USBD_Composite_CfgFSDesc                 0x200000a4   Data         108  template.o(.data)
    uwTickFreq                               0x2000011c   Data           1  stm32f4xx_hal.o(.data)
    uwTickPrio                               0x20000120   Data           4  stm32f4xx_hal.o(.data)
    uwTick                                   0x20000124   Data           4  stm32f4xx_hal.o(.data)
    SystemCoreClock                          0x20000128   Data           4  system_stm32f4xx.o(.data)
    USBD_HID                                 0x20000130   Data          56  usbd_hid.o(.data)
    USBD_CDC                                 0x20000310   Data          56  usbd_cdc.o(.data)
    hUsbDeviceFS                             0x20000348   Data         720  usb_device.o(.bss)
    hpcd_USB_OTG_FS                          0x20000618   Data        1032  usbd_conf.o(.bss)
    USBD_StrDesc                             0x20000a20   Data         512  usbd_desc.o(.bss)
    UserRxBufferFS                           0x20000c20   Data        2048  usbd_cdc_if.o(.bss)
    UserTxBufferFS                           0x20001420   Data        2048  usbd_cdc_if.o(.bss)
    __libspace_start                         0x20001c20   Data          96  libspace.o(.bss)
    __temporary_stack_top$libspace           0x20001c80   Data           0  libspace.o(.bss)



==============================================================================

Memory Map of the image

  Image Entry point : 0x08000189

  Load Region LR_IROM1 (Base: 0x08000000, Size: 0x00003b8c, Max: 0x00100000, ABSOLUTE, COMPRESSED[0x00003a00])

    Execution Region ER_IROM1 (Exec base: 0x08000000, Load base: 0x08000000, Size: 0x00003844, Max: 0x00100000, ABSOLUTE)

    Exec Addr    Load Addr    Size         Type   Attr      Idx    E Section Name        Object

    0x08000000   0x08000000   0x00000188   Data   RO            3    RESET               startup_stm32f407xx.o
    0x08000188   0x08000188   0x00000008   Code   RO         3069  * !!!main             c_w.l(__main.o)
    0x08000190   0x08000190   0x00000034   Code   RO         3284    !!!scatter          c_w.l(__scatter.o)
    0x080001c4   0x080001c4   0x00000064   Code   RO         3282    !!dclz77c           c_w.l(__dclz77c.o)
    0x08000228   0x08000228   0x0000001c   Code   RO         3286    !!handler_zi        c_w.l(__scatter_zi.o)
    0x08000244   0x08000244   0x00000002   Code   RO         3219    .ARM.Collect$$libinit$$00000000  c_w.l(libinit.o)
    0x08000246   0x08000246   0x00000004   Code   RO         3105    .ARM.Collect$$libinit$$00000001  c_w.l(libinit2.o)
    0x0800024a   0x0800024a   0x00000000   Code   RO         3108    .ARM.Collect$$libinit$$00000004  c_w.l(libinit2.o)
    0x0800024a   0x0800024a   0x00000008   Code   RO         3109    .ARM.Collect$$libinit$$00000005  c_w.l(libinit2.o)
    0x08000252   0x08000252   0x00000000   Code   RO         3111    .ARM.Collect$$libinit$$0000000A  c_w.l(libinit2.o)
    0x08000252   0x08000252   0x00000000   Code   RO         3113    .ARM.Collect$$libinit$$0000000C  c_w.l(libinit2.o)
    0x08000252   0x08000252   0x00000000   Code   RO         3115    .ARM.Collect$$libinit$$0000000E  c_w.l(libinit2.o)
    0x08000252   0x08000252   0x00000000   Code   RO         3118    .ARM.Collect$$libinit$$00000011  c_w.l(libinit2.o)
    0x08000252   0x08000252   0x00000000   Code   RO         3120    .ARM.Collect$$libinit$$00000013  c_w.l(libinit2.o)
    0x08000252   0x08000252   0x00000000   Code   RO         3122    .ARM.Collect$$libinit$$00000015  c_w.l(libinit2.o)
    0x08000252   0x08000252   0x00000000   Code   RO         3124    .ARM.Collect$$libinit$$00000017  c_w.l(libinit2.o)
    0x08000252   0x08000252   0x00000000   Code   RO         3126    .ARM.Collect$$libinit$$00000019  c_w.l(libinit2.o)
    0x08000252   0x08000252   0x00000000   Code   RO         3128    .ARM.Collect$$libinit$$0000001B  c_w.l(libinit2.o)
    0x08000252   0x08000252   0x00000000   Code   RO         3130    .ARM.Collect$$libinit$$0000001D  c_w.l(libinit2.o)
    0x08000252   0x08000252   0x00000000   Code   RO         3132    .ARM.Collect$$libinit$$0000001F  c_w.l(libinit2.o)
    0x08000252   0x08000252   0x00000000   Code   RO         3134    .ARM.Collect$$libinit$$00000021  c_w.l(libinit2.o)
    0x08000252   0x08000252   0x00000000   Code   RO         3136    .ARM.Collect$$libinit$$00000023  c_w.l(libinit2.o)
    0x08000252   0x08000252   0x00000000   Code   RO         3138    .ARM.Collect$$libinit$$00000025  c_w.l(libinit2.o)
    0x08000252   0x08000252   0x00000000   Code   RO         3142    .ARM.Collect$$libinit$$0000002C  c_w.l(libinit2.o)
    0x08000252   0x08000252   0x00000000   Code   RO         3144    .ARM.Collect$$libinit$$0000002E  c_w.l(libinit2.o)
    0x08000252   0x08000252   0x00000000   Code   RO         3146    .ARM.Collect$$libinit$$00000030  c_w.l(libinit2.o)
    0x08000252   0x08000252   0x00000000   Code   RO         3148    .ARM.Collect$$libinit$$00000032  c_w.l(libinit2.o)
    0x08000252   0x08000252   0x00000002   Code   RO         3149    .ARM.Collect$$libinit$$00000033  c_w.l(libinit2.o)
    0x08000254   0x08000254   0x00000002   Code   RO         3279    .ARM.Collect$$libshutdown$$00000000  c_w.l(libshutdown.o)
    0x08000256   0x08000256   0x00000000   Code   RO         3235    .ARM.Collect$$libshutdown$$00000002  c_w.l(libshutdown2.o)
    0x08000256   0x08000256   0x00000000   Code   RO         3237    .ARM.Collect$$libshutdown$$00000004  c_w.l(libshutdown2.o)
    0x08000256   0x08000256   0x00000000   Code   RO         3239    .ARM.Collect$$libshutdown$$00000006  c_w.l(libshutdown2.o)
    0x08000256   0x08000256   0x00000000   Code   RO         3242    .ARM.Collect$$libshutdown$$00000009  c_w.l(libshutdown2.o)
    0x08000256   0x08000256   0x00000000   Code   RO         3245    .ARM.Collect$$libshutdown$$0000000C  c_w.l(libshutdown2.o)
    0x08000256   0x08000256   0x00000000   Code   RO         3247    .ARM.Collect$$libshutdown$$0000000E  c_w.l(libshutdown2.o)
    0x08000256   0x08000256   0x00000000   Code   RO         3250    .ARM.Collect$$libshutdown$$00000011  c_w.l(libshutdown2.o)
    0x08000256   0x08000256   0x00000002   Code   RO         3251    .ARM.Collect$$libshutdown$$00000012  c_w.l(libshutdown2.o)
    0x08000258   0x08000258   0x00000000   Code   RO         3073    .ARM.Collect$$rtentry$$00000000  c_w.l(__rtentry.o)
    0x08000258   0x08000258   0x00000000   Code   RO         3156    .ARM.Collect$$rtentry$$00000002  c_w.l(__rtentry2.o)
    0x08000258   0x08000258   0x00000006   Code   RO         3168    .ARM.Collect$$rtentry$$00000004  c_w.l(__rtentry4.o)
    0x0800025e   0x0800025e   0x00000000   Code   RO         3158    .ARM.Collect$$rtentry$$00000009  c_w.l(__rtentry2.o)
    0x0800025e   0x0800025e   0x00000004   Code   RO         3159    .ARM.Collect$$rtentry$$0000000A  c_w.l(__rtentry2.o)
    0x08000262   0x08000262   0x00000000   Code   RO         3161    .ARM.Collect$$rtentry$$0000000C  c_w.l(__rtentry2.o)
    0x08000262   0x08000262   0x00000008   Code   RO         3162    .ARM.Collect$$rtentry$$0000000D  c_w.l(__rtentry2.o)
    0x0800026a   0x0800026a   0x00000002   Code   RO         3222    .ARM.Collect$$rtexit$$00000000  c_w.l(rtexit.o)
    0x0800026c   0x0800026c   0x00000000   Code   RO         3255    .ARM.Collect$$rtexit$$00000002  c_w.l(rtexit2.o)
    0x0800026c   0x0800026c   0x00000004   Code   RO         3256    .ARM.Collect$$rtexit$$00000003  c_w.l(rtexit2.o)
    0x08000270   0x08000270   0x00000006   Code   RO         3257    .ARM.Collect$$rtexit$$00000004  c_w.l(rtexit2.o)
    0x08000276   0x08000276   0x00000002   PAD
    0x08000278   0x08000278   0x00000000   Code   RO         3174    .emb_text           c_w.l(maybetermalloc1.o)
    0x08000278   0x08000278   0x00000040   Code   RO            4    .text               startup_stm32f407xx.o
    0x080002b8   0x080002b8   0x0000005e   Code   RO         3003    .text               c_w.l(h1_alloc.o)
    0x08000316   0x08000316   0x0000004e   Code   RO         3005    .text               c_w.l(h1_free.o)
    0x08000364   0x08000364   0x000000ee   Code   RO         3061    .text               c_w.l(lludivv7m.o)
    0x08000452   0x08000452   0x00000064   Code   RO         3063    .text               c_w.l(rt_memcpy_w.o)
    0x080004b6   0x080004b6   0x0000004e   Code   RO         3065    .text               c_w.l(rt_memclr_w.o)
    0x08000504   0x08000504   0x00000006   Code   RO         3067    .text               c_w.l(heapauxi.o)
    0x0800050a   0x0800050a   0x00000002   PAD
    0x0800050c   0x0800050c   0x00000008   Code   RO         3081    .text               c_w.l(rt_heap_descriptor_intlibspace.o)
    0x08000514   0x08000514   0x00000004   Code   RO         3083    .text               c_w.l(hguard.o)
    0x08000518   0x08000518   0x0000008a   Code   RO         3085    .text               c_w.l(init_alloc.o)
    0x080005a2   0x080005a2   0x0000000e   Code   RO         3089    .text               c_w.l(h1_init.o)
    0x080005b0   0x080005b0   0x00000008   Code   RO         3152    .text               c_w.l(libspace.o)
    0x080005b8   0x080005b8   0x00000034   Code   RO         3176    .text               c_w.l(h1_extend.o)
    0x080005ec   0x080005ec   0x0000000e   Code   RO         3180    .text               c_w.l(defsig_rtmem_outer.o)
    0x080005fa   0x080005fa   0x00000002   Code   RO         3191    .text               c_w.l(use_no_semi.o)
    0x080005fc   0x080005fc   0x00000000   Code   RO         3193    .text               c_w.l(indicate_semi.o)
    0x080005fc   0x080005fc   0x0000004a   Code   RO         3194    .text               c_w.l(sys_stackheap_outer.o)
    0x08000646   0x08000646   0x00000012   Code   RO         3200    .text               c_w.l(exit.o)
    0x08000658   0x08000658   0x0000000a   Code   RO         3202    .text               c_w.l(defsig_exit.o)
    0x08000662   0x08000662   0x00000002   PAD
    0x08000664   0x08000664   0x00000050   Code   RO         3208    .text               c_w.l(defsig_rtmem_inner.o)
    0x080006b4   0x080006b4   0x0000000c   Code   RO         3220    .text               c_w.l(sys_exit.o)
    0x080006c0   0x080006c0   0x00000032   Code   RO         3230    .text               c_w.l(defsig_general.o)
    0x080006f2   0x080006f2   0x0000000e   Code   RO         3252    .text               c_w.l(sys_wrch.o)
    0x08000700   0x08000700   0x00000002   Code   RO          534    i.BusFault_Handler  stm32f4xx_it.o
    0x08000702   0x08000702   0x00000004   Code   RO          640    i.CDC_Control_FS    usbd_cdc_if.o
    0x08000706   0x08000706   0x00000004   Code   RO          641    i.CDC_DeInit_FS     usbd_cdc_if.o
    0x0800070a   0x0800070a   0x00000002   PAD
    0x0800070c   0x0800070c   0x00000024   Code   RO          642    i.CDC_Init_FS       usbd_cdc_if.o
    0x08000730   0x08000730   0x00000018   Code   RO          643    i.CDC_Receive_FS    usbd_cdc_if.o
    0x08000748   0x08000748   0x00000004   Code   RO          644    i.CDC_TransmitCplt_FS  usbd_cdc_if.o
    0x0800074c   0x0800074c   0x00000034   Code   RO          645    i.CDC_Transmit_FS   usbd_cdc_if.o
    0x08000780   0x08000780   0x00000002   Code   RO          535    i.DebugMon_Handler  stm32f4xx_it.o
    0x08000782   0x08000782   0x00000004   Code   RO           13    i.Error_Handler     main.o
    0x08000786   0x08000786   0x00000002   PAD
    0x08000788   0x08000788   0x00000024   Code   RO         2220    i.HAL_Delay         stm32f4xx_hal.o
    0x080007ac   0x080007ac   0x000001f0   Code   RO         1694    i.HAL_GPIO_Init     stm32f4xx_hal_gpio.o
    0x0800099c   0x0800099c   0x0000000c   Code   RO         2226    i.HAL_GetTick       stm32f4xx_hal.o
    0x080009a8   0x080009a8   0x00000010   Code   RO         2232    i.HAL_IncTick       stm32f4xx_hal.o
    0x080009b8   0x080009b8   0x00000034   Code   RO         2233    i.HAL_Init          stm32f4xx_hal.o
    0x080009ec   0x080009ec   0x00000040   Code   RO         2234    i.HAL_InitTick      stm32f4xx_hal.o
    0x08000a2c   0x08000a2c   0x00000030   Code   RO          616    i.HAL_MspInit       stm32f4xx_hal_msp.o
    0x08000a5c   0x08000a5c   0x0000001a   Code   RO         2083    i.HAL_NVIC_EnableIRQ  stm32f4xx_hal_cortex.o
    0x08000a76   0x08000a76   0x00000002   PAD
    0x08000a78   0x08000a78   0x00000040   Code   RO         2089    i.HAL_NVIC_SetPriority  stm32f4xx_hal_cortex.o
    0x08000ab8   0x08000ab8   0x00000024   Code   RO         2090    i.HAL_NVIC_SetPriorityGrouping  stm32f4xx_hal_cortex.o
    0x08000adc   0x08000adc   0x00000002   Code   RO         1001    i.HAL_PCDEx_LPM_Callback  stm32f4xx_hal_pcd_ex.o
    0x08000ade   0x08000ade   0x00000008   Code   RO         1002    i.HAL_PCDEx_SetRxFiFo  stm32f4xx_hal_pcd_ex.o
    0x08000ae6   0x08000ae6   0x00000044   Code   RO         1003    i.HAL_PCDEx_SetTxFiFo  stm32f4xx_hal_pcd_ex.o
    0x08000b2a   0x08000b2a   0x00000008   Code   RO          237    i.HAL_PCD_ConnectCallback  usbd_conf.o
    0x08000b32   0x08000b32   0x00000012   Code   RO          238    i.HAL_PCD_DataInStageCallback  usbd_conf.o
    0x08000b44   0x08000b44   0x00000014   Code   RO          239    i.HAL_PCD_DataOutStageCallback  usbd_conf.o
    0x08000b58   0x08000b58   0x00000008   Code   RO          240    i.HAL_PCD_DisconnectCallback  usbd_conf.o
    0x08000b60   0x08000b60   0x0000004c   Code   RO          783    i.HAL_PCD_EP_Close  stm32f4xx_hal_pcd.o
    0x08000bac   0x08000bac   0x0000005c   Code   RO          784    i.HAL_PCD_EP_ClrStall  stm32f4xx_hal_pcd.o
    0x08000c08   0x08000c08   0x00000012   Code   RO          786    i.HAL_PCD_EP_GetRxCount  stm32f4xx_hal_pcd.o
    0x08000c1a   0x08000c1a   0x00000060   Code   RO          787    i.HAL_PCD_EP_Open   stm32f4xx_hal_pcd.o
    0x08000c7a   0x08000c7a   0x00000048   Code   RO          788    i.HAL_PCD_EP_Receive  stm32f4xx_hal_pcd.o
    0x08000cc2   0x08000cc2   0x00000074   Code   RO          789    i.HAL_PCD_EP_SetStall  stm32f4xx_hal_pcd.o
    0x08000d36   0x08000d36   0x00000040   Code   RO          790    i.HAL_PCD_EP_Transmit  stm32f4xx_hal_pcd.o
    0x08000d76   0x08000d76   0x00000002   PAD
    0x08000d78   0x08000d78   0x00000434   Code   RO          792    i.HAL_PCD_IRQHandler  stm32f4xx_hal_pcd.o
    0x080011ac   0x080011ac   0x00000008   Code   RO          241    i.HAL_PCD_ISOINIncompleteCallback  usbd_conf.o
    0x080011b4   0x080011b4   0x00000008   Code   RO          242    i.HAL_PCD_ISOOUTIncompleteCallback  usbd_conf.o
    0x080011bc   0x080011bc   0x000000e2   Code   RO          795    i.HAL_PCD_Init      stm32f4xx_hal_pcd.o
    0x0800129e   0x0800129e   0x00000002   PAD
    0x080012a0   0x080012a0   0x00000084   Code   RO          244    i.HAL_PCD_MspInit   usbd_conf.o
    0x08001324   0x08001324   0x0000002c   Code   RO          245    i.HAL_PCD_ResetCallback  usbd_conf.o
    0x08001350   0x08001350   0x00000008   Code   RO          246    i.HAL_PCD_ResumeCallback  usbd_conf.o
    0x08001358   0x08001358   0x00000008   Code   RO          247    i.HAL_PCD_SOFCallback  usbd_conf.o
    0x08001360   0x08001360   0x00000028   Code   RO          801    i.HAL_PCD_SetAddress  stm32f4xx_hal_pcd.o
    0x08001388   0x08001388   0x0000000e   Code   RO          248    i.HAL_PCD_SetupStageCallback  usbd_conf.o
    0x08001396   0x08001396   0x00000042   Code   RO          803    i.HAL_PCD_Start     stm32f4xx_hal_pcd.o
    0x080013d8   0x080013d8   0x00000030   Code   RO          249    i.HAL_PCD_SuspendCallback  usbd_conf.o
    0x08001408   0x08001408   0x00000134   Code   RO         1340    i.HAL_RCC_ClockConfig  stm32f4xx_hal_rcc.o
    0x0800153c   0x0800153c   0x0000000c   Code   RO         1345    i.HAL_RCC_GetHCLKFreq  stm32f4xx_hal_rcc.o
    0x08001548   0x08001548   0x00000060   Code   RO         1349    i.HAL_RCC_GetSysClockFreq  stm32f4xx_hal_rcc.o
    0x080015a8   0x080015a8   0x0000036c   Code   RO         1352    i.HAL_RCC_OscConfig  stm32f4xx_hal_rcc.o
    0x08001914   0x08001914   0x00000028   Code   RO         2094    i.HAL_SYSTICK_Config  stm32f4xx_hal_cortex.o
    0x0800193c   0x0800193c   0x00000002   Code   RO          536    i.HardFault_Handler  stm32f4xx_it.o
    0x0800193e   0x0800193e   0x00000002   PAD
    0x08001940   0x08001940   0x00000038   Code   RO          448    i.IntToUnicode      usbd_desc.o
    0x08001978   0x08001978   0x0000002c   Code   RO          168    i.MX_GPIO_Init      gpio.o
    0x080019a4   0x080019a4   0x00000040   Code   RO          192    i.MX_USB_DEVICE_Init  usb_device.o
    0x080019e4   0x080019e4   0x00000002   Code   RO          537    i.MemManage_Handler  stm32f4xx_it.o
    0x080019e6   0x080019e6   0x00000002   Code   RO          538    i.NMI_Handler       stm32f4xx_it.o
    0x080019e8   0x080019e8   0x0000000c   Code   RO          539    i.OTG_FS_IRQHandler  stm32f4xx_it.o
    0x080019f4   0x080019f4   0x000000cc   Code   RO          807    i.PCD_EP_OutXfrComplete_int  stm32f4xx_hal_pcd.o
    0x08001ac0   0x08001ac0   0x000000a2   Code   RO          808    i.PCD_WriteEmptyTxFifo  stm32f4xx_hal_pcd.o
    0x08001b62   0x08001b62   0x00000002   Code   RO          540    i.PendSV_Handler    stm32f4xx_it.o
    0x08001b64   0x08001b64   0x00000002   Code   RO          541    i.SVC_Handler       stm32f4xx_it.o
    0x08001b66   0x08001b66   0x0000000a   Code   RO         2683    i.SWAPBYTE          usbd_ctlreq.o
    0x08001b70   0x08001b70   0x00000004   Code   RO          542    i.SysTick_Handler   stm32f4xx_it.o
    0x08001b74   0x08001b74   0x00000094   Code   RO           14    i.SystemClock_Config  main.o
    0x08001c08   0x08001c08   0x00000010   Code   RO         2508    i.SystemInit        system_stm32f4xx.o
    0x08001c18   0x08001c18   0x00000062   Code   RO         2894    i.USBD_CDC_DataIn   usbd_cdc.o
    0x08001c7a   0x08001c7a   0x0000002a   Code   RO         2895    i.USBD_CDC_DataOut  usbd_cdc.o
    0x08001ca4   0x08001ca4   0x00000048   Code   RO         2896    i.USBD_CDC_DeInit   usbd_cdc.o
    0x08001cec   0x08001cec   0x0000002e   Code   RO         2897    i.USBD_CDC_EP0_RxReady  usbd_cdc.o
    0x08001d1a   0x08001d1a   0x00000002   PAD
    0x08001d1c   0x08001d1c   0x0000000c   Code   RO         2898    i.USBD_CDC_GetDeviceQualifierDescriptor  usbd_cdc.o
    0x08001d28   0x08001d28   0x0000000c   Code   RO         2899    i.USBD_CDC_GetFSCfgDesc  usbd_cdc.o
    0x08001d34   0x08001d34   0x0000000c   Code   RO         2900    i.USBD_CDC_GetHSCfgDesc  usbd_cdc.o
    0x08001d40   0x08001d40   0x0000000c   Code   RO         2901    i.USBD_CDC_GetOtherSpeedCfgDesc  usbd_cdc.o
    0x08001d4c   0x08001d4c   0x000000a2   Code   RO         2902    i.USBD_CDC_Init     usbd_cdc.o
    0x08001dee   0x08001dee   0x00000028   Code   RO         2903    i.USBD_CDC_ReceivePacket  usbd_cdc.o
    0x08001e16   0x08001e16   0x0000000e   Code   RO         2904    i.USBD_CDC_RegisterInterface  usbd_cdc.o
    0x08001e24   0x08001e24   0x00000012   Code   RO         2905    i.USBD_CDC_SetRxBuffer  usbd_cdc.o
    0x08001e36   0x08001e36   0x00000016   Code   RO         2906    i.USBD_CDC_SetTxBuffer  usbd_cdc.o
    0x08001e4c   0x08001e4c   0x000000be   Code   RO         2907    i.USBD_CDC_Setup    usbd_cdc.o
    0x08001f0a   0x08001f0a   0x00000036   Code   RO         2908    i.USBD_CDC_TransmitPacket  usbd_cdc.o
    0x08001f40   0x08001f40   0x00000010   Code   RO         2545    i.USBD_ClrClassConfig  usbd_core.o
    0x08001f50   0x08001f50   0x0000003c   Code   RO          697    i.USBD_Composite_DataIn  template.o
    0x08001f8c   0x08001f8c   0x0000002c   Code   RO          698    i.USBD_Composite_DataOut  template.o
    0x08001fb8   0x08001fb8   0x00000034   Code   RO          699    i.USBD_Composite_DeInit  template.o
    0x08001fec   0x08001fec   0x00000018   Code   RO          700    i.USBD_Composite_EP0_RxReady  template.o
    0x08002004   0x08002004   0x0000000c   Code   RO          701    i.USBD_Composite_GetDeviceQualifierDescriptor  template.o
    0x08002010   0x08002010   0x0000000c   Code   RO          702    i.USBD_Composite_GetFSCfgDesc  template.o
    0x0800201c   0x0800201c   0x00000048   Code   RO          703    i.USBD_Composite_Init  template.o
    0x08002064   0x08002064   0x00000064   Code   RO          704    i.USBD_Composite_Setup  template.o
    0x080020c8   0x080020c8   0x00000018   Code   RO          705    i.USBD_Composite_Switch_CDC  template.o
    0x080020e0   0x080020e0   0x00000014   Code   RO          706    i.USBD_Composite_Switch_HID  template.o
    0x080020f4   0x080020f4   0x00000010   Code   RO         2756    i.USBD_CtlContinueRx  usbd_ioreq.o
    0x08002104   0x08002104   0x00000010   Code   RO         2757    i.USBD_CtlContinueSendData  usbd_ioreq.o
    0x08002114   0x08002114   0x00000016   Code   RO         2684    i.USBD_CtlError     usbd_ctlreq.o
    0x0800212a   0x0800212a   0x0000001e   Code   RO         2758    i.USBD_CtlPrepareRx  usbd_ioreq.o
    0x08002148   0x08002148   0x00000016   Code   RO         2759    i.USBD_CtlReceiveStatus  usbd_ioreq.o
    0x0800215e   0x0800215e   0x0000001a   Code   RO         2760    i.USBD_CtlSendData  usbd_ioreq.o
    0x08002178   0x08002178   0x00000016   Code   RO         2761    i.USBD_CtlSendStatus  usbd_ioreq.o
    0x0800218e   0x0800218e   0x00000002   PAD
    0x08002190   0x08002190   0x00000020   Code   RO          449    i.USBD_FS_ConfigStrDescriptor  usbd_desc.o
    0x080021b0   0x080021b0   0x0000000c   Code   RO          450    i.USBD_FS_DeviceDescriptor  usbd_desc.o
    0x080021bc   0x080021bc   0x00000024   Code   RO          451    i.USBD_FS_InterfaceStrDescriptor  usbd_desc.o
    0x080021e0   0x080021e0   0x0000000c   Code   RO          452    i.USBD_FS_LangIDStrDescriptor  usbd_desc.o
    0x080021ec   0x080021ec   0x00000028   Code   RO          453    i.USBD_FS_ManufacturerStrDescriptor  usbd_desc.o
    0x08002214   0x08002214   0x00000034   Code   RO          454    i.USBD_FS_ProductStrDescriptor  usbd_desc.o
    0x08002248   0x08002248   0x00000038   Code   RO          455    i.USBD_FS_SerialStrDescriptor  usbd_desc.o
    0x08002280   0x08002280   0x000000e6   Code   RO         2685    i.USBD_GetDescriptor  usbd_ctlreq.o
    0x08002366   0x08002366   0x00000048   Code   RO         2686    i.USBD_GetString    usbd_ctlreq.o
    0x080023ae   0x080023ae   0x00000018   Code   RO          250    i.USBD_Get_USB_Status  usbd_conf.o
    0x080023c6   0x080023c6   0x0000000c   Code   RO         2816    i.USBD_HID_DataIn   usbd_hid.o
    0x080023d2   0x080023d2   0x00000026   Code   RO         2817    i.USBD_HID_DeInit   usbd_hid.o
    0x080023f8   0x080023f8   0x0000000c   Code   RO         2818    i.USBD_HID_GetDeviceQualifierDesc  usbd_hid.o
    0x08002404   0x08002404   0x0000000c   Code   RO         2819    i.USBD_HID_GetFSCfgDesc  usbd_hid.o
    0x08002410   0x08002410   0x0000000c   Code   RO         2820    i.USBD_HID_GetHSCfgDesc  usbd_hid.o
    0x0800241c   0x0800241c   0x0000000c   Code   RO         2821    i.USBD_HID_GetOtherSpeedCfgDesc  usbd_hid.o
    0x08002428   0x08002428   0x00000044   Code   RO         2823    i.USBD_HID_Init     usbd_hid.o
    0x0800246c   0x0800246c   0x00000030   Code   RO         2824    i.USBD_HID_SendReport  usbd_hid.o
    0x0800249c   0x0800249c   0x000000d8   Code   RO         2825    i.USBD_HID_Setup    usbd_hid.o
    0x08002574   0x08002574   0x00000026   Code   RO         2547    i.USBD_Init         usbd_core.o
    0x0800259a   0x0800259a   0x00000012   Code   RO          251    i.USBD_LL_ClearStallEP  usbd_conf.o
    0x080025ac   0x080025ac   0x00000012   Code   RO          252    i.USBD_LL_CloseEP   usbd_conf.o
    0x080025be   0x080025be   0x000000a8   Code   RO         2548    i.USBD_LL_DataInStage  usbd_core.o
    0x08002666   0x08002666   0x0000006c   Code   RO         2549    i.USBD_LL_DataOutStage  usbd_core.o
    0x080026d2   0x080026d2   0x00000004   Code   RO         2550    i.USBD_LL_DevConnected  usbd_core.o
    0x080026d6   0x080026d6   0x00000018   Code   RO         2551    i.USBD_LL_DevDisconnected  usbd_core.o
    0x080026ee   0x080026ee   0x00000008   Code   RO          256    i.USBD_LL_GetRxDataSize  usbd_conf.o
    0x080026f6   0x080026f6   0x00000002   PAD
    0x080026f8   0x080026f8   0x00000074   Code   RO          257    i.USBD_LL_Init      usbd_conf.o
    0x0800276c   0x0800276c   0x00000020   Code   RO          258    i.USBD_LL_IsStallEP  usbd_conf.o
    0x0800278c   0x0800278c   0x00000020   Code   RO         2552    i.USBD_LL_IsoINIncomplete  usbd_core.o
    0x080027ac   0x080027ac   0x00000020   Code   RO         2553    i.USBD_LL_IsoOUTIncomplete  usbd_core.o
    0x080027cc   0x080027cc   0x00000018   Code   RO          259    i.USBD_LL_OpenEP    usbd_conf.o
    0x080027e4   0x080027e4   0x00000012   Code   RO          260    i.USBD_LL_PrepareReceive  usbd_conf.o
    0x080027f6   0x080027f6   0x0000005a   Code   RO         2554    i.USBD_LL_Reset     usbd_core.o
    0x08002850   0x08002850   0x00000014   Code   RO         2555    i.USBD_LL_Resume    usbd_core.o
    0x08002864   0x08002864   0x00000020   Code   RO         2556    i.USBD_LL_SOF       usbd_core.o
    0x08002884   0x08002884   0x00000006   Code   RO         2557    i.USBD_LL_SetSpeed  usbd_core.o
    0x0800288a   0x0800288a   0x00000012   Code   RO          261    i.USBD_LL_SetUSBAddress  usbd_conf.o
    0x0800289c   0x0800289c   0x00000060   Code   RO         2558    i.USBD_LL_SetupStage  usbd_core.o
    0x080028fc   0x080028fc   0x00000012   Code   RO          262    i.USBD_LL_StallEP   usbd_conf.o
    0x0800290e   0x0800290e   0x00000012   Code   RO          263    i.USBD_LL_Start     usbd_conf.o
    0x08002920   0x08002920   0x00000012   Code   RO         2559    i.USBD_LL_Suspend   usbd_core.o
    0x08002932   0x08002932   0x00000012   Code   RO          265    i.USBD_LL_Transmit  usbd_conf.o
    0x08002944   0x08002944   0x0000002c   Code   RO         2687    i.USBD_ParseSetupRequest  usbd_ctlreq.o
    0x08002970   0x08002970   0x00000024   Code   RO         2560    i.USBD_RegisterClass  usbd_core.o
    0x08002994   0x08002994   0x00000014   Code   RO         2562    i.USBD_SetClassConfig  usbd_core.o
    0x080029a8   0x080029a8   0x000000bc   Code   RO         2688    i.USBD_SetConfig    usbd_ctlreq.o
    0x08002a64   0x08002a64   0x00000004   Code   RO         2563    i.USBD_Start        usbd_core.o
    0x08002a68   0x08002a68   0x00000114   Code   RO         2689    i.USBD_StdDevReq    usbd_ctlreq.o
    0x08002b7c   0x08002b7c   0x00000140   Code   RO         2690    i.USBD_StdEPReq     usbd_ctlreq.o
    0x08002cbc   0x08002cbc   0x00000052   Code   RO         2691    i.USBD_StdItfReq    usbd_ctlreq.o
    0x08002d0e   0x08002d0e   0x00000004   Code   RO          266    i.USBD_static_free  usbd_conf.o
    0x08002d12   0x08002d12   0x00000006   Code   RO          267    i.USBD_static_malloc  usbd_conf.o
    0x08002d18   0x08002d18   0x00000080   Code   RO         1043    i.USB_ActivateEndpoint  stm32f4xx_ll_usb.o
    0x08002d98   0x08002d98   0x0000001c   Code   RO         1045    i.USB_ActivateSetup  stm32f4xx_ll_usb.o
    0x08002db4   0x08002db4   0x00000074   Code   RO         1047    i.USB_CoreInit      stm32f4xx_ll_usb.o
    0x08002e28   0x08002e28   0x00000040   Code   RO         1048    i.USB_CoreReset     stm32f4xx_ll_usb.o
    0x08002e68   0x08002e68   0x000000cc   Code   RO         1051    i.USB_DeactivateEndpoint  stm32f4xx_ll_usb.o
    0x08002f34   0x08002f34   0x0000001c   Code   RO         1052    i.USB_DevConnect    stm32f4xx_ll_usb.o
    0x08002f50   0x08002f50   0x0000001c   Code   RO         1053    i.USB_DevDisconnect  stm32f4xx_ll_usb.o
    0x08002f6c   0x08002f6c   0x00000174   Code   RO         1054    i.USB_DevInit       stm32f4xx_ll_usb.o
    0x080030e0   0x080030e0   0x0000000c   Code   RO         1055    i.USB_DisableGlobalInt  stm32f4xx_ll_usb.o
    0x080030ec   0x080030ec   0x00000118   Code   RO         1058    i.USB_EP0StartXfer  stm32f4xx_ll_usb.o
    0x08003204   0x08003204   0x00000058   Code   RO         1059    i.USB_EP0_OutStart  stm32f4xx_ll_usb.o
    0x0800325c   0x0800325c   0x00000058   Code   RO         1060    i.USB_EPClearStall  stm32f4xx_ll_usb.o
    0x080032b4   0x080032b4   0x00000058   Code   RO         1061    i.USB_EPSetStall    stm32f4xx_ll_usb.o
    0x0800330c   0x0800330c   0x000001e8   Code   RO         1062    i.USB_EPStartXfer   stm32f4xx_ll_usb.o
    0x080034f4   0x080034f4   0x0000000c   Code   RO         1063    i.USB_EnableGlobalInt  stm32f4xx_ll_usb.o
    0x08003500   0x08003500   0x00000028   Code   RO         1064    i.USB_FlushRxFifo   stm32f4xx_ll_usb.o
    0x08003528   0x08003528   0x0000002c   Code   RO         1065    i.USB_FlushTxFifo   stm32f4xx_ll_usb.o
    0x08003554   0x08003554   0x0000001a   Code   RO         1067    i.USB_GetDevSpeed   stm32f4xx_ll_usb.o
    0x0800356e   0x0800356e   0x00000008   Code   RO         1069    i.USB_GetMode       stm32f4xx_ll_usb.o
    0x08003576   0x08003576   0x0000000e   Code   RO         1076    i.USB_ReadDevAllInEpInterrupt  stm32f4xx_ll_usb.o
    0x08003584   0x08003584   0x0000000e   Code   RO         1077    i.USB_ReadDevAllOutEpInterrupt  stm32f4xx_ll_usb.o
    0x08003592   0x08003592   0x00000024   Code   RO         1078    i.USB_ReadDevInEPInterrupt  stm32f4xx_ll_usb.o
    0x080035b6   0x080035b6   0x00000010   Code   RO         1079    i.USB_ReadDevOutEPInterrupt  stm32f4xx_ll_usb.o
    0x080035c6   0x080035c6   0x00000008   Code   RO         1080    i.USB_ReadInterrupts  stm32f4xx_ll_usb.o
    0x080035ce   0x080035ce   0x0000003e   Code   RO         1081    i.USB_ReadPacket    stm32f4xx_ll_usb.o
    0x0800360c   0x0800360c   0x0000005c   Code   RO         1083    i.USB_SetCurrentMode  stm32f4xx_ll_usb.o
    0x08003668   0x08003668   0x00000022   Code   RO         1084    i.USB_SetDevAddress  stm32f4xx_ll_usb.o
    0x0800368a   0x0800368a   0x00000002   PAD
    0x0800368c   0x0800368c   0x000000e8   Code   RO         1086    i.USB_SetTurnaroundTime  stm32f4xx_ll_usb.o
    0x08003774   0x08003774   0x00000028   Code   RO         1089    i.USB_WritePacket   stm32f4xx_ll_usb.o
    0x0800379c   0x0800379c   0x00000002   Code   RO          543    i.UsageFault_Handler  stm32f4xx_it.o
    0x0800379e   0x0800379e   0x00000020   Code   RO         2096    i.__NVIC_SetPriority  stm32f4xx_hal_cortex.o
    0x080037be   0x080037be   0x00000002   PAD
    0x080037c0   0x080037c0   0x00000048   Code   RO           15    i.main              main.o
    0x08003808   0x08003808   0x0000000a   Code   RO         3189    x$fpl$fpinit        fz_wm.l(fpinit.o)
    0x08003812   0x08003812   0x00000010   Data   RO         2509    .constdata          system_stm32f4xx.o
    0x08003822   0x08003822   0x00000002   PAD
    0x08003824   0x08003824   0x00000020   Data   RO         3280    Region$$Table       anon$$obj.o


    Execution Region RW_IRAM2 (Exec base: 0x10000000, Load base: 0x08003a00, Size: 0x00000000, Max: 0x00010000, ABSOLUTE)

    **** No section assigned to this execution region ****


    Execution Region RW_IRAM1 (Exec base: 0x20000000, Load base: 0x08003844, Size: 0x00004080, Max: 0x00020000, ABSOLUTE, COMPRESSED[0x000001bc])

    Exec Addr    Load Addr    Size         Type   Attr      Idx    E Section Name        Object

    0x20000000   COMPRESSED   0x0000001c   Data   RW          457    .data               usbd_desc.o
    0x2000001c   COMPRESSED   0x00000032   Data   RW          458    .data               usbd_desc.o
    0x2000004e   COMPRESSED   0x00000002   PAD
    0x20000050   COMPRESSED   0x00000014   Data   RW          647    .data               usbd_cdc_if.o
    0x20000064   COMPRESSED   0x00000038   Data   RW          707    .data               template.o
    0x2000009c   COMPRESSED   0x0000007e   Data   RW          708    .data               template.o
    0x2000011a   COMPRESSED   0x00000002   PAD
    0x2000011c   COMPRESSED   0x0000000c   Data   RW         2240    .data               stm32f4xx_hal.o
    0x20000128   COMPRESSED   0x00000004   Data   RW         2511    .data               system_stm32f4xx.o
    0x2000012c   COMPRESSED   0x00000001   Data   RW         2692    .data               usbd_ctlreq.o
    0x2000012d   COMPRESSED   0x00000003   PAD
    0x20000130   COMPRESSED   0x00000038   Data   RW         2826    .data               usbd_hid.o
    0x20000168   COMPRESSED   0x000000ce   Data   RW         2827    .data               usbd_hid.o
    0x20000236   COMPRESSED   0x00000002   PAD
    0x20000238   COMPRESSED   0x000000d7   Data   RW         2909    .data               usbd_cdc.o
    0x2000030f   COMPRESSED   0x00000001   PAD
    0x20000310   COMPRESSED   0x00000038   Data   RW         2910    .data               usbd_cdc.o
    0x20000348        -       0x000002d0   Zero   RW          193    .bss                usb_device.o
    0x20000618        -       0x00000408   Zero   RW          268    .bss                usbd_conf.o
    0x20000a20        -       0x00000200   Zero   RW          456    .bss                usbd_desc.o
    0x20000c20        -       0x00001000   Zero   RW          646    .bss                usbd_cdc_if.o
    0x20001c20        -       0x00000060   Zero   RW         3153    .bss                c_w.l(libspace.o)
    0x20001c80        -       0x00002000   Zero   RW            2    HEAP                startup_stm32f407xx.o
    0x20003c80        -       0x00000400   Zero   RW            1    STACK               startup_stm32f407xx.o


==============================================================================

Image component sizes


      Code (inc. data)   RO Data    RW Data    ZI Data      Debug   Object Name

        44          6          0          0          0        763   gpio.o
       224         14          0          0          0     649601   main.o
        64         26        392          0       9216        840   startup_stm32f407xx.o
       180         28          0         12          0       9369   stm32f4xx_hal.o
       198         14          0          0          0      33923   stm32f4xx_hal_cortex.o
       496         46          0          0          0       1524   stm32f4xx_hal_gpio.o
        48          6          0          0          0        822   stm32f4xx_hal_msp.o
      2308         14          0          0          0      12701   stm32f4xx_hal_pcd.o
        78          0          0          0          0       2385   stm32f4xx_hal_pcd_ex.o
      1292         54          0          0          0       4510   stm32f4xx_hal_rcc.o
        32          6          0          0          0       4502   stm32f4xx_it.o
      2690        132          0          0          0      22978   stm32f4xx_ll_usb.o
        16          4         16          4          0       1095   system_stm32f4xx.o
       420         70          0        182          0       8427   template.o
        64         12          0          0        720       1763   usb_device.o
       806         16          0        271          0      13685   usbd_cdc.o
       124         26          0         20       4096       3781   usbd_cdc_if.o
       664         20          0          0       1032      17779   usbd_conf.o
       744          0          0          0          0      12557   usbd_core.o
      1244         30          0          1          0      14264   usbd_ctlreq.o
       296        112          0         78        512       5885   usbd_desc.o
       430         26          0        262          0       8188   usbd_hid.o
       132          0          0          0          0       4500   usbd_ioreq.o

    ----------------------------------------------------------------------
     12616        662        442        840      15576     835842   Object Totals
         0          0         32          0          0          0   (incl. Generated)
        22          0          2         10          0          0   (incl. Padding)

    ----------------------------------------------------------------------

      Code (inc. data)   RO Data    RW Data    ZI Data      Debug   Library Member Name

       100          0          0          0          0          0   __dclz77c.o
         8          0          0          0          0         68   __main.o
         0          0          0          0          0          0   __rtentry.o
        12          0          0          0          0          0   __rtentry2.o
         6          0          0          0          0          0   __rtentry4.o
        52          8          0          0          0          0   __scatter.o
        28          0          0          0          0          0   __scatter_zi.o
        10          0          0          0          0         68   defsig_exit.o
        50          0          0          0          0         88   defsig_general.o
        80         58          0          0          0         76   defsig_rtmem_inner.o
        14          0          0          0          0         80   defsig_rtmem_outer.o
        18          0          0          0          0         80   exit.o
        94          0          0          0          0         80   h1_alloc.o
        52          0          0          0          0         68   h1_extend.o
        78          0          0          0          0         80   h1_free.o
        14          0          0          0          0         84   h1_init.o
         6          0          0          0          0        152   heapauxi.o
         4          0          0          0          0        136   hguard.o
         0          0          0          0          0          0   indicate_semi.o
       138          0          0          0          0        168   init_alloc.o
         2          0          0          0          0          0   libinit.o
        14          0          0          0          0          0   libinit2.o
         2          0          0          0          0          0   libshutdown.o
         2          0          0          0          0          0   libshutdown2.o
         8          4          0          0         96         68   libspace.o
       238          0          0          0          0        100   lludivv7m.o
         0          0          0          0          0          0   maybetermalloc1.o
         8          4          0          0          0         68   rt_heap_descriptor_intlibspace.o
        78          0          0          0          0         80   rt_memclr_w.o
       100          0          0          0          0         80   rt_memcpy_w.o
         2          0          0          0          0          0   rtexit.o
        10          0          0          0          0          0   rtexit2.o
        12          4          0          0          0         68   sys_exit.o
        74          0          0          0          0         80   sys_stackheap_outer.o
        14          0          0          0          0         76   sys_wrch.o
         2          0          0          0          0         68   use_no_semi.o
        10          0          0          0          0        116   fpinit.o

    ----------------------------------------------------------------------
      1346         78          0          0         96       2032   Library Totals
         6          0          0          0          0          0   (incl. Padding)

    ----------------------------------------------------------------------

      Code (inc. data)   RO Data    RW Data    ZI Data      Debug   Library Name

      1330         78          0          0         96       1916   c_w.l
        10          0          0          0          0        116   fz_wm.l

    ----------------------------------------------------------------------
      1346         78          0          0         96       2032   Library Totals

    ----------------------------------------------------------------------

==============================================================================


      Code (inc. data)   RO Data    RW Data    ZI Data      Debug   

     13962        740        442        840      15672     819386   Grand Totals
     13962        740        442        444      15672     819386   ELF Image Totals (compressed)
     13962        740        442        444          0          0   ROM Totals

==============================================================================

    Total RO  Size (Code + RO Data)                14404 (  14.07kB)
    Total RW  Size (RW Data + ZI Data)             16512 (  16.13kB)
    Total ROM Size (Code + RO Data + RW Data)      14848 (  14.50kB)

==============================================================================

