Component: ARM Compiler 5.06 update 7 (build 960) Tool: armlink [4d3601]

==============================================================================

Section Cross References

    startup_stm32f407xx.o(RESET) refers to startup_stm32f407xx.o(STACK) for __initial_sp
    startup_stm32f407xx.o(RESET) refers to startup_stm32f407xx.o(.text) for Reset_Handler
    startup_stm32f407xx.o(RESET) refers to stm32f4xx_it.o(i.NMI_Handler) for NMI_Handler
    startup_stm32f407xx.o(RESET) refers to stm32f4xx_it.o(i.HardFault_Handler) for HardFault_Handler
    startup_stm32f407xx.o(RESET) refers to stm32f4xx_it.o(i.MemManage_Handler) for MemManage_Handler
    startup_stm32f407xx.o(RESET) refers to stm32f4xx_it.o(i.BusFault_Handler) for BusFault_Handler
    startup_stm32f407xx.o(RESET) refers to stm32f4xx_it.o(i.UsageFault_Handler) for UsageFault_Handler
    startup_stm32f407xx.o(RESET) refers to stm32f4xx_it.o(i.SVC_Handler) for SVC_Handler
    startup_stm32f407xx.o(RESET) refers to stm32f4xx_it.o(i.DebugMon_Handler) for DebugMon_Handler
    startup_stm32f407xx.o(RESET) refers to stm32f4xx_it.o(i.PendSV_Handler) for PendSV_Handler
    startup_stm32f407xx.o(RESET) refers to stm32f4xx_it.o(i.SysTick_Handler) for SysTick_Handler
    startup_stm32f407xx.o(RESET) refers to stm32f4xx_it.o(i.OTG_FS_IRQHandler) for OTG_FS_IRQHandler
    startup_stm32f407xx.o(.text) refers to system_stm32f4xx.o(i.SystemInit) for SystemInit
    startup_stm32f407xx.o(.text) refers to entry.o(.ARM.Collect$$$$00000000) for __main
    usbd_cdc_if.o(i.CDC_Init_FS) refers to usbd_cdc.o(i.USBD_CDC_SetTxBuffer) for USBD_CDC_SetTxBuffer
    usbd_cdc_if.o(i.CDC_Init_FS) refers to usbd_cdc.o(i.USBD_CDC_SetRxBuffer) for USBD_CDC_SetRxBuffer
    usbd_cdc_if.o(i.CDC_Init_FS) refers to usbd_cdc_if.o(.bss) for .bss
    usbd_cdc_if.o(i.CDC_Init_FS) refers to usb_device.o(.bss) for hUsbDeviceFS
    usbd_cdc_if.o(i.CDC_Receive_FS) refers to usbd_cdc.o(i.USBD_CDC_SetRxBuffer) for USBD_CDC_SetRxBuffer
    usbd_cdc_if.o(i.CDC_Receive_FS) refers to usbd_cdc.o(i.USBD_CDC_ReceivePacket) for USBD_CDC_ReceivePacket
    usbd_cdc_if.o(i.CDC_Receive_FS) refers to usb_device.o(.bss) for hUsbDeviceFS
    usbd_cdc_if.o(i.CDC_Transmit_FS) refers to usbd_cdc.o(i.USBD_CDC_SetTxBuffer) for USBD_CDC_SetTxBuffer
    usbd_cdc_if.o(i.CDC_Transmit_FS) refers to usbd_cdc.o(i.USBD_CDC_TransmitPacket) for USBD_CDC_TransmitPacket
    usbd_cdc_if.o(i.CDC_Transmit_FS) refers to template.o(.data) for pUSBD_CDC_Handle
    usbd_cdc_if.o(i.CDC_Transmit_FS) refers to usb_device.o(.bss) for hUsbDeviceFS
    usbd_cdc_if.o(.data) refers to usbd_cdc_if.o(i.CDC_Init_FS) for CDC_Init_FS
    usbd_cdc_if.o(.data) refers to usbd_cdc_if.o(i.CDC_DeInit_FS) for CDC_DeInit_FS
    usbd_cdc_if.o(.data) refers to usbd_cdc_if.o(i.CDC_Control_FS) for CDC_Control_FS
    usbd_cdc_if.o(.data) refers to usbd_cdc_if.o(i.CDC_Receive_FS) for CDC_Receive_FS
    usbd_cdc_if.o(.data) refers to usbd_cdc_if.o(i.CDC_TransmitCplt_FS) for CDC_TransmitCplt_FS
    template.o(i.USBD_Composite_DataIn) refers to template.o(i.USBD_Composite_Switch_HID) for USBD_Composite_Switch_HID
    template.o(i.USBD_Composite_DataIn) refers to template.o(i.USBD_Composite_Switch_CDC) for USBD_Composite_Switch_CDC
    template.o(i.USBD_Composite_DataIn) refers to usbd_hid.o(.data) for USBD_HID
    template.o(i.USBD_Composite_DataIn) refers to usbd_cdc.o(.data) for USBD_CDC
    template.o(i.USBD_Composite_DataOut) refers to template.o(i.USBD_Composite_Switch_CDC) for USBD_Composite_Switch_CDC
    template.o(i.USBD_Composite_DataOut) refers to usbd_cdc.o(.data) for USBD_CDC
    template.o(i.USBD_Composite_DeInit) refers to template.o(i.USBD_Composite_Switch_CDC) for USBD_Composite_Switch_CDC
    template.o(i.USBD_Composite_DeInit) refers to template.o(i.USBD_Composite_Switch_HID) for USBD_Composite_Switch_HID
    template.o(i.USBD_Composite_DeInit) refers to printf8.o(i.__0printf$8) for __2printf
    template.o(i.USBD_Composite_DeInit) refers to usbd_cdc.o(.data) for USBD_CDC
    template.o(i.USBD_Composite_DeInit) refers to usbd_hid.o(.data) for USBD_HID
    template.o(i.USBD_Composite_EP0_RxReady) refers to printf8.o(i.__0printf$8) for __2printf
    template.o(i.USBD_Composite_EP0_RxReady) refers to template.o(i.USBD_Composite_Switch_CDC) for USBD_Composite_Switch_CDC
    template.o(i.USBD_Composite_EP0_RxReady) refers to usbd_cdc.o(.data) for USBD_CDC
    template.o(i.USBD_Composite_GetDeviceQualifierDescriptor) refers to printf8.o(i.__0printf$8) for __2printf
    template.o(i.USBD_Composite_GetDeviceQualifierDescriptor) refers to template.o(.data) for .data
    template.o(i.USBD_Composite_GetFSCfgDesc) refers to printf8.o(i.__0printf$8) for __2printf
    template.o(i.USBD_Composite_GetFSCfgDesc) refers to template.o(.data) for .data
    template.o(i.USBD_Composite_Init) refers to usbd_cdc.o(i.USBD_CDC_RegisterInterface) for USBD_CDC_RegisterInterface
    template.o(i.USBD_Composite_Init) refers to printf8.o(i.__0printf$8) for __2printf
[...]
    i.HAL_SYSTICK_Config                     0x08001544   Section        0  stm32f4xx_hal_cortex.o(i.HAL_SYSTICK_Config)
    i.HAL_UART_Init                          0x0800156c   Section        0  stm32f4xx_hal_uart.o(i.HAL_UART_Init)
    i.HAL_UART_MspInit                       0x080015d0   Section        0  usart.o(i.HAL_UART_MspInit)
    i.HAL_UART_Transmit                      0x0800163c   Section        0  stm32f4xx_hal_uart.o(i.HAL_UART_Transmit)
    i.HardFault_Handler                      0x080016ee   Section        0  stm32f4xx_it.o(i.HardFault_Handler)
    i.IntToUnicode                           0x080016f0   Section        0  usbd_desc.o(i.IntToUnicode)
    IntToUnicode                             0x080016f1   Thumb Code    56  usbd_desc.o(i.IntToUnicode)
    i.MX_GPIO_Init                           0x08001728   Section        0  gpio.o(i.MX_GPIO_Init)
    i.MX_USART1_UART_Init                    0x08001754   Section        0  usart.o(i.MX_USART1_UART_Init)
    i.MX_USB_DEVICE_Init                     0x0800178c   Section        0  usb_device.o(i.MX_USB_DEVICE_Init)
    i.MemManage_Handler                      0x08001824   Section        0  stm32f4xx_it.o(i.MemManage_Handler)
    i.NMI_Handler                            0x08001826   Section        0  stm32f4xx_it.o(i.NMI_Handler)
    i.OTG_FS_IRQHandler                      0x08001828   Section        0  stm32f4xx_it.o(i.OTG_FS_IRQHandler)
    i.PCD_EP_OutXfrComplete_int              0x08001834   Section        0  stm32f4xx_hal_pcd.o(i.PCD_EP_OutXfrComplete_int)
    PCD_EP_OutXfrComplete_int                0x08001835   Thumb Code   196  stm32f4xx_hal_pcd.o(i.PCD_EP_OutXfrComplete_int)
    i.PCD_WriteEmptyTxFifo                   0x08001900   Section        0  stm32f4xx_hal_pcd.o(i.PCD_WriteEmptyTxFifo)
    PCD_WriteEmptyTxFifo                     0x08001901   Thumb Code   162  stm32f4xx_hal_pcd.o(i.PCD_WriteEmptyTxFifo)
    i.PendSV_Handler                         0x080019a2   Section        0  stm32f4xx_it.o(i.PendSV_Handler)
    i.SVC_Handler                            0x080019a4   Section        0  stm32f4xx_it.o(i.SVC_Handler)
    i.SWAPBYTE                               0x080019a6   Section        0  usbd_ctlreq.o(i.SWAPBYTE)
    SWAPBYTE                                 0x080019a7   Thumb Code    10  usbd_ctlreq.o(i.SWAPBYTE)
    i.SysTick_Handler                        0x080019b0   Section        0  stm32f4xx_it.o(i.SysTick_Handler)
    i.SystemClock_Config                     0x080019b4   Section        0  main.o(i.SystemClock_Config)
    i.SystemInit                             0x08001a48   Section        0  system_stm32f4xx.o(i.SystemInit)
    i.UART_SetConfig                         0x08001a58   Section        0  stm32f4xx_hal_uart.o(i.UART_SetConfig)
    UART_SetConfig                           0x08001a59   Thumb Code   258  stm32f4xx_hal_uart.o(i.UART_SetConfig)
    i.UART_WaitOnFlagUntilTimeout            0x08001b64   Section        0  stm32f4xx_hal_uart.o(i.UART_WaitOnFlagUntilTimeout)
    UART_WaitOnFlagUntilTimeout              0x08001b65   Thumb Code   120  stm32f4xx_hal_uart.o(i.UART_WaitOnFlagUntilTimeout)
    i.USBD_CDC_DataIn                        0x08001bdc   Section        0  usbd_cdc.o(i.USBD_CDC_DataIn)
    USBD_CDC_DataIn                          0x08001bdd   Thumb Code    98  usbd_cdc.o(i.USBD_CDC_DataIn)
    i.USBD_CDC_DataOut                       0x08001c3e   Section        0  usbd_cdc.o(i.USBD_CDC_DataOut)
    USBD_CDC_DataOut                         0x08001c3f   Thumb Code    42  usbd_cdc.o(i.USBD_CDC_DataOut)
    i.USBD_CDC_DeInit                        0x08001c68   Section        0  usbd_cdc.o(i.USBD_CDC_DeInit)
    USBD_CDC_DeInit                          0x08001c69   Thumb Code    72  usbd_cdc.o(i.USBD_CDC_DeInit)
    i.USBD_CDC_EP0_RxReady                   0x08001cb0   Section        0  usbd_cdc.o(i.USBD_CDC_EP0_RxReady)
    USBD_CDC_EP0_RxReady                     0x08001cb1   Thumb Code    46  usbd_cdc.o(i.USBD_CDC_EP0_RxReady)
    i.USBD_CDC_GetDeviceQualifierDescriptor  0x08001ce0   Section        0  usbd_cdc.o(i.USBD_CDC_GetDeviceQualifierDescriptor)
    i.USBD_CDC_GetFSCfgDesc                  0x08001cec   Section        0  usbd_cdc.o(i.USBD_CDC_GetFSCfgDesc)
    USBD_CDC_GetFSCfgDesc                    0x08001ced   Thumb Code     8  usbd_cdc.o(i.USBD_CDC_GetFSCfgDesc)
    i.USBD_CDC_GetHSCfgDesc                  0x08001cf8   Section        0  usbd_cdc.o(i.USBD_CDC_GetHSCfgDesc)
    USBD_CDC_GetHSCfgDesc                    0x08001cf9   Thumb Code     8  usbd_cdc.o(i.USBD_CDC_GetHSCfgDesc)
    i.USBD_CDC_GetOtherSpeedCfgDesc          0x08001d04   Section        0  usbd_cdc.o(i.USBD_CDC_GetOtherSpeedCfgDesc)
    USBD_CDC_GetOtherSpeedCfgDesc            0x08001d05   Thumb Code     8  usbd_cdc.o(i.USBD_CDC_GetOtherSpeedCfgDesc)
    i.USBD_CDC_Init                          0x08001d10   Section        0  usbd_cdc.o(i.USBD_CDC_Init)
    USBD_CDC_Init                            0x08001d11   Thumb Code   162  usbd_cdc.o(i.USBD_CDC_Init)
    i.USBD_CDC_ReceivePacket                 0x08001db2   Section        0  usbd_cdc.o(i.USBD_CDC_ReceivePacket)
    i.USBD_CDC_RegisterInterface             0x08001dda   Section        0  usbd_cdc.o(i.USBD_CDC_RegisterInterface)
    i.USBD_CDC_SetRxBuffer                   0x08001de8   Section        0  usbd_cdc.o(i.USBD_CDC_SetRxBuffer)
    i.USBD_CDC_SetTxBuffer                   0x08001dfa   Section        0  usbd_cdc.o(i.USBD_CDC_SetTxBuffer)
    i.USBD_CDC_Setup                         0x08001e10   Section        0  usbd_cdc.o(i.USBD_CDC_Setup)
    USBD_CDC_Setup                           0x08001e11   Thumb Code   190  usbd_cdc.o(i.USBD_CDC_Setup)
    i.USBD_ClrClassConfig                    0x08001ece   Section        0  usbd_core.o(i.USBD_ClrClassConfig)
    i.USBD_Composite_DataIn                  0x08001ee0   Section        0  template.o(i.USBD_Composite_DataIn)
    USBD_Composite_DataIn                    0x08001ee1   Thumb Code    52  template.o(i.USBD_Composite_DataIn)
    i.USBD_Composite_DataOut                 0x08001f1c   Section        0  template.o(i.USBD_Composite_DataOut)
    USBD_Composite_DataOut                   0x08001f1d   Thumb Code    38  template.o(i.USBD_Composite_DataOut)
    i.USBD_Composite_DeInit                  0x08001f48   Section        0  template.o(i.USBD_Composite_DeInit)
    USBD_Composite_DeInit                    0x08001f49   Thumb Code    72  template.o(i.USBD_Composite_DeInit)
    i.USBD_Composite_EP0_RxReady             0x08001fe8   Section        0  template.o(i.USBD_Composite_EP0_RxReady)
    USBD_Composite_EP0_RxReady               0x08001fe9   Thumb Code    40  template.o(i.USBD_Composite_EP0_RxReady)
    i.USBD_Composite_GetDeviceQualifierDescriptor 0x08002050   Section        0  template.o(i.USBD_Composite_GetDeviceQualifierDescriptor)
    USBD_Composite_GetDeviceQualifierDescriptor 0x08002051   Thumb Code    30  template.o(i.USBD_Composite_GetDeviceQualifierDescriptor)
    i.USBD_Composite_GetFSCfgDesc            0x080020c0   Section        0  template.o(i.USBD_Composite_GetFSCfgDesc)
    USBD_Composite_GetFSCfgDesc              0x080020c1   Thumb Code    30  template.o(i.USBD_Composite_GetFSCfgDesc)
    i.USBD_Composite_Init                    0x08002120   Section        0  template.o(i.USBD_Composite_Init)
    USBD_Composite_Init                      0x08002121   Thumb Code   128  template.o(i.USBD_Composite_Init)
    i.USBD_Composite_Setup                   0x08002240   Section        0  template.o(i.USBD_Composite_Setup)
    USBD_Composite_Setup                     0x08002241   Thumb Code   198  template.o(i.USBD_Composite_Setup)
    i.USBD_Composite_Switch_CDC              0x08002470   Section        0  template.o(i.USBD_Composite_Switch_CDC)
    USBD_Composite_Switch_CDC                0x08002471   Thumb Code    16  template.o(i.USBD_Composite_Switch_CDC)
    i.USBD_Composite_Switch_HID              0x08002488   Section        0  template.o(i.USBD_Composite_Switch_HID)
    USBD_Composite_Switch_HID                0x08002489   Thumb Code    16  template.o(i.USBD_Composite_Switch_HID)
    i.USBD_CtlContinueRx                     0x0800249c   Section        0  usbd_ioreq.o(i.USBD_CtlContinueRx)
    i.USBD_CtlContinueSendData               0x080024ac   Section        0  usbd_ioreq.o(i.USBD_CtlContinueSendData)
    i.USBD_CtlError                          0x080024bc   Section        0  usbd_ctlreq.o(i.USBD_CtlError)
    i.USBD_CtlPrepareRx                      0x08002514   Section        0  usbd_ioreq.o(i.USBD_CtlPrepareRx)
    i.USBD_CtlReceiveStatus                  0x08002532   Section        0  usbd_ioreq.o(i.USBD_CtlReceiveStatus)
    i.USBD_CtlSendData                       0x08002548   Section        0  usbd_ioreq.o(i.USBD_CtlSendData)
    i.USBD_CtlSendStatus                     0x08002562   Section        0  usbd_ioreq.o(i.USBD_CtlSendStatus)
    i.USBD_FS_ConfigStrDescriptor            0x08002578   Section        0  usbd_desc.o(i.USBD_FS_ConfigStrDescriptor)
    i.USBD_FS_DeviceDescriptor               0x08002598   Section        0  usbd_desc.o(i.USBD_FS_DeviceDescriptor)
    i.USBD_FS_InterfaceStrDescriptor         0x080025e8   Section        0  usbd_desc.o(i.USBD_FS_InterfaceStrDescriptor)
    i.USBD_FS_LangIDStrDescriptor            0x0800260c   Section        0  usbd_desc.o(i.USBD_FS_LangIDStrDescriptor)
    i.USBD_FS_ManufacturerStrDescriptor      0x0800265c   Section        0  usbd_desc.o(i.USBD_FS_ManufacturerStrDescriptor)
    i.USBD_FS_ProductStrDescriptor           0x080026dc   Section        0  usbd_desc.o(i.USBD_FS_ProductStrDescriptor)
    i.USBD_FS_SerialStrDescriptor            0x08002758   Section        0  usbd_desc.o(i.USBD_FS_SerialStrDescriptor)
    i.USBD_GetDescriptor                     0x08002790   Section        0  usbd_ctlreq.o(i.USBD_GetDescriptor)
    USBD_GetDescriptor                       0x08002791   Thumb Code   250  usbd_ctlreq.o(i.USBD_GetDescriptor)
    i.USBD_GetString                         0x080028c4   Section        0  usbd_ctlreq.o(i.USBD_GetString)
    i.USBD_Get_USB_Status                    0x0800290c   Section        0  usbd_conf.o(i.USBD_Get_USB_Status)
    i.USBD_HID_DataIn                        0x08002924   Section        0  usbd_hid.o(i.USBD_HID_DataIn)
    USBD_HID_DataIn                          0x08002925   Thumb Code    12  usbd_hid.o(i.USBD_HID_DataIn)
    i.USBD_HID_DeInit                        0x08002930   Section        0  usbd_hid.o(i.USBD_HID_DeInit)
    USBD_HID_DeInit                          0x08002931   Thumb Code    38  usbd_hid.o(i.USBD_HID_DeInit)
    i.USBD_HID_GetDeviceQualifierDesc        0x08002958   Section        0  usbd_hid.o(i.USBD_HID_GetDeviceQualifierDesc)
    USBD_HID_GetDeviceQualifierDesc          0x08002959   Thumb Code     8  usbd_hid.o(i.USBD_HID_GetDeviceQualifierDesc)
    i.USBD_HID_GetFSCfgDesc                  0x08002964   Section        0  usbd_hid.o(i.USBD_HID_GetFSCfgDesc)
    USBD_HID_GetFSCfgDesc                    0x08002965   Thumb Code     8  usbd_hid.o(i.USBD_HID_GetFSCfgDesc)
    i.USBD_HID_GetHSCfgDesc                  0x08002970   Section        0  usbd_hid.o(i.USBD_HID_GetHSCfgDesc)
    USBD_HID_GetHSCfgDesc                    0x08002971   Thumb Code     8  usbd_hid.o(i.USBD_HID_GetHSCfgDesc)
    i.USBD_HID_GetOtherSpeedCfgDesc          0x0800297c   Section        0  usbd_hid.o(i.USBD_HID_GetOtherSpeedCfgDesc)
    USBD_HID_GetOtherSpeedCfgDesc            0x0800297d   Thumb Code     8  usbd_hid.o(i.USBD_HID_GetOtherSpeedCfgDesc)
    i.USBD_HID_Init                          0x08002988   Section        0  usbd_hid.o(i.USBD_HID_Init)
    USBD_HID_Init                            0x08002989   Thumb Code    68  usbd_hid.o(i.USBD_HID_Init)
    i.USBD_HID_Setup                         0x080029cc   Section        0  usbd_hid.o(i.USBD_HID_Setup)
    USBD_HID_Setup                           0x080029cd   Thumb Code   234  usbd_hid.o(i.USBD_HID_Setup)
    i.USBD_Init                              0x08002af8   Section        0  usbd_core.o(i.USBD_Init)
    i.USBD_LL_ClearStallEP                   0x08002b60   Section        0  usbd_conf.o(i.USBD_LL_ClearStallEP)
    i.USBD_LL_CloseEP                        0x08002b72   Section        0  usbd_conf.o(i.USBD_LL_CloseEP)
    i.USBD_LL_DataInStage                    0x08002b84   Section        0  usbd_core.o(i.USBD_LL_DataInStage)
    i.USBD_LL_DataOutStage                   0x08002c2c   Section        0  usbd_core.o(i.USBD_LL_DataOutStage)
    i.USBD_LL_DevConnected                   0x08002c98   Section        0  usbd_core.o(i.USBD_LL_DevConnected)
    i.USBD_LL_DevDisconnected                0x08002c9c   Section        0  usbd_core.o(i.USBD_LL_DevDisconnected)
    i.USBD_LL_GetRxDataSize                  0x08002cb4   Section        0  usbd_conf.o(i.USBD_LL_GetRxDataSize)
    i.USBD_LL_Init                           0x08002cbc   Section        0  usbd_conf.o(i.USBD_LL_Init)
    i.USBD_LL_IsStallEP                      0x08002d30   Section        0  usbd_conf.o(i.USBD_LL_IsStallEP)
    i.USBD_LL_IsoINIncomplete                0x08002d50   Section        0  usbd_core.o(i.USBD_LL_IsoINIncomplete)
    i.USBD_LL_IsoOUTIncomplete               0x08002d70   Section        0  usbd_core.o(i.USBD_LL_IsoOUTIncomplete)
    i.USBD_LL_OpenEP                         0x08002d90   Section        0  usbd_conf.o(i.USBD_LL_OpenEP)
    i.USBD_LL_PrepareReceive                 0x08002da8   Section        0  usbd_conf.o(i.USBD_LL_PrepareReceive)
    i.USBD_LL_Reset                          0x08002dba   Section        0  usbd_core.o(i.USBD_LL_Reset)
    i.USBD_LL_Resume                         0x08002e14   Section        0  usbd_core.o(i.USBD_LL_Resume)
    i.USBD_LL_SOF                            0x08002e28   Section        0  usbd_core.o(i.USBD_LL_SOF)
    i.USBD_LL_SetSpeed                       0x08002e48   Section        0  usbd_core.o(i.USBD_LL_SetSpeed)
    i.USBD_LL_SetUSBAddress                  0x08002e4e   Section        0  usbd_conf.o(i.USBD_LL_SetUSBAddress)
    i.USBD_LL_SetupStage                     0x08002e60   Section        0  usbd_core.o(i.USBD_LL_SetupStage)
    i.USBD_LL_StallEP                        0x08002ec0   Section        0  usbd_conf.o(i.USBD_LL_StallEP)
    i.USBD_LL_Start                          0x08002ed2   Section        0  usbd_conf.o(i.USBD_LL_Start)
    i.USBD_LL_Suspend                        0x08002ee4   Section        0  usbd_core.o(i.USBD_LL_Suspend)
    i.USBD_LL_Transmit                       0x08002ef6   Section        0  usbd_conf.o(i.USBD_LL_Transmit)
    i.USBD_ParseSetupRequest                 0x08002f08   Section        0  usbd_ctlreq.o(i.USBD_ParseSetupRequest)
    i.USBD_RegisterClass                     0x08002f34   Section        0  usbd_core.o(i.USBD_RegisterClass)
    i.USBD_SetClassConfig                    0x08002f94   Section        0  usbd_core.o(i.USBD_SetClassConfig)
    i.USBD_SetConfig                         0x08002fa8   Section        0  usbd_ctlreq.o(i.USBD_SetConfig)
    USBD_SetConfig                           0x08002fa9   Thumb Code   182  usbd_ctlreq.o(i.USBD_SetConfig)
    i.USBD_Start                             0x08003064   Section        0  usbd_core.o(i.USBD_Start)
    i.USBD_StdDevReq                         0x08003068   Section        0  usbd_ctlreq.o(i.USBD_StdDevReq)
    i.USBD_StdEPReq                          0x0800317c   Section        0  usbd_ctlreq.o(i.USBD_StdEPReq)
    i.USBD_StdItfReq                         0x080032bc   Section        0  usbd_ctlreq.o(i.USBD_StdItfReq)
    i.USBD_static_free                       0x0800330e   Section        0  usbd_conf.o(i.USBD_static_free)
    i.USBD_static_malloc                     0x08003314   Section        0  usbd_conf.o(i.USBD_static_malloc)
    i.USB_ActivateEndpoint                   0x08003370   Section        0  stm32f4xx_ll_usb.o(i.USB_ActivateEndpoint)
    i.USB_ActivateSetup                      0x080033f0   Section        0  stm32f4xx_ll_usb.o(i.USB_ActivateSetup)
    i.USB_CoreInit                           0x0800340c   Section        0  stm32f4xx_ll_usb.o(i.USB_CoreInit)
    i.USB_CoreReset                          0x08003480   Section        0  stm32f4xx_ll_usb.o(i.USB_CoreReset)
    USB_CoreReset                            0x08003481   Thumb Code    58  stm32f4xx_ll_usb.o(i.USB_CoreReset)
    i.USB_DeactivateEndpoint                 0x080034c0   Section        0  stm32f4xx_ll_usb.o(i.USB_DeactivateEndpoint)
    i.USB_DevConnect                         0x0800358c   Section        0  stm32f4xx_ll_usb.o(i.USB_DevConnect)
    i.USB_DevDisconnect                      0x080035a8   Section        0  stm32f4xx_ll_usb.o(i.USB_DevDisconnect)
    i.USB_DevInit                            0x080035c4   Section        0  stm32f4xx_ll_usb.o(i.USB_DevInit)
    i.USB_DisableGlobalInt                   0x08003738   Section        0  stm32f4xx_ll_usb.o(i.USB_DisableGlobalInt)
    i.USB_EP0StartXfer                       0x08003744   Section        0  stm32f4xx_ll_usb.o(i.USB_EP0StartXfer)
    i.USB_EP0_OutStart                       0x0800385c   Section        0  stm32f4xx_ll_usb.o(i.USB_EP0_OutStart)
    i.USB_EPClearStall                       0x080038b4   Section        0  stm32f4xx_ll_usb.o(i.USB_EPClearStall)
    i.USB_EPSetStall                         0x0800390c   Section        0  stm32f4xx_ll_usb.o(i.USB_EPSetStall)
    i.USB_EPStartXfer                        0x08003964   Section        0  stm32f4xx_ll_usb.o(i.USB_EPStartXfer)
    i.USB_EnableGlobalInt                    0x08003b4c   Section        0  stm32f4xx_ll_usb.o(i.USB_EnableGlobalInt)
    i.USB_FlushRxFifo                        0x08003b58   Section        0  stm32f4xx_ll_usb.o(i.USB_FlushRxFifo)
    i.USB_FlushTxFifo                        0x08003b80   Section        0  stm32f4xx_ll_usb.o(i.USB_FlushTxFifo)
    i.USB_GetDevSpeed                        0x08003bac   Section        0  stm32f4xx_ll_usb.o(i.USB_GetDevSpeed)
    i.USB_GetMode                            0x08003bc6   Section        0  stm32f4xx_ll_usb.o(i.USB_GetMode)
    i.USB_ReadDevAllInEpInterrupt            0x08003bce   Section        0  stm32f4xx_ll_usb.o(i.USB_ReadDevAllInEpInterrupt)
    i.USB_ReadDevAllOutEpInterrupt           0x08003bdc   Section        0  stm32f4xx_ll_usb.o(i.USB_ReadDevAllOutEpInterrupt)
    i.USB_ReadDevInEPInterrupt               0x08003bea   Section        0  stm32f4xx_ll_usb.o(i.USB_ReadDevInEPInterrupt)
    i.USB_ReadDevOutEPInterrupt              0x08003c0e   Section        0  stm32f4xx_ll_usb.o(i.USB_ReadDevOutEPInterrupt)
    i.USB_ReadInterrupts                     0x08003c1e   Section        0  stm32f4xx_ll_usb.o(i.USB_ReadInterrupts)
    i.USB_ReadPacket                         0x08003c26   Section        0  stm32f4xx_ll_usb.o(i.USB_ReadPacket)
    i.USB_SetCurrentMode                     0x08003c64   Section        0  stm32f4xx_ll_usb.o(i.USB_SetCurrentMode)
    i.USB_SetDevAddress                      0x08003cc0   Section        0  stm32f4xx_ll_usb.o(i.USB_SetDevAddress)
    i.USB_SetTurnaroundTime                  0x08003ce4   Section        0  stm32f4xx_ll_usb.o(i.USB_SetTurnaroundTime)
    i.USB_WritePacket                        0x08003dcc   Section        0  stm32f4xx_ll_usb.o(i.USB_WritePacket)
    i.UsageFault_Handler                     0x08003df4   Section        0  stm32f4xx_it.o(i.UsageFault_Handler)
    i.__0printf$8                            0x08003df8   Section        0  printf8.o(i.__0printf$8)
    i.__NVIC_SetPriority                     0x08003e18   Section        0  stm32f4xx_hal_cortex.o(i.__NVIC_SetPriority)
    __NVIC_SetPriority                       0x08003e19   Thumb Code    32  stm32f4xx_hal_cortex.o(i.__NVIC_SetPriority)
    i.__scatterload_copy                     0x08003e38   Section       14  handlers.o(i.__scatterload_copy)
    i.__scatterload_null                     0x08003e46   Section        2  handlers.o(i.__scatterload_null)
    i.__scatterload_zeroinit                 0x08003e48   Section       14  handlers.o(i.__scatterload_zeroinit)
    i._printf_core                           0x08003e58   Section        0  printf8.o(i._printf_core)
    _printf_core                             0x08003e59   Thumb Code   984  printf8.o(i._printf_core)
    i._printf_post_padding                   0x0800425c   Section        0  printf8.o(i._printf_post_padding)
    _printf_post_padding                     0x0800425d   Thumb Code    36  printf8.o(i._printf_post_padding)
    i._printf_pre_padding                    0x08004280   Section        0  printf8.o(i._printf_pre_padding)
    _printf_pre_padding                      0x08004281   Thumb Code    46  printf8.o(i._printf_pre_padding)
    i.fputc                                  0x080042b0   Section        0  main.o(i.fputc)
    i.free                                   0x080042c8   Section        0  malloc.o(i.free)
    i.main                                   0x08004318   Section        0  main.o(i.main)
    i.malloc                                 0x08004338   Section        0  malloc.o(i.malloc)
    .constdata                               0x080043a4   Section       16  system_stm32f4xx.o(.constdata)
    .constdata                               0x080043b4   Section        8  system_stm32f4xx.o(.constdata)
    .data                                    0x20000000   Section       20  usbd_cdc_if.o(.data)
    .data                                    0x20000014   Section       56  template.o(.data)
    .data                                    0x2000004c   Section      126  template.o(.data)
    USBD_Composite_DeviceQualifierDesc       0x200000c0   Data          10  template.o(.data)
    .data                                    0x200000cc   Section       28  usbd_desc.o(.data)
    .data                                    0x200000e8   Section       50  usbd_desc.o(.data)
    .data                                    0x2000011c   Section       12  stm32f4xx_hal.o(.data)
    .data                                    0x20000128   Section        4  system_stm32f4xx.o(.data)
    .data                                    0x2000012c   Section      215  usbd_cdc.o(.data)
    USBD_CDC_DeviceQualifierDesc             0x2000012c   Data          10  usbd_cdc.o(.data)
    USBD_CDC_CfgHSDesc                       0x20000138   Data          67  usbd_cdc.o(.data)
    USBD_CDC_CfgFSDesc                       0x2000017c   Data          67  usbd_cdc.o(.data)
    USBD_CDC_OtherSpeedCfgDesc               0x200001c0   Data          67  usbd_cdc.o(.data)
    .data                                    0x20000204   Section       56  usbd_cdc.o(.data)
    .data                                    0x2000023c   Section        1  usbd_ctlreq.o(.data)
    cfgidx                                   0x2000023c   Data           1  usbd_ctlreq.o(.data)
    .data                                    0x20000240   Section       56  usbd_hid.o(.data)
    .data                                    0x20000278   Section      206  usbd_hid.o(.data)
    USBD_HID_CfgFSDesc                       0x20000278   Data          34  usbd_hid.o(.data)
    USBD_HID_CfgHSDesc                       0x2000029c   Data          34  usbd_hid.o(.data)
    USBD_HID_OtherSpeedCfgDesc               0x200002c0   Data          34  usbd_hid.o(.data)
    USBD_HID_Desc                            0x200002e4   Data           9  usbd_hid.o(.data)
    USBD_HID_DeviceQualifierDesc             0x200002f0   Data          10  usbd_hid.o(.data)
    HID_MOUSE_ReportDesc                     0x200002fc   Data          74  usbd_hid.o(.data)
    .data                                    0x20000348   Section        4  stdout.o(.data)
    .data                                    0x2000034c   Section        4  mvars.o(.data)
    .data                                    0x20000350   Section        4  mvars.o(.data)
    .bss                                     0x20000354   Section     4096  usbd_cdc_if.o(.bss)
    .bss                                     0x20001354   Section       68  usart.o(.bss)
    .bss                                     0x20001398   Section      720  usb_device.o(.bss)
    .bss                                     0x20001668   Section     1032  usbd_conf.o(.bss)
    .bss                                     0x20001a70   Section      512  usbd_desc.o(.bss)
    HEAP                                     0x20001c70   Section     8192  startup_stm32f407xx.o(HEAP)
    STACK                                    0x20003c70   Section     1024  startup_stm32f407xx.o(STACK)

    Global Symbols

    Symbol Name                              Value     Ov Type        Size  Object(Section)

    BuildAttributes$$THM_ISAv4$E$P$D$K$B$S$7EM$VFPi3$EXTD16$VFPS$VFMA$PE$A:L22UL41UL21$X:L11$S22US41US21$IEEE1$IW$USESV6$~STKCKD$USESV7$~SHL$OSPACE$ROPI$EBA8$MICROLIB$REQ8$PRES8$EABIv2 0x00000000   Number         0  anon$$obj.o ABSOLUTE
    __ARM_use_no_argv                        0x00000000   Number         0  main.o ABSOLUTE
    _printf_a                                0x00000000   Number         0  stubs.o ABSOLUTE
    _printf_c                                0x00000000   Number         0  stubs.o ABSOLUTE
    _printf_charcount                        0x00000000   Number         0  stubs.o ABSOLUTE
    _printf_d                                0x00000000   Number         0  stubs.o ABSOLUTE
    _printf_e                                0x00000000   Number         0  stubs.o ABSOLUTE
    _printf_f                                0x00000000   Number         0  stubs.o ABSOLUTE
    _printf_flags                            0x00000000   Number         0  stubs.o ABSOLUTE
    _printf_fp_dec                           0x00000000   Number         0  stubs.o ABSOLUTE
    _printf_fp_hex                           0x00000000   Number         0  stubs.o ABSOLUTE
    _printf_g                                0x00000000   Number         0  stubs.o ABSOLUTE
    _printf_i                                0x00000000   Number         0  stubs.o ABSOLUTE
    _printf_int_dec                          0x00000000   Number         0  stubs.o ABSOLUTE
    _printf_l                                0x00000000   Number         0  stubs.o ABSOLUTE
    _printf_lc                               0x00000000   Number         0  stubs.o ABSOLUTE
    _printf_ll                               0x00000000   Number         0  stubs.o ABSOLUTE
    _printf_lld                              0x00000000   Number         0  stubs.o ABSOLUTE
    _printf_lli                              0x00000000   Number         0  stubs.o ABSOLUTE
    _printf_llo                              0x00000000   Number         0  stubs.o ABSOLUTE
    _printf_llu                              0x00000000   Number         0  stubs.o ABSOLUTE
    _printf_llx                              0x00000000   Number         0  stubs.o ABSOLUTE
    _printf_longlong_dec                     0x00000000   Number         0  stubs.o ABSOLUTE
    _printf_longlong_hex                     0x00000000   Number         0  stubs.o ABSOLUTE
    _printf_longlong_oct                     0x00000000   Number         0  stubs.o ABSOLUTE
    _printf_ls                               0x00000000   Number         0  stubs.o ABSOLUTE
    _printf_mbtowc                           0x00000000   Number         0  stubs.o ABSOLUTE
    _printf_n                                0x00000000   Number         0  stubs.o ABSOLUTE
    _printf_o                                0x00000000   Number         0  stubs.o ABSOLUTE
    _printf_p                                0x00000000   Number         0  stubs.o ABSOLUTE
    _printf_percent                          0x00000000   Number         0  stubs.o ABSOLUTE
    _printf_pre_padding                      0x00000000   Number         0  stubs.o ABSOLUTE
    _printf_return_value                     0x00000000   Number         0  stubs.o ABSOLUTE
    _printf_s                                0x00000000   Number         0  stubs.o ABSOLUTE
    _printf_sizespec                         0x00000000   Number         0  stubs.o ABSOLUTE
    _printf_str                              0x00000000   Number         0  stubs.o ABSOLUTE
    _printf_truncate_signed                  0x00000000   Number         0  stubs.o ABSOLUTE
    _printf_truncate_unsigned                0x00000000   Number         0  stubs.o ABSOLUTE
    _printf_u                                0x00000000   Number         0  stubs.o ABSOLUTE
    _printf_wc                               0x00000000   Number         0  stubs.o ABSOLUTE
    _printf_wctomb                           0x00000000   Number         0  stubs.o ABSOLUTE
    _printf_widthprec                        0x00000000   Number         0  stubs.o ABSOLUTE
    _printf_x                                0x00000000   Number         0  stubs.o ABSOLUTE
    __arm_fini_                               - Undefined Weak Reference
    __cpp_initialize__aeabi_                  - Undefined Weak Reference
    __cxa_finalize                            - Undefined Weak Reference
    _clock_init                               - Undefined Weak Reference
    _microlib_exit                            - Undefined Weak Reference
    __Vectors_Size                           0x00000188   Number         0  startup_stm32f407xx.o ABSOLUTE
    __Vectors                                0x08000000   Data           4  startup_stm32f407xx.o(RESET)
    __Vectors_End                            0x08000188   Data           0  startup_stm32f407xx.o(RESET)
    __main                                   0x08000189   Thumb Code     0  entry.o(.ARM.Collect$$$$00000000)
    _main_stk                                0x08000189   Thumb Code     0  entry2.o(.ARM.Collect$$$$00000001)
    _main_scatterload                        0x0800018d   Thumb Code     0  entry5.o(.ARM.Collect$$$$00000004)
    __main_after_scatterload                 0x08000191   Thumb Code     0  entry5.o(.ARM.Collect$$$$00000004)
    _main_clock                              0x08000191   Thumb Code     0  entry7b.o(.ARM.Collect$$$$00000008)
    _main_cpp_init                           0x08000191   Thumb Code     0  entry8b.o(.ARM.Collect$$$$0000000A)
    _main_init                               0x08000191   Thumb Code     0  entry9a.o(.ARM.Collect$$$$0000000B)
    __rt_lib_shutdown_fini                   0x08000199   Thumb Code     0  entry12b.o(.ARM.Collect$$$$0000000E)
    __rt_final_cpp                           0x0800019d   Thumb Code     0  entry10a.o(.ARM.Collect$$$$0000000F)
    __rt_final_exit                          0x0800019d   Thumb Code     0  entry11a.o(.ARM.Collect$$$$00000011)
    Reset_Handler                            0x080001a1   Thumb Code     8  startup_stm32f407xx.o(.text)
    ADC_IRQHandler                           0x080001bb   Thumb Code     0  startup_stm32f407xx.o(.text)
    CAN1_RX0_IRQHandler                      0x080001bb   Thumb Code     0  startup_stm32f407xx.o(.text)
    CAN1_RX1_IRQHandler                      0x080001bb   Thumb Code     0  startup_stm32f407xx.o(.text)
    CAN1_SCE_IRQHandler                      0x080001bb   Thumb Code     0  startup_stm32f407xx.o(.text)
    CAN1_TX_IRQHandler                       0x080001bb   Thumb Code     0  startup_stm32f407xx.o(.text)
    CAN2_RX0_IRQHandler                      0x080001bb   Thumb Code     0  startup_stm32f407xx.o(.text)
    CAN2_RX1_IRQHandler                      0x080001bb   Thumb Code     0  startup_stm32f407xx.o(.text)
    CAN2_SCE_IRQHandler                      0x080001bb   Thumb Code     0  startup_stm32f407xx.o(.text)
    CAN2_TX_IRQHandler                       0x080001bb   Thumb Code     0  startup_stm32f407xx.o(.text)
    DCMI_IRQHandler                          0x080001bb   Thumb Code     0  startup_stm32f407xx.o(.text)
    DMA1_Stream0_IRQHandler                  0x080001bb   Thumb Code     0  startup_stm32f407xx.o(.text)
    DMA1_Stream1_IRQHandler                  0x080001bb   Thumb Code     0  startup_stm32f407xx.o(.text)
    DMA1_Stream2_IRQHandler                  0x080001bb   Thumb Code     0  startup_stm32f407xx.o(.text)
    DMA1_Stream3_IRQHandler                  0x080001bb   Thumb Code     0  startup_stm32f407xx.o(.text)
    DMA1_Stream4_IRQHandler                  0x080001bb   Thumb Code     0  startup_stm32f407xx.o(.text)
    DMA1_Stream5_IRQHandler                  0x080001bb   Thumb Code     0  startup_stm32f407xx.o(.text)
    DMA1_Stream6_IRQHandler                  0x080001bb   Thumb Code     0  startup_stm32f407xx.o(.text)
    DMA1_Stream7_IRQHandler                  0x080001bb   Thumb Code     0  startup_stm32f407xx.o(.text)
    DMA2_Stream0_IRQHandler                  0x080001bb   Thumb Code     0  startup_stm32f407xx.o(.text)
    DMA2_Stream1_IRQHandler                  0x080001bb   Thumb Code     0  startup_stm32f407xx.o(.text)
    DMA2_Stream2_IRQHandler                  0x080001bb   Thumb Code     0  startup_stm32f407xx.o(.text)
    DMA2_Stream3_IRQHandler                  0x080001bb   Thumb Code     0  startup_stm32f407xx.o(.text)
    DMA2_Stream4_IRQHandler                  0x080001bb   Thumb Code     0  startup_stm32f407xx.o(.text)
    DMA2_Stream5_IRQHandler                  0x080001bb   Thumb Code     0  startup_stm32f407xx.o(.text)
    DMA2_Stream6_IRQHandler                  0x080001bb   Thumb Code     0  startup_stm32f407xx.o(.text)
    DMA2_Stream7_IRQHandler                  0x080001bb   Thumb Code     0  startup_stm32f407xx.o(.text)
    ETH_IRQHandler                           0x080001bb   Thumb Code     0  startup_stm32f407xx.o(.text)
    ETH_WKUP_IRQHandler                      0x080001bb   Thumb Code     0  startup_stm32f407xx.o(.text)
    EXTI0_IRQHandler                         0x080001bb   Thumb Code     0  startup_stm32f407xx.o(.text)
    EXTI15_10_IRQHandler                     0x080001bb   Thumb Code     0  startup_stm32f407xx.o(.text)
    EXTI1_IRQHandler                         0x080001bb   Thumb Code     0  startup_stm32f407xx.o(.text)
    EXTI2_IRQHandler                         0x080001bb   Thumb Code     0  startup_stm32f407xx.o(.text)
    EXTI3_IRQHandler                         0x080001bb   Thumb Code     0  startup_stm32f407xx.o(.text)
    EXTI4_IRQHandler                         0x080001bb   Thumb Code     0  startup_stm32f407xx.o(.text)
    EXTI9_5_IRQHandler                       0x080001bb   Thumb Code     0  startup_stm32f407xx.o(.text)
    FLASH_IRQHandler                         0x080001bb   Thumb Code     0  startup_stm32f407xx.o(.text)
    FMC_IRQHandler                           0x080001bb   Thumb Code     0  startup_stm32f407xx.o(.text)
    FPU_IRQHandler                           0x080001bb   Thumb Code     0  startup_stm32f407xx.o(.text)
    HASH_RNG_IRQHandler                      0x080001bb   Thumb Code     0  startup_stm32f407xx.o(.text)
    I2C1_ER_IRQHandler                       0x080001bb   Thumb Code     0  startup_stm32f407xx.o(.text)
    I2C1_EV_IRQHandler                       0x080001bb   Thumb Code     0  startup_stm32f407xx.o(.text)
    I2C2_ER_IRQHandler                       0x080001bb   Thumb Code     0  startup_stm32f407xx.o(.text)
    I2C2_EV_IRQHandler                       0x080001bb   Thumb Code     0  startup_stm32f407xx.o(.text)
    I2C3_ER_IRQHandler                       0x080001bb   Thumb Code     0  startup_stm32f407xx.o(.text)
    I2C3_EV_IRQHandler                       0x080001bb   Thumb Code     0  startup_stm32f407xx.o(.text)
    OTG_FS_WKUP_IRQHandler                   0x080001bb   Thumb Code     0  startup_stm32f407xx.o(.text)
    OTG_HS_EP1_IN_IRQHandler                 0x080001bb   Thumb Code     0  startup_stm32f407xx.o(.text)
    OTG_HS_EP1_OUT_IRQHandler                0x080001bb   Thumb Code     0  startup_stm32f407xx.o(.text)
    OTG_HS_IRQHandler                        0x080001bb   Thumb Code     0  startup_stm32f407xx.o(.text)
    OTG_HS_WKUP_IRQHandler                   0x080001bb   Thumb Code     0  startup_stm32f407xx.o(.text)
    PVD_IRQHandler                           0x080001bb   Thumb Code     0  startup_stm32f407xx.o(.text)
    RCC_IRQHandler                           0x080001bb   Thumb Code     0  startup_stm32f407xx.o(.text)
    RTC_Alarm_IRQHandler                     0x080001bb   Thumb Code     0  startup_stm32f407xx.o(.text)
    RTC_WKUP_IRQHandler                      0x080001bb   Thumb Code     0  startup_stm32f407xx.o(.text)
    SDIO_IRQHandler                          0x080001bb   Thumb Code     0  startup_stm32f407xx.o(.text)
    SPI1_IRQHandler                          0x080001bb   Thumb Code     0  startup_stm32f407xx.o(.text)
    SPI2_IRQHandler                          0x080001bb   Thumb Code     0  startup_stm32f407xx.o(.text)
    SPI3_IRQHandler                          0x080001bb   Thumb Code     0  startup_stm32f407xx.o(.text)
    TAMP_STAMP_IRQHandler                    0x080001bb   Thumb Code     0  startup_stm32f407xx.o(.text)
    TIM1_BRK_TIM9_IRQHandler                 0x080001bb   Thumb Code     0  startup_stm32f407xx.o(.text)
    TIM1_CC_IRQHandler                       0x080001bb   Thumb Code     0  startup_stm32f407xx.o(.text)
    TIM1_TRG_COM_TIM11_IRQHandler            0x080001bb   Thumb Code     0  startup_stm32f407xx.o(.text)
    TIM1_UP_TIM10_IRQHandler                 0x080001bb   Thumb Code     0  startup_stm32f407xx.o(.text)
    TIM2_IRQHandler                          0x080001bb   Thumb Code     0  startup_stm32f407xx.o(.text)
    TIM3_IRQHandler                          0x080001bb   Thumb Code     0  startup_stm32f407xx.o(.text)
    TIM4_IRQHandler                          0x080001bb   Thumb Code     0  startup_stm32f407xx.o(.text)
    TIM5_IRQHandler                          0x080001bb   Thumb Code     0  startup_stm32f407xx.o(.text)
    TIM6_DAC_IRQHandler                      0x080001bb   Thumb Code     0  startup_stm32f407xx.o(.text)
    TIM7_IRQHandler                          0x080001bb   Thumb Code     0  startup_stm32f407xx.o(.text)
    TIM8_BRK_TIM12_IRQHandler                0x080001bb   Thumb Code     0  startup_stm32f407xx.o(.text)
    TIM8_CC_IRQHandler                       0x080001bb   Thumb Code     0  startup_stm32f407xx.o(.text)
    TIM8_TRG_COM_TIM14_IRQHandler            0x080001bb   Thumb Code     0  startup_stm32f407xx.o(.text)
    TIM8_UP_TIM13_IRQHandler                 0x080001bb   Thumb Code     0  startup_stm32f407xx.o(.text)
    UART4_IRQHandler                         0x080001bb   Thumb Code     0  startup_stm32f407xx.o(.text)
    UART5_IRQHandler                         0x080001bb   Thumb Code     0  startup_stm32f407xx.o(.text)
    USART1_IRQHandler                        0x080001bb   Thumb Code     0  startup_stm32f407xx.o(.text)
    USART2_IRQHandler                        0x080001bb   Thumb Code     0  startup_stm32f407xx.o(.text)
    USART3_IRQHandler                        0x080001bb   Thumb Code     0  startup_stm32f407xx.o(.text)
    USART6_IRQHandler                        0x080001bb   Thumb Code     0  startup_stm32f407xx.o(.text)
    WWDG_IRQHandler                          0x080001bb   Thumb Code     0  startup_stm32f407xx.o(.text)
    __aeabi_uldivmod                         0x080001c5   Thumb Code    98  uldiv.o(.text)
    __aeabi_memcpy                           0x08000227   Thumb Code    36  memcpya.o(.text)
    __aeabi_memcpy4                          0x08000227   Thumb Code     0  memcpya.o(.text)
    __aeabi_memcpy8                          0x08000227   Thumb Code     0  memcpya.o(.text)
    __aeabi_memset                           0x0800024b   Thumb Code    14  memseta.o(.text)
    __aeabi_memset4                          0x0800024b   Thumb Code     0  memseta.o(.text)
    __aeabi_memset8                          0x0800024b   Thumb Code     0  memseta.o(.text)
    __aeabi_memclr                           0x08000259   Thumb Code     4  memseta.o(.text)
    __aeabi_memclr4                          0x08000259   Thumb Code     0  memseta.o(.text)
    __aeabi_memclr8                          0x08000259   Thumb Code     0  memseta.o(.text)
    _memset$wrapper                          0x0800025d   Thumb Code    18  memseta.o(.text)
    __aeabi_llsl                             0x0800026f   Thumb Code    30  llshl.o(.text)
    _ll_shift_l                              0x0800026f   Thumb Code     0  llshl.o(.text)
    __aeabi_llsr                             0x0800028d   Thumb Code    32  llushr.o(.text)
    _ll_ushift_r                             0x0800028d   Thumb Code     0  llushr.o(.text)
    __scatterload                            0x080002ad   Thumb Code    28  init.o(.text)
    __scatterload_rt2                        0x080002ad   Thumb Code     0  init.o(.text)
    __decompress                             0x080002d1   Thumb Code     0  __dczerorl2.o(.text)
    __decompress1                            0x080002d1   Thumb Code    86  __dczerorl2.o(.text)
    BusFault_Handler                         0x08000327   Thumb Code     2  stm32f4xx_it.o(i.BusFault_Handler)
    DebugMon_Handler                         0x08000371   Thumb Code     2  stm32f4xx_it.o(i.DebugMon_Handler)
    Error_Handler                            0x08000373   Thumb Code     4  main.o(i.Error_Handler)
    HAL_Delay                                0x08000379   Thumb Code    32  stm32f4xx_hal.o(i.HAL_Delay)
    HAL_GPIO_Init                            0x0800039d   Thumb Code   450  stm32f4xx_hal_gpio.o(i.HAL_GPIO_Init)
    HAL_GetTick                              0x0800058d   Thumb Code     6  stm32f4xx_hal.o(i.HAL_GetTick)
    HAL_IncTick                              0x08000599   Thumb Code    12  stm32f4xx_hal.o(i.HAL_IncTick)
    HAL_Init                                 0x080005a9   Thumb Code    48  stm32f4xx_hal.o(i.HAL_Init)
    HAL_InitTick                             0x080005dd   Thumb Code    54  stm32f4xx_hal.o(i.HAL_InitTick)
    HAL_MspInit                              0x0800061d   Thumb Code    42  stm32f4xx_hal_msp.o(i.HAL_MspInit)
    HAL_NVIC_EnableIRQ                       0x0800064d   Thumb Code    26  stm32f4xx_hal_cortex.o(i.HAL_NVIC_EnableIRQ)
    HAL_NVIC_SetPriority                     0x08000669   Thumb Code    60  stm32f4xx_hal_cortex.o(i.HAL_NVIC_SetPriority)
    HAL_NVIC_SetPriorityGrouping             0x080006a9   Thumb Code    26  stm32f4xx_hal_cortex.o(i.HAL_NVIC_SetPriorityGrouping)
    HAL_PCDEx_LPM_Callback                   0x080006cd   Thumb Code     2  stm32f4xx_hal_pcd_ex.o(i.HAL_PCDEx_LPM_Callback)
    HAL_PCDEx_SetRxFiFo                      0x080006cf   Thumb Code     8  stm32f4xx_hal_pcd_ex.o(i.HAL_PCDEx_SetRxFiFo)
    HAL_PCDEx_SetTxFiFo                      0x080006d7   Thumb Code    68  stm32f4xx_hal_pcd_ex.o(i.HAL_PCDEx_SetTxFiFo)
    HAL_PCD_ConnectCallback                  0x0800071b   Thumb Code     8  usbd_conf.o(i.HAL_PCD_ConnectCallback)
    HAL_PCD_DataInStageCallback              0x08000723   Thumb Code    18  usbd_conf.o(i.HAL_PCD_DataInStageCallback)
    HAL_PCD_DataOutStageCallback             0x08000735   Thumb Code    20  usbd_conf.o(i.HAL_PCD_DataOutStageCallback)
    HAL_PCD_DisconnectCallback               0x08000749   Thumb Code     8  usbd_conf.o(i.HAL_PCD_DisconnectCallback)
    HAL_PCD_EP_Close                         0x08000751   Thumb Code    76  stm32f4xx_hal_pcd.o(i.HAL_PCD_EP_Close)
    HAL_PCD_EP_ClrStall                      0x0800079d   Thumb Code    92  stm32f4xx_hal_pcd.o(i.HAL_PCD_EP_ClrStall)
    HAL_PCD_EP_GetRxCount                    0x080007f9   Thumb Code    18  stm32f4xx_hal_pcd.o(i.HAL_PCD_EP_GetRxCount)
    HAL_PCD_EP_Open                          0x0800080b   Thumb Code    96  stm32f4xx_hal_pcd.o(i.HAL_PCD_EP_Open)
    HAL_PCD_EP_Receive                       0x0800086b   Thumb Code    72  stm32f4xx_hal_pcd.o(i.HAL_PCD_EP_Receive)
    HAL_PCD_EP_SetStall                      0x080008b3   Thumb Code   116  stm32f4xx_hal_pcd.o(i.HAL_PCD_EP_SetStall)
    HAL_PCD_EP_Transmit                      0x08000927   Thumb Code    64  stm32f4xx_hal_pcd.o(i.HAL_PCD_EP_Transmit)
    HAL_PCD_IRQHandler                       0x08000969   Thumb Code  1070  stm32f4xx_hal_pcd.o(i.HAL_PCD_IRQHandler)
    HAL_PCD_ISOINIncompleteCallback          0x08000d9d   Thumb Code     8  usbd_conf.o(i.HAL_PCD_ISOINIncompleteCallback)
    HAL_PCD_ISOOUTIncompleteCallback         0x08000da5   Thumb Code     8  usbd_conf.o(i.HAL_PCD_ISOOUTIncompleteCallback)
    HAL_PCD_Init                             0x08000dad   Thumb Code   226  stm32f4xx_hal_pcd.o(i.HAL_PCD_Init)
    HAL_PCD_MspInit                          0x08000e91   Thumb Code   122  usbd_conf.o(i.HAL_PCD_MspInit)
    HAL_PCD_ResetCallback                    0x08000f15   Thumb Code    44  usbd_conf.o(i.HAL_PCD_ResetCallback)
    HAL_PCD_ResumeCallback                   0x08000f41   Thumb Code     8  usbd_conf.o(i.HAL_PCD_ResumeCallback)
    HAL_PCD_SOFCallback                      0x08000f49   Thumb Code     8  usbd_conf.o(i.HAL_PCD_SOFCallback)
    HAL_PCD_SetAddress                       0x08000f51   Thumb Code    40  stm32f4xx_hal_pcd.o(i.HAL_PCD_SetAddress)
    HAL_PCD_SetupStageCallback               0x08000f79   Thumb Code    14  usbd_conf.o(i.HAL_PCD_SetupStageCallback)
    HAL_PCD_Start                            0x08000f87   Thumb Code    66  stm32f4xx_hal_pcd.o(i.HAL_PCD_Start)
    HAL_PCD_SuspendCallback                  0x08000fc9   Thumb Code    44  usbd_conf.o(i.HAL_PCD_SuspendCallback)
    HAL_RCC_ClockConfig                      0x08000ff9   Thumb Code   288  stm32f4xx_hal_rcc.o(i.HAL_RCC_ClockConfig)
    HAL_RCC_GetHCLKFreq                      0x0800112d   Thumb Code     6  stm32f4xx_hal_rcc.o(i.HAL_RCC_GetHCLKFreq)
    HAL_RCC_GetPCLK1Freq                     0x08001139   Thumb Code    20  stm32f4xx_hal_rcc.o(i.HAL_RCC_GetPCLK1Freq)
    HAL_RCC_GetPCLK2Freq                     0x08001159   Thumb Code    20  stm32f4xx_hal_rcc.o(i.HAL_RCC_GetPCLK2Freq)
    HAL_RCC_GetSysClockFreq                  0x08001179   Thumb Code    88  stm32f4xx_hal_rcc.o(i.HAL_RCC_GetSysClockFreq)
    HAL_RCC_OscConfig                        0x080011d9   Thumb Code   856  stm32f4xx_hal_rcc.o(i.HAL_RCC_OscConfig)
    HAL_SYSTICK_Config                       0x08001545   Thumb Code    40  stm32f4xx_hal_cortex.o(i.HAL_SYSTICK_Config)
    HAL_UART_Init                            0x0800156d   Thumb Code    98  stm32f4xx_hal_uart.o(i.HAL_UART_Init)
    HAL_UART_MspInit                         0x080015d1   Thumb Code    94  usart.o(i.HAL_UART_MspInit)
    HAL_UART_Transmit                        0x0800163d   Thumb Code   178  stm32f4xx_hal_uart.o(i.HAL_UART_Transmit)
    HardFault_Handler                        0x080016ef   Thumb Code     2  stm32f4xx_it.o(i.HardFault_Handler)
    MX_GPIO_Init                             0x08001729   Thumb Code    38  gpio.o(i.MX_GPIO_Init)
    MX_USART1_UART_Init                      0x08001755   Thumb Code    48  usart.o(i.MX_USART1_UART_Init)
    MX_USB_DEVICE_Init                       0x0800178d   Thumb Code    88  usb_device.o(i.MX_USB_DEVICE_Init)
    MemManage_Handler                        0x08001825   Thumb Code     2  stm32f4xx_it.o(i.MemManage_Handler)
    NMI_Handler                              0x08001827   Thumb Code     2  stm32f4xx_it.o(i.NMI_Handler)
    OTG_FS_IRQHandler                        0x08001829   Thumb Code     6  stm32f4xx_it.o(i.OTG_FS_IRQHandler)
    PendSV_Handler                           0x080019a3   Thumb Code     2  stm32f4xx_it.o(i.PendSV_Handler)
    SVC_Handler                              0x080019a5   Thumb Code     2  stm32f4xx_it.o(i.SVC_Handler)
    SysTick_Handler                          0x080019b1   Thumb Code     4  stm32f4xx_it.o(i.SysTick_Handler)
    SystemClock_Config                       0x080019b5   Thumb Code   140  main.o(i.SystemClock_Config)
    SystemInit                               0x08001a49   Thumb Code    12  system_stm32f4xx.o(i.SystemInit)
    USBD_CDC_GetDeviceQualifierDescriptor    0x08001ce1   Thumb Code     8  usbd_cdc.o(i.USBD_CDC_GetDeviceQualifierDescriptor)
    USBD_CDC_ReceivePacket                   0x08001db3   Thumb Code    40  usbd_cdc.o(i.USBD_CDC_ReceivePacket)
    USBD_CDC_RegisterInterface               0x08001ddb   Thumb Code    14  usbd_cdc.o(i.USBD_CDC_RegisterInterface)
    USBD_CDC_SetRxBuffer                     0x08001de9   Thumb Code    18  usbd_cdc.o(i.USBD_CDC_SetRxBuffer)
    USBD_CDC_SetTxBuffer                     0x08001dfb   Thumb Code    22  usbd_cdc.o(i.USBD_CDC_SetTxBuffer)
    USBD_ClrClassConfig                      0x08001ecf   Thumb Code    16  usbd_core.o(i.USBD_ClrClassConfig)
    USBD_CtlContinueRx                       0x0800249d   Thumb Code    16  usbd_ioreq.o(i.USBD_CtlContinueRx)
    USBD_CtlContinueSendData                 0x080024ad   Thumb Code    16  usbd_ioreq.o(i.USBD_CtlContinueSendData)
    USBD_CtlError                            0x080024bd   Thumb Code    48  usbd_ctlreq.o(i.USBD_CtlError)
    USBD_CtlPrepareRx                        0x08002515   Thumb Code    30  usbd_ioreq.o(i.USBD_CtlPrepareRx)
    USBD_CtlReceiveStatus                    0x08002533   Thumb Code    22  usbd_ioreq.o(i.USBD_CtlReceiveStatus)
    USBD_CtlSendData                         0x08002549   Thumb Code    26  usbd_ioreq.o(i.USBD_CtlSendData)
    USBD_CtlSendStatus                       0x08002563   Thumb Code    22  usbd_ioreq.o(i.USBD_CtlSendStatus)
    USBD_FS_ConfigStrDescriptor              0x08002579   Thumb Code    16  usbd_desc.o(i.USBD_FS_ConfigStrDescriptor)
    USBD_FS_DeviceDescriptor                 0x08002599   Thumb Code    30  usbd_desc.o(i.USBD_FS_DeviceDescriptor)
    USBD_FS_InterfaceStrDescriptor           0x080025e9   Thumb Code    16  usbd_desc.o(i.USBD_FS_InterfaceStrDescriptor)
    USBD_FS_LangIDStrDescriptor              0x0800260d   Thumb Code    30  usbd_desc.o(i.USBD_FS_LangIDStrDescriptor)
    USBD_FS_ManufacturerStrDescriptor        0x0800265d   Thumb Code    36  usbd_desc.o(i.USBD_FS_ManufacturerStrDescriptor)
    USBD_FS_ProductStrDescriptor             0x080026dd   Thumb Code    38  usbd_desc.o(i.USBD_FS_ProductStrDescriptor)
    USBD_FS_SerialStrDescriptor              0x08002759   Thumb Code    48  usbd_desc.o(i.USBD_FS_SerialStrDescriptor)
    USBD_GetString                           0x080028c5   Thumb Code    72  usbd_ctlreq.o(i.USBD_GetString)
    USBD_Get_USB_Status                      0x0800290d   Thumb Code    24  usbd_conf.o(i.USBD_Get_USB_Status)
    USBD_Init                                0x08002af9   Thumb Code    62  usbd_core.o(i.USBD_Init)
    USBD_LL_ClearStallEP                     0x08002b61   Thumb Code    18  usbd_conf.o(i.USBD_LL_ClearStallEP)
    USBD_LL_CloseEP                          0x08002b73   Thumb Code    18  usbd_conf.o(i.USBD_LL_CloseEP)
    USBD_LL_DataInStage                      0x08002b85   Thumb Code   168  usbd_core.o(i.USBD_LL_DataInStage)
    USBD_LL_DataOutStage                     0x08002c2d   Thumb Code   108  usbd_core.o(i.USBD_LL_DataOutStage)
    USBD_LL_DevConnected                     0x08002c99   Thumb Code     4  usbd_core.o(i.USBD_LL_DevConnected)
    USBD_LL_DevDisconnected                  0x08002c9d   Thumb Code    24  usbd_core.o(i.USBD_LL_DevDisconnected)
    USBD_LL_GetRxDataSize                    0x08002cb5   Thumb Code     8  usbd_conf.o(i.USBD_LL_GetRxDataSize)
    USBD_LL_Init                             0x08002cbd   Thumb Code   110  usbd_conf.o(i.USBD_LL_Init)
    USBD_LL_IsStallEP                        0x08002d31   Thumb Code    32  usbd_conf.o(i.USBD_LL_IsStallEP)
    USBD_LL_IsoINIncomplete                  0x08002d51   Thumb Code    32  usbd_core.o(i.USBD_LL_IsoINIncomplete)
    USBD_LL_IsoOUTIncomplete                 0x08002d71   Thumb Code    32  usbd_core.o(i.USBD_LL_IsoOUTIncomplete)
    USBD_LL_OpenEP                           0x08002d91   Thumb Code    24  usbd_conf.o(i.USBD_LL_OpenEP)
    USBD_LL_PrepareReceive                   0x08002da9   Thumb Code    18  usbd_conf.o(i.USBD_LL_PrepareReceive)
    USBD_LL_Reset                            0x08002dbb   Thumb Code    90  usbd_core.o(i.USBD_LL_Reset)
    USBD_LL_Resume                           0x08002e15   Thumb Code    20  usbd_core.o(i.USBD_LL_Resume)
    USBD_LL_SOF                              0x08002e29   Thumb Code    32  usbd_core.o(i.USBD_LL_SOF)
    USBD_LL_SetSpeed                         0x08002e49   Thumb Code     6  usbd_core.o(i.USBD_LL_SetSpeed)
    USBD_LL_SetUSBAddress                    0x08002e4f   Thumb Code    18  usbd_conf.o(i.USBD_LL_SetUSBAddress)
    USBD_LL_SetupStage                       0x08002e61   Thumb Code    96  usbd_core.o(i.USBD_LL_SetupStage)
    USBD_LL_StallEP                          0x08002ec1   Thumb Code    18  usbd_conf.o(i.USBD_LL_StallEP)
    USBD_LL_Start                            0x08002ed3   Thumb Code    18  usbd_conf.o(i.USBD_LL_Start)
    USBD_LL_Suspend                          0x08002ee5   Thumb Code    18  usbd_core.o(i.USBD_LL_Suspend)
    USBD_LL_Transmit                         0x08002ef7   Thumb Code    18  usbd_conf.o(i.USBD_LL_Transmit)
    USBD_ParseSetupRequest                   0x08002f09   Thumb Code    44  usbd_ctlreq.o(i.USBD_ParseSetupRequest)
    USBD_RegisterClass                       0x08002f35   Thumb Code    54  usbd_core.o(i.USBD_RegisterClass)
    USBD_SetClassConfig                      0x08002f95   Thumb Code    20  usbd_core.o(i.USBD_SetClassConfig)
    USBD_Start                               0x08003065   Thumb Code     4  usbd_core.o(i.USBD_Start)
    USBD_StdDevReq                           0x08003069   Thumb Code   276  usbd_ctlreq.o(i.USBD_StdDevReq)
    USBD_StdEPReq                            0x0800317d   Thumb Code   320  usbd_ctlreq.o(i.USBD_StdEPReq)
    USBD_StdItfReq                           0x080032bd   Thumb Code    82  usbd_ctlreq.o(i.USBD_StdItfReq)
    USBD_static_free                         0x0800330f   Thumb Code     4  usbd_conf.o(i.USBD_static_free)
    USBD_static_malloc                       0x08003315   Thumb Code    40  usbd_conf.o(i.USBD_static_malloc)
    USB_ActivateEndpoint                     0x08003371   Thumb Code   122  stm32f4xx_ll_usb.o(i.USB_ActivateEndpoint)
    USB_ActivateSetup                        0x080033f1   Thumb Code    28  stm32f4xx_ll_usb.o(i.USB_ActivateSetup)
    USB_CoreInit                             0x0800340d   Thumb Code   112  stm32f4xx_ll_usb.o(i.USB_CoreInit)
    USB_DeactivateEndpoint                   0x080034c1   Thumb Code   194  stm32f4xx_ll_usb.o(i.USB_DeactivateEndpoint)
    USB_DevConnect                           0x0800358d   Thumb Code    28  stm32f4xx_ll_usb.o(i.USB_DevConnect)
    USB_DevDisconnect                        0x080035a9   Thumb Code    28  stm32f4xx_ll_usb.o(i.USB_DevDisconnect)
    USB_DevInit                              0x080035c5   Thumb Code   362  stm32f4xx_ll_usb.o(i.USB_DevInit)
    USB_DisableGlobalInt                     0x08003739   Thumb Code    12  stm32f4xx_ll_usb.o(i.USB_DisableGlobalInt)
    USB_EP0StartXfer                         0x08003745   Thumb Code   276  stm32f4xx_ll_usb.o(i.USB_EP0StartXfer)
    USB_EP0_OutStart                         0x0800385d   Thumb Code    84  stm32f4xx_ll_usb.o(i.USB_EP0_OutStart)
    USB_EPClearStall                         0x080038b5   Thumb Code    88  stm32f4xx_ll_usb.o(i.USB_EPClearStall)
    USB_EPSetStall                           0x0800390d   Thumb Code    88  stm32f4xx_ll_usb.o(i.USB_EPSetStall)
    USB_EPStartXfer                          0x08003965   Thumb Code   482  stm32f4xx_ll_usb.o(i.USB_EPStartXfer)
    USB_EnableGlobalInt                      0x08003b4d   Thumb Code    12  stm32f4xx_ll_usb.o(i.USB_EnableGlobalInt)
    USB_FlushRxFifo                          0x08003b59   Thumb Code    36  stm32f4xx_ll_usb.o(i.USB_FlushRxFifo)
    USB_FlushTxFifo                          0x08003b81   Thumb Code    40  stm32f4xx_ll_usb.o(i.USB_FlushTxFifo)
    USB_GetDevSpeed                          0x08003bad   Thumb Code    26  stm32f4xx_ll_usb.o(i.USB_GetDevSpeed)
    USB_GetMode                              0x08003bc7   Thumb Code     8  stm32f4xx_ll_usb.o(i.USB_GetMode)
    USB_ReadDevAllInEpInterrupt              0x08003bcf   Thumb Code    14  stm32f4xx_ll_usb.o(i.USB_ReadDevAllInEpInterrupt)
    USB_ReadDevAllOutEpInterrupt             0x08003bdd   Thumb Code    14  stm32f4xx_ll_usb.o(i.USB_ReadDevAllOutEpInterrupt)
    USB_ReadDevInEPInterrupt                 0x08003beb   Thumb Code    36  stm32f4xx_ll_usb.o(i.USB_ReadDevInEPInterrupt)
    USB_ReadDevOutEPInterrupt                0x08003c0f   Thumb Code    16  stm32f4xx_ll_usb.o(i.USB_ReadDevOutEPInterrupt)
    USB_ReadInterrupts                       0x08003c1f   Thumb Code     8  stm32f4xx_ll_usb.o(i.USB_ReadInterrupts)
    USB_ReadPacket                           0x08003c27   Thumb Code    62  stm32f4xx_ll_usb.o(i.USB_ReadPacket)
    USB_SetCurrentMode                       0x08003c65   Thumb Code    92  stm32f4xx_ll_usb.o(i.USB_SetCurrentMode)
    USB_SetDevAddress                        0x08003cc1   Thumb Code    34  stm32f4xx_ll_usb.o(i.USB_SetDevAddress)
    USB_SetTurnaroundTime                    0x08003ce5   Thumb Code   158  stm32f4xx_ll_usb.o(i.USB_SetTurnaroundTime)
    USB_WritePacket                          0x08003dcd   Thumb Code    40  stm32f4xx_ll_usb.o(i.USB_WritePacket)
    UsageFault_Handler                       0x08003df5   Thumb Code     2  stm32f4xx_it.o(i.UsageFault_Handler)
    __0printf$8                              0x08003df9   Thumb Code    22  printf8.o(i.__0printf$8)
    __1printf$8                              0x08003df9   Thumb Code     0  printf8.o(i.__0printf$8)
    __2printf                                0x08003df9   Thumb Code     0  printf8.o(i.__0printf$8)
    __scatterload_copy                       0x08003e39   Thumb Code    14  handlers.o(i.__scatterload_copy)
    __scatterload_null                       0x08003e47   Thumb Code     2  handlers.o(i.__scatterload_null)
    __scatterload_zeroinit                   0x08003e49   Thumb Code    14  handlers.o(i.__scatterload_zeroinit)
    fputc                                    0x080042b1   Thumb Code    20  main.o(i.fputc)
    free                                     0x080042c9   Thumb Code    76  malloc.o(i.free)
    main                                     0x08004319   Thumb Code    32  main.o(i.main)
    malloc                                   0x08004339   Thumb Code    92  malloc.o(i.malloc)
    AHBPrescTable                            0x080043a4   Data          16  system_stm32f4xx.o(.constdata)
    APBPrescTable                            0x080043b4   Data           8  system_stm32f4xx.o(.constdata)
    Region$$Table$$Base                      0x080043bc   Number         0  anon$$obj.o(Region$$Table)
    Region$$Table$$Limit                     0x080043dc   Number         0  anon$$obj.o(Region$$Table)
    USBD_Interface_fops_FS                   0x20000000   Data          20  usbd_cdc_if.o(.data)
    USBD_Composite_CDC_HID                   0x20000014   Data          56  template.o(.data)
    pUSBD_HID_Handle                         0x2000004c   Data           4  template.o(.data)
    pUSBD_CDC_Handle                         0x20000050   Data           4  template.o(.data)
    USBD_Composite_CfgFSDesc                 0x20000054   Data         108  template.o(.data)
    FS_Desc                                  0x200000cc   Data          28  usbd_desc.o(.data)
    USBD_LangIDDesc                          0x200000e8   Data           4  usbd_desc.o(.data)
    USBD_FS_DeviceDesc                       0x200000ec   Data          18  usbd_desc.o(.data)
    USBD_StringSerial                        0x20000100   Data          26  usbd_desc.o(.data)
    uwTickFreq                               0x2000011c   Data           1  stm32f4xx_hal.o(.data)
    uwTickPrio                               0x20000120   Data           4  stm32f4xx_hal.o(.data)
    uwTick                                   0x20000124   Data           4  stm32f4xx_hal.o(.data)
    SystemCoreClock                          0x20000128   Data           4  system_stm32f4xx.o(.data)
    USBD_CDC                                 0x20000204   Data          56  usbd_cdc.o(.data)
    USBD_HID                                 0x20000240   Data          56  usbd_hid.o(.data)
    __stdout                                 0x20000348   Data           4  stdout.o(.data)
    __microlib_freelist                      0x2000034c   Data           4  mvars.o(.data)
    __microlib_freelist_initialised          0x20000350   Data           4  mvars.o(.data)
    UserRxBufferFS                           0x20000354   Data        2048  usbd_cdc_if.o(.bss)
    UserTxBufferFS                           0x20000b54   Data        2048  usbd_cdc_if.o(.bss)
    huart1                                   0x20001354   Data          68  usart.o(.bss)
    hUsbDeviceFS                             0x20001398   Data         720  usb_device.o(.bss)
    hpcd_USB_OTG_FS                          0x20001668   Data        1032  usbd_conf.o(.bss)
    USBD_StrDesc                             0x20001a70   Data         512  usbd_desc.o(.bss)
    __heap_base                              0x20001c70   Data           0  startup_stm32f407xx.o(HEAP)
    __heap_limit                             0x20003c70   Data           0  startup_stm32f407xx.o(HEAP)
    __initial_sp                             0x20004070   Data           0  startup_stm32f407xx.o(STACK)



==============================================================================

Memory Map of the image

  Image Entry point : 0x08000189

  Load Region LR_IROM1 (Base: 0x08000000, Size: 0x00004730, Max: 0x00100000, ABSOLUTE, COMPRESSED[0x00004594])

    Execution Region ER_IROM1 (Exec base: 0x08000000, Load base: 0x08000000, Size: 0x000043dc, Max: 0x00100000, ABSOLUTE)

    Exec Addr    Load Addr    Size         Type   Attr      Idx    E Section Name        Object

    0x08000000   0x08000000   0x00000188   Data   RO            3    RESET               startup_stm32f407xx.o
    0x08000188   0x08000188   0x00000000   Code   RO         3502  * .ARM.Collect$$$$00000000  mc_w.l(entry.o)
    0x08000188   0x08000188   0x00000004   Code   RO         3802    .ARM.Collect$$$$00000001  mc_w.l(entry2.o)
    0x0800018c   0x0800018c   0x00000004   Code   RO         3805    .ARM.Collect$$$$00000004  mc_w.l(entry5.o)
    0x08000190   0x08000190   0x00000000   Code   RO         3807    .ARM.Collect$$$$00000008  mc_w.l(entry7b.o)
    0x08000190   0x08000190   0x00000000   Code   RO         3809    .ARM.Collect$$$$0000000A  mc_w.l(entry8b.o)
    0x08000190   0x08000190   0x00000008   Code   RO         3810    .ARM.Collect$$$$0000000B  mc_w.l(entry9a.o)
    0x08000198   0x08000198   0x00000004   Code   RO         3817    .ARM.Collect$$$$0000000E  mc_w.l(entry12b.o)
    0x0800019c   0x0800019c   0x00000000   Code   RO         3812    .ARM.Collect$$$$0000000F  mc_w.l(entry10a.o)
    0x0800019c   0x0800019c   0x00000000   Code   RO         3814    .ARM.Collect$$$$00000011  mc_w.l(entry11a.o)
    0x0800019c   0x0800019c   0x00000004   Code   RO         3803    .ARM.Collect$$$$00002712  mc_w.l(entry2.o)
    0x080001a0   0x080001a0   0x00000024   Code   RO            4    .text               startup_stm32f407xx.o
    0x080001c4   0x080001c4   0x00000062   Code   RO         3505    .text               mc_w.l(uldiv.o)
    0x08000226   0x08000226   0x00000024   Code   RO         3507    .text               mc_w.l(memcpya.o)
    0x0800024a   0x0800024a   0x00000024   Code   RO         3509    .text               mc_w.l(memseta.o)
    0x0800026e   0x0800026e   0x0000001e   Code   RO         3821    .text               mc_w.l(llshl.o)
    0x0800028c   0x0800028c   0x00000020   Code   RO         3823    .text               mc_w.l(llushr.o)
    0x080002ac   0x080002ac   0x00000024   Code   RO         3838    .text               mc_w.l(init.o)
    0x080002d0   0x080002d0   0x00000056   Code   RO         3852    .text               mc_w.l(__dczerorl2.o)
    0x08000326   0x08000326   0x00000002   Code   RO          816    i.BusFault_Handler  stm32f4xx_it.o
    0x08000328   0x08000328   0x00000004   Code   RO           13    i.CDC_Control_FS    usbd_cdc_if.o
    0x0800032c   0x0800032c   0x00000004   Code   RO           14    i.CDC_DeInit_FS     usbd_cdc_if.o
    0x08000330   0x08000330   0x00000024   Code   RO           15    i.CDC_Init_FS       usbd_cdc_if.o
    0x08000354   0x08000354   0x00000018   Code   RO           16    i.CDC_Receive_FS    usbd_cdc_if.o
    0x0800036c   0x0800036c   0x00000004   Code   RO           17    i.CDC_TransmitCplt_FS  usbd_cdc_if.o
    0x08000370   0x08000370   0x00000002   Code   RO          817    i.DebugMon_Handler  stm32f4xx_it.o
    0x08000372   0x08000372   0x00000004   Code   RO          280    i.Error_Handler     main.o
    0x08000376   0x08000376   0x00000002   PAD
    0x08000378   0x08000378   0x00000024   Code   RO         2368    i.HAL_Delay         stm32f4xx_hal.o
    0x0800039c   0x0800039c   0x000001f0   Code   RO         1842    i.HAL_GPIO_Init     stm32f4xx_hal_gpio.o
    0x0800058c   0x0800058c   0x0000000c   Code   RO         2374    i.HAL_GetTick       stm32f4xx_hal.o
    0x08000598   0x08000598   0x00000010   Code   RO         2380    i.HAL_IncTick       stm32f4xx_hal.o
    0x080005a8   0x080005a8   0x00000034   Code   RO         2381    i.HAL_Init          stm32f4xx_hal.o
    0x080005dc   0x080005dc   0x00000040   Code   RO         2382    i.HAL_InitTick      stm32f4xx_hal.o
    0x0800061c   0x0800061c   0x00000030   Code   RO          898    i.HAL_MspInit       stm32f4xx_hal_msp.o
    0x0800064c   0x0800064c   0x0000001a   Code   RO         2231    i.HAL_NVIC_EnableIRQ  stm32f4xx_hal_cortex.o
    0x08000666   0x08000666   0x00000002   PAD
    0x08000668   0x08000668   0x00000040   Code   RO         2237    i.HAL_NVIC_SetPriority  stm32f4xx_hal_cortex.o
    0x080006a8   0x080006a8   0x00000024   Code   RO         2238    i.HAL_NVIC_SetPriorityGrouping  stm32f4xx_hal_cortex.o
    0x080006cc   0x080006cc   0x00000002   Code   RO         1149    i.HAL_PCDEx_LPM_Callback  stm32f4xx_hal_pcd_ex.o
    0x080006ce   0x080006ce   0x00000008   Code   RO         1150    i.HAL_PCDEx_SetRxFiFo  stm32f4xx_hal_pcd_ex.o
    0x080006d6   0x080006d6   0x00000044   Code   RO         1151    i.HAL_PCDEx_SetTxFiFo  stm32f4xx_hal_pcd_ex.o
    0x0800071a   0x0800071a   0x00000008   Code   RO          536    i.HAL_PCD_ConnectCallback  usbd_conf.o
    0x08000722   0x08000722   0x00000012   Code   RO          537    i.HAL_PCD_DataInStageCallback  usbd_conf.o
    0x08000734   0x08000734   0x00000014   Code   RO          538    i.HAL_PCD_DataOutStageCallback  usbd_conf.o
    0x08000748   0x08000748   0x00000008   Code   RO          539    i.HAL_PCD_DisconnectCallback  usbd_conf.o
    0x08000750   0x08000750   0x0000004c   Code   RO          931    i.HAL_PCD_EP_Close  stm32f4xx_hal_pcd.o
    0x0800079c   0x0800079c   0x0000005c   Code   RO          932    i.HAL_PCD_EP_ClrStall  stm32f4xx_hal_pcd.o
    0x080007f8   0x080007f8   0x00000012   Code   RO          934    i.HAL_PCD_EP_GetRxCount  stm32f4xx_hal_pcd.o
    0x0800080a   0x0800080a   0x00000060   Code   RO          935    i.HAL_PCD_EP_Open   stm32f4xx_hal_pcd.o
    0x0800086a   0x0800086a   0x00000048   Code   RO          936    i.HAL_PCD_EP_Receive  stm32f4xx_hal_pcd.o
    0x080008b2   0x080008b2   0x00000074   Code   RO          937    i.HAL_PCD_EP_SetStall  stm32f4xx_hal_pcd.o
    0x08000926   0x08000926   0x00000040   Code   RO          938    i.HAL_PCD_EP_Transmit  stm32f4xx_hal_pcd.o
    0x08000966   0x08000966   0x00000002   PAD
    0x08000968   0x08000968   0x00000434   Code   RO          940    i.HAL_PCD_IRQHandler  stm32f4xx_hal_pcd.o
    0x08000d9c   0x08000d9c   0x00000008   Code   RO          540    i.HAL_PCD_ISOINIncompleteCallback  usbd_conf.o
    0x08000da4   0x08000da4   0x00000008   Code   RO          541    i.HAL_PCD_ISOOUTIncompleteCallback  usbd_conf.o
    0x08000dac   0x08000dac   0x000000e2   Code   RO          943    i.HAL_PCD_Init      stm32f4xx_hal_pcd.o
    0x08000e8e   0x08000e8e   0x00000002   PAD
    0x08000e90   0x08000e90   0x00000084   Code   RO          543    i.HAL_PCD_MspInit   usbd_conf.o
    0x08000f14   0x08000f14   0x0000002c   Code   RO          544    i.HAL_PCD_ResetCallback  usbd_conf.o
    0x08000f40   0x08000f40   0x00000008   Code   RO          545    i.HAL_PCD_ResumeCallback  usbd_conf.o
    0x08000f48   0x08000f48   0x00000008   Code   RO          546    i.HAL_PCD_SOFCallback  usbd_conf.o
    0x08000f50   0x08000f50   0x00000028   Code   RO          949    i.HAL_PCD_SetAddress  stm32f4xx_hal_pcd.o
    0x08000f78   0x08000f78   0x0000000e   Code   RO          547    i.HAL_PCD_SetupStageCallback  usbd_conf.o
    0x08000f86   0x08000f86   0x00000042   Code   RO          951    i.HAL_PCD_Start     stm32f4xx_hal_pcd.o
    0x08000fc8   0x08000fc8   0x00000030   Code   RO          548    i.HAL_PCD_SuspendCallback  usbd_conf.o
    0x08000ff8   0x08000ff8   0x00000134   Code   RO         1488    i.HAL_RCC_ClockConfig  stm32f4xx_hal_rcc.o
    0x0800112c   0x0800112c   0x0000000c   Code   RO         1493    i.HAL_RCC_GetHCLKFreq  stm32f4xx_hal_rcc.o
    0x08001138   0x08001138   0x00000020   Code   RO         1495    i.HAL_RCC_GetPCLK1Freq  stm32f4xx_hal_rcc.o
    0x08001158   0x08001158   0x00000020   Code   RO         1496    i.HAL_RCC_GetPCLK2Freq  stm32f4xx_hal_rcc.o
    0x08001178   0x08001178   0x00000060   Code   RO         1497    i.HAL_RCC_GetSysClockFreq  stm32f4xx_hal_rcc.o
    0x080011d8   0x080011d8   0x0000036c   Code   RO         1500    i.HAL_RCC_OscConfig  stm32f4xx_hal_rcc.o
    0x08001544   0x08001544   0x00000028   Code   RO         2242    i.HAL_SYSTICK_Config  stm32f4xx_hal_cortex.o
    0x0800156c   0x0800156c   0x00000062   Code   RO         2684    i.HAL_UART_Init     stm32f4xx_hal_uart.o
    0x080015ce   0x080015ce   0x00000002   PAD
    0x080015d0   0x080015d0   0x0000006c   Code   RO          370    i.HAL_UART_MspInit  usart.o
    0x0800163c   0x0800163c   0x000000b2   Code   RO         2692    i.HAL_UART_Transmit  stm32f4xx_hal_uart.o
    0x080016ee   0x080016ee   0x00000002   Code   RO          818    i.HardFault_Handler  stm32f4xx_it.o
    0x080016f0   0x080016f0   0x00000038   Code   RO          743    i.IntToUnicode      usbd_desc.o
    0x08001728   0x08001728   0x0000002c   Code   RO          345    i.MX_GPIO_Init      gpio.o
    0x08001754   0x08001754   0x00000038   Code   RO          371    i.MX_USART1_UART_Init  usart.o
    0x0800178c   0x0800178c   0x00000098   Code   RO          504    i.MX_USB_DEVICE_Init  usb_device.o
    0x08001824   0x08001824   0x00000002   Code   RO          819    i.MemManage_Handler  stm32f4xx_it.o
    0x08001826   0x08001826   0x00000002   Code   RO          820    i.NMI_Handler       stm32f4xx_it.o
    0x08001828   0x08001828   0x0000000c   Code   RO          821    i.OTG_FS_IRQHandler  stm32f4xx_it.o
    0x08001834   0x08001834   0x000000cc   Code   RO          955    i.PCD_EP_OutXfrComplete_int  stm32f4xx_hal_pcd.o
    0x08001900   0x08001900   0x000000a2   Code   RO          956    i.PCD_WriteEmptyTxFifo  stm32f4xx_hal_pcd.o
    0x080019a2   0x080019a2   0x00000002   Code   RO          822    i.PendSV_Handler    stm32f4xx_it.o
    0x080019a4   0x080019a4   0x00000002   Code   RO          823    i.SVC_Handler       stm32f4xx_it.o
    0x080019a6   0x080019a6   0x0000000a   Code   RO         3294    i.SWAPBYTE          usbd_ctlreq.o
    0x080019b0   0x080019b0   0x00000004   Code   RO          824    i.SysTick_Handler   stm32f4xx_it.o
    0x080019b4   0x080019b4   0x00000094   Code   RO          281    i.SystemClock_Config  main.o
    0x08001a48   0x08001a48   0x00000010   Code   RO         3013    i.SystemInit        system_stm32f4xx.o
    0x08001a58   0x08001a58   0x0000010c   Code   RO         2710    i.UART_SetConfig    stm32f4xx_hal_uart.o
    0x08001b64   0x08001b64   0x00000078   Code   RO         2713    i.UART_WaitOnFlagUntilTimeout  stm32f4xx_hal_uart.o
    0x08001bdc   0x08001bdc   0x00000062   Code   RO         3050    i.USBD_CDC_DataIn   usbd_cdc.o
    0x08001c3e   0x08001c3e   0x0000002a   Code   RO         3051    i.USBD_CDC_DataOut  usbd_cdc.o
    0x08001c68   0x08001c68   0x00000048   Code   RO         3052    i.USBD_CDC_DeInit   usbd_cdc.o
    0x08001cb0   0x08001cb0   0x0000002e   Code   RO         3053    i.USBD_CDC_EP0_RxReady  usbd_cdc.o
    0x08001cde   0x08001cde   0x00000002   PAD
    0x08001ce0   0x08001ce0   0x0000000c   Code   RO         3054    i.USBD_CDC_GetDeviceQualifierDescriptor  usbd_cdc.o
    0x08001cec   0x08001cec   0x0000000c   Code   RO         3055    i.USBD_CDC_GetFSCfgDesc  usbd_cdc.o
    0x08001cf8   0x08001cf8   0x0000000c   Code   RO         3056    i.USBD_CDC_GetHSCfgDesc  usbd_cdc.o
    0x08001d04   0x08001d04   0x0000000c   Code   RO         3057    i.USBD_CDC_GetOtherSpeedCfgDesc  usbd_cdc.o
    0x08001d10   0x08001d10   0x000000a2   Code   RO         3058    i.USBD_CDC_Init     usbd_cdc.o
    0x08001db2   0x08001db2   0x00000028   Code   RO         3059    i.USBD_CDC_ReceivePacket  usbd_cdc.o
    0x08001dda   0x08001dda   0x0000000e   Code   RO         3060    i.USBD_CDC_RegisterInterface  usbd_cdc.o
    0x08001de8   0x08001de8   0x00000012   Code   RO         3061    i.USBD_CDC_SetRxBuffer  usbd_cdc.o
    0x08001dfa   0x08001dfa   0x00000016   Code   RO         3062    i.USBD_CDC_SetTxBuffer  usbd_cdc.o
    0x08001e10   0x08001e10   0x000000be   Code   RO         3063    i.USBD_CDC_Setup    usbd_cdc.o
    0x08001ece   0x08001ece   0x00000010   Code   RO         3156    i.USBD_ClrClassConfig  usbd_core.o
    0x08001ede   0x08001ede   0x00000002   PAD
    0x08001ee0   0x08001ee0   0x0000003c   Code   RO          199    i.USBD_Composite_DataIn  template.o
    0x08001f1c   0x08001f1c   0x0000002c   Code   RO          200    i.USBD_Composite_DataOut  template.o
    0x08001f48   0x08001f48   0x000000a0   Code   RO          201    i.USBD_Composite_DeInit  template.o
    0x08001fe8   0x08001fe8   0x00000068   Code   RO          202    i.USBD_Composite_EP0_RxReady  template.o
    0x08002050   0x08002050   0x00000070   Code   RO          203    i.USBD_Composite_GetDeviceQualifierDescriptor  template.o
    0x080020c0   0x080020c0   0x00000060   Code   RO          204    i.USBD_Composite_GetFSCfgDesc  template.o
    0x08002120   0x08002120   0x00000120   Code   RO          205    i.USBD_Composite_Init  template.o
    0x08002240   0x08002240   0x00000230   Code   RO          206    i.USBD_Composite_Setup  template.o
    0x08002470   0x08002470   0x00000018   Code   RO          207    i.USBD_Composite_Switch_CDC  template.o
    0x08002488   0x08002488   0x00000014   Code   RO          208    i.USBD_Composite_Switch_HID  template.o
    0x0800249c   0x0800249c   0x00000010   Code   RO         3367    i.USBD_CtlContinueRx  usbd_ioreq.o
    0x080024ac   0x080024ac   0x00000010   Code   RO         3368    i.USBD_CtlContinueSendData  usbd_ioreq.o
    0x080024bc   0x080024bc   0x00000058   Code   RO         3295    i.USBD_CtlError     usbd_ctlreq.o
    0x08002514   0x08002514   0x0000001e   Code   RO         3369    i.USBD_CtlPrepareRx  usbd_ioreq.o
    0x08002532   0x08002532   0x00000016   Code   RO         3370    i.USBD_CtlReceiveStatus  usbd_ioreq.o
    0x08002548   0x08002548   0x0000001a   Code   RO         3371    i.USBD_CtlSendData  usbd_ioreq.o
    0x08002562   0x08002562   0x00000016   Code   RO         3372    i.USBD_CtlSendStatus  usbd_ioreq.o
    0x08002578   0x08002578   0x00000020   Code   RO          744    i.USBD_FS_ConfigStrDescriptor  usbd_desc.o
    0x08002598   0x08002598   0x00000050   Code   RO          745    i.USBD_FS_DeviceDescriptor  usbd_desc.o
    0x080025e8   0x080025e8   0x00000024   Code   RO          746    i.USBD_FS_InterfaceStrDescriptor  usbd_desc.o
    0x0800260c   0x0800260c   0x00000050   Code   RO          747    i.USBD_FS_LangIDStrDescriptor  usbd_desc.o
    0x0800265c   0x0800265c   0x00000080   Code   RO          748    i.USBD_FS_ManufacturerStrDescriptor  usbd_desc.o
    0x080026dc   0x080026dc   0x0000007c   Code   RO          749    i.USBD_FS_ProductStrDescriptor  usbd_desc.o
    0x08002758   0x08002758   0x00000038   Code   RO          750    i.USBD_FS_SerialStrDescriptor  usbd_desc.o
    0x08002790   0x08002790   0x00000134   Code   RO         3296    i.USBD_GetDescriptor  usbd_ctlreq.o
    0x080028c4   0x080028c4   0x00000048   Code   RO         3297    i.USBD_GetString    usbd_ctlreq.o
    0x0800290c   0x0800290c   0x00000018   Code   RO          549    i.USBD_Get_USB_Status  usbd_conf.o
    0x08002924   0x08002924   0x0000000c   Code   RO         3427    i.USBD_HID_DataIn   usbd_hid.o
    0x08002930   0x08002930   0x00000026   Code   RO         3428    i.USBD_HID_DeInit   usbd_hid.o
    0x08002956   0x08002956   0x00000002   PAD
    0x08002958   0x08002958   0x0000000c   Code   RO         3429    i.USBD_HID_GetDeviceQualifierDesc  usbd_hid.o
    0x08002964   0x08002964   0x0000000c   Code   RO         3430    i.USBD_HID_GetFSCfgDesc  usbd_hid.o
    0x08002970   0x08002970   0x0000000c   Code   RO         3431    i.USBD_HID_GetHSCfgDesc  usbd_hid.o
    0x0800297c   0x0800297c   0x0000000c   Code   RO         3432    i.USBD_HID_GetOtherSpeedCfgDesc  usbd_hid.o
    0x08002988   0x08002988   0x00000044   Code   RO         3434    i.USBD_HID_Init     usbd_hid.o
    0x080029cc   0x080029cc   0x0000012c   Code   RO         3436    i.USBD_HID_Setup    usbd_hid.o
    0x08002af8   0x08002af8   0x00000068   Code   RO         3158    i.USBD_Init         usbd_core.o
    0x08002b60   0x08002b60   0x00000012   Code   RO          550    i.USBD_LL_ClearStallEP  usbd_conf.o
    0x08002b72   0x08002b72   0x00000012   Code   RO          551    i.USBD_LL_CloseEP   usbd_conf.o
    0x08002b84   0x08002b84   0x000000a8   Code   RO         3159    i.USBD_LL_DataInStage  usbd_core.o
    0x08002c2c   0x08002c2c   0x0000006c   Code   RO         3160    i.USBD_LL_DataOutStage  usbd_core.o
    0x08002c98   0x08002c98   0x00000004   Code   RO         3161    i.USBD_LL_DevConnected  usbd_core.o
    0x08002c9c   0x08002c9c   0x00000018   Code   RO         3162    i.USBD_LL_DevDisconnected  usbd_core.o
    0x08002cb4   0x08002cb4   0x00000008   Code   RO          555    i.USBD_LL_GetRxDataSize  usbd_conf.o
    0x08002cbc   0x08002cbc   0x00000074   Code   RO          556    i.USBD_LL_Init      usbd_conf.o
    0x08002d30   0x08002d30   0x00000020   Code   RO          557    i.USBD_LL_IsStallEP  usbd_conf.o
    0x08002d50   0x08002d50   0x00000020   Code   RO         3163    i.USBD_LL_IsoINIncomplete  usbd_core.o
    0x08002d70   0x08002d70   0x00000020   Code   RO         3164    i.USBD_LL_IsoOUTIncomplete  usbd_core.o
    0x08002d90   0x08002d90   0x00000018   Code   RO          558    i.USBD_LL_OpenEP    usbd_conf.o
    0x08002da8   0x08002da8   0x00000012   Code   RO          559    i.USBD_LL_PrepareReceive  usbd_conf.o
    0x08002dba   0x08002dba   0x0000005a   Code   RO         3165    i.USBD_LL_Reset     usbd_core.o
    0x08002e14   0x08002e14   0x00000014   Code   RO         3166    i.USBD_LL_Resume    usbd_core.o
    0x08002e28   0x08002e28   0x00000020   Code   RO         3167    i.USBD_LL_SOF       usbd_core.o
    0x08002e48   0x08002e48   0x00000006   Code   RO         3168    i.USBD_LL_SetSpeed  usbd_core.o
    0x08002e4e   0x08002e4e   0x00000012   Code   RO          560    i.USBD_LL_SetUSBAddress  usbd_conf.o
    0x08002e60   0x08002e60   0x00000060   Code   RO         3169    i.USBD_LL_SetupStage  usbd_core.o
    0x08002ec0   0x08002ec0   0x00000012   Code   RO          561    i.USBD_LL_StallEP   usbd_conf.o
    0x08002ed2   0x08002ed2   0x00000012   Code   RO          562    i.USBD_LL_Start     usbd_conf.o
    0x08002ee4   0x08002ee4   0x00000012   Code   RO         3170    i.USBD_LL_Suspend   usbd_core.o
    0x08002ef6   0x08002ef6   0x00000012   Code   RO          564    i.USBD_LL_Transmit  usbd_conf.o
    0x08002f08   0x08002f08   0x0000002c   Code   RO         3298    i.USBD_ParseSetupRequest  usbd_ctlreq.o
    0x08002f34   0x08002f34   0x00000060   Code   RO         3171    i.USBD_RegisterClass  usbd_core.o
    0x08002f94   0x08002f94   0x00000014   Code   RO         3173    i.USBD_SetClassConfig  usbd_core.o
    0x08002fa8   0x08002fa8   0x000000bc   Code   RO         3299    i.USBD_SetConfig    usbd_ctlreq.o
    0x08003064   0x08003064   0x00000004   Code   RO         3174    i.USBD_Start        usbd_core.o
    0x08003068   0x08003068   0x00000114   Code   RO         3300    i.USBD_StdDevReq    usbd_ctlreq.o
    0x0800317c   0x0800317c   0x00000140   Code   RO         3301    i.USBD_StdEPReq     usbd_ctlreq.o
    0x080032bc   0x080032bc   0x00000052   Code   RO         3302    i.USBD_StdItfReq    usbd_ctlreq.o
    0x0800330e   0x0800330e   0x00000004   Code   RO          565    i.USBD_static_free  usbd_conf.o
    0x08003312   0x08003312   0x00000002   PAD
    0x08003314   0x08003314   0x0000005c   Code   RO          566    i.USBD_static_malloc  usbd_conf.o
    0x08003370   0x08003370   0x00000080   Code   RO         1191    i.USB_ActivateEndpoint  stm32f4xx_ll_usb.o
    0x080033f0   0x080033f0   0x0000001c   Code   RO         1193    i.USB_ActivateSetup  stm32f4xx_ll_usb.o
    0x0800340c   0x0800340c   0x00000074   Code   RO         1195    i.USB_CoreInit      stm32f4xx_ll_usb.o
    0x08003480   0x08003480   0x00000040   Code   RO         1196    i.USB_CoreReset     stm32f4xx_ll_usb.o
    0x080034c0   0x080034c0   0x000000cc   Code   RO         1199    i.USB_DeactivateEndpoint  stm32f4xx_ll_usb.o
    0x0800358c   0x0800358c   0x0000001c   Code   RO         1200    i.USB_DevConnect    stm32f4xx_ll_usb.o
    0x080035a8   0x080035a8   0x0000001c   Code   RO         1201    i.USB_DevDisconnect  stm32f4xx_ll_usb.o
    0x080035c4   0x080035c4   0x00000174   Code   RO         1202    i.USB_DevInit       stm32f4xx_ll_usb.o
    0x08003738   0x08003738   0x0000000c   Code   RO         1203    i.USB_DisableGlobalInt  stm32f4xx_ll_usb.o
    0x08003744   0x08003744   0x00000118   Code   RO         1206    i.USB_EP0StartXfer  stm32f4xx_ll_usb.o
    0x0800385c   0x0800385c   0x00000058   Code   RO         1207    i.USB_EP0_OutStart  stm32f4xx_ll_usb.o
    0x080038b4   0x080038b4   0x00000058   Code   RO         1208    i.USB_EPClearStall  stm32f4xx_ll_usb.o
    0x0800390c   0x0800390c   0x00000058   Code   RO         1209    i.USB_EPSetStall    stm32f4xx_ll_usb.o
    0x08003964   0x08003964   0x000001e8   Code   RO         1210    i.USB_EPStartXfer   stm32f4xx_ll_usb.o
    0x08003b4c   0x08003b4c   0x0000000c   Code   RO         1211    i.USB_EnableGlobalInt  stm32f4xx_ll_usb.o
    0x08003b58   0x08003b58   0x00000028   Code   RO         1212    i.USB_FlushRxFifo   stm32f4xx_ll_usb.o
    0x08003b80   0x08003b80   0x0000002c   Code   RO         1213    i.USB_FlushTxFifo   stm32f4xx_ll_usb.o
    0x08003bac   0x08003bac   0x0000001a   Code   RO         1215    i.USB_GetDevSpeed   stm32f4xx_ll_usb.o
    0x08003bc6   0x08003bc6   0x00000008   Code   RO         1217    i.USB_GetMode       stm32f4xx_ll_usb.o
    0x08003bce   0x08003bce   0x0000000e   Code   RO         1224    i.USB_ReadDevAllInEpInterrupt  stm32f4xx_ll_usb.o
    0x08003bdc   0x08003bdc   0x0000000e   Code   RO         1225    i.USB_ReadDevAllOutEpInterrupt  stm32f4xx_ll_usb.o
    0x08003bea   0x08003bea   0x00000024   Code   RO         1226    i.USB_ReadDevInEPInterrupt  stm32f4xx_ll_usb.o
    0x08003c0e   0x08003c0e   0x00000010   Code   RO         1227    i.USB_ReadDevOutEPInterrupt  stm32f4xx_ll_usb.o
    0x08003c1e   0x08003c1e   0x00000008   Code   RO         1228    i.USB_ReadInterrupts  stm32f4xx_ll_usb.o
    0x08003c26   0x08003c26   0x0000003e   Code   RO         1229    i.USB_ReadPacket    stm32f4xx_ll_usb.o
    0x08003c64   0x08003c64   0x0000005c   Code   RO         1231    i.USB_SetCurrentMode  stm32f4xx_ll_usb.o
    0x08003cc0   0x08003cc0   0x00000022   Code   RO         1232    i.USB_SetDevAddress  stm32f4xx_ll_usb.o
    0x08003ce2   0x08003ce2   0x00000002   PAD
    0x08003ce4   0x08003ce4   0x000000e8   Code   RO         1234    i.USB_SetTurnaroundTime  stm32f4xx_ll_usb.o
    0x08003dcc   0x08003dcc   0x00000028   Code   RO         1237    i.USB_WritePacket   stm32f4xx_ll_usb.o
    0x08003df4   0x08003df4   0x00000002   Code   RO          825    i.UsageFault_Handler  stm32f4xx_it.o
    0x08003df6   0x08003df6   0x00000002   PAD
    0x08003df8   0x08003df8   0x00000020   Code   RO         3720    i.__0printf$8       mc_w.l(printf8.o)
    0x08003e18   0x08003e18   0x00000020   Code   RO         2244    i.__NVIC_SetPriority  stm32f4xx_hal_cortex.o
    0x08003e38   0x08003e38   0x0000000e   Code   RO         3846    i.__scatterload_copy  mc_w.l(handlers.o)
    0x08003e46   0x08003e46   0x00000002   Code   RO         3847    i.__scatterload_null  mc_w.l(handlers.o)
    0x08003e48   0x08003e48   0x0000000e   Code   RO         3848    i.__scatterload_zeroinit  mc_w.l(handlers.o)
    0x08003e56   0x08003e56   0x00000002   PAD
    0x08003e58   0x08003e58   0x00000404   Code   RO         3727    i._printf_core      mc_w.l(printf8.o)
    0x0800425c   0x0800425c   0x00000024   Code   RO         3728    i._printf_post_padding  mc_w.l(printf8.o)
    0x08004280   0x08004280   0x0000002e   Code   RO         3729    i._printf_pre_padding  mc_w.l(printf8.o)
    0x080042ae   0x080042ae   0x00000002   PAD
    0x080042b0   0x080042b0   0x00000018   Code   RO          282    i.fputc             main.o
    0x080042c8   0x080042c8   0x00000050   Code   RO         3774    i.free              mc_w.l(malloc.o)
    0x08004318   0x08004318   0x00000020   Code   RO          283    i.main              main.o
    0x08004338   0x08004338   0x0000006c   Code   RO         3775    i.malloc            mc_w.l(malloc.o)
    0x080043a4   0x080043a4   0x00000010   Data   RO         3014    .constdata          system_stm32f4xx.o
    0x080043b4   0x080043b4   0x00000008   Data   RO         3015    .constdata          system_stm32f4xx.o
    0x080043bc   0x080043bc   0x00000020   Data   RO         3844    Region$$Table       anon$$obj.o


    Execution Region RW_IRAM2 (Exec base: 0x10000000, Load base: 0x08004594, Size: 0x00000000, Max: 0x00010000, ABSOLUTE)

    **** No section assigned to this execution region ****


    Execution Region RW_IRAM1 (Exec base: 0x20000000, Load base: 0x080043dc, Size: 0x00004070, Max: 0x00020000, ABSOLUTE, COMPRESSED[0x000001b8])

    Exec Addr    Load Addr    Size         Type   Attr      Idx    E Section Name        Object

    0x20000000   COMPRESSED   0x00000014   Data   RW           20    .data               usbd_cdc_if.o
    0x20000014   COMPRESSED   0x00000038   Data   RW          209    .data               template.o
    0x2000004c   COMPRESSED   0x0000007e   Data   RW          210    .data               template.o
    0x200000ca   COMPRESSED   0x00000002   PAD
    0x200000cc   COMPRESSED   0x0000001c   Data   RW          752    .data               usbd_desc.o
    0x200000e8   COMPRESSED   0x00000032   Data   RW          753    .data               usbd_desc.o
    0x2000011a   COMPRESSED   0x00000002   PAD
    0x2000011c   COMPRESSED   0x0000000c   Data   RW         2388    .data               stm32f4xx_hal.o
    0x20000128   COMPRESSED   0x00000004   Data   RW         3016    .data               system_stm32f4xx.o
    0x2000012c   COMPRESSED   0x000000d7   Data   RW         3065    .data               usbd_cdc.o
    0x20000203   COMPRESSED   0x00000001   PAD
    0x20000204   COMPRESSED   0x00000038   Data   RW         3066    .data               usbd_cdc.o
    0x2000023c   COMPRESSED   0x00000001   Data   RW         3303    .data               usbd_ctlreq.o
    0x2000023d   COMPRESSED   0x00000003   PAD
    0x20000240   COMPRESSED   0x00000038   Data   RW         3437    .data               usbd_hid.o
    0x20000278   COMPRESSED   0x000000ce   Data   RW         3438    .data               usbd_hid.o
    0x20000346   COMPRESSED   0x00000002   PAD
    0x20000348   COMPRESSED   0x00000004   Data   RW         3818    .data               mc_w.l(stdout.o)
    0x2000034c   COMPRESSED   0x00000004   Data   RW         3825    .data               mc_w.l(mvars.o)
    0x20000350   COMPRESSED   0x00000004   Data   RW         3826    .data               mc_w.l(mvars.o)
    0x20000354        -       0x00001000   Zero   RW           19    .bss                usbd_cdc_if.o
    0x20001354        -       0x00000044   Zero   RW          372    .bss                usart.o
    0x20001398        -       0x000002d0   Zero   RW          505    .bss                usb_device.o
    0x20001668        -       0x00000408   Zero   RW          567    .bss                usbd_conf.o
    0x20001a70        -       0x00000200   Zero   RW          751    .bss                usbd_desc.o
    0x20001c70        -       0x00002000   Zero   RW            2    HEAP                startup_stm32f407xx.o
    0x20003c70        -       0x00000400   Zero   RW            1    STACK               startup_stm32f407xx.o


==============================================================================

Image component sizes


      Code (inc. data)   RO Data    RW Data    ZI Data      Debug   Object Name

        44          6          0          0          0        763   gpio.o
       208         12          0          0          0       3873   main.o
        36          8        392          0       9216        832   startup_stm32f407xx.o
       180         28          0         12          0       9369   stm32f4xx_hal.o
       198         14          0          0          0      33923   stm32f4xx_hal_cortex.o
       496         46          0          0          0       1524   stm32f4xx_hal_gpio.o
        48          6          0          0          0        822   stm32f4xx_hal_msp.o
      2308         14          0          0          0      12701   stm32f4xx_hal_pcd.o
        78          0          0          0          0       2385   stm32f4xx_hal_pcd_ex.o
      1356         78          0          0          0       5692   stm32f4xx_hal_rcc.o
       664         10          0          0          0       4156   stm32f4xx_hal_uart.o
        32          6          0          0          0       4502   stm32f4xx_it.o
      2690        132          0          0          0      22978   stm32f4xx_ll_usb.o
        16          4         24          4          0       1095   system_stm32f4xx.o
      1468        848          0        182          0       9786   template.o
       164         22          0          0         68     588638   usart.o
       152         64          0          0        720        780   usb_device.o
       752         16          0        271          0      12883   usbd_cdc.o
        72         16          0         20       4096     674870   usbd_cdc_if.o
       750         72          0          0       1032      16048   usbd_conf.o
       870         84          0          0          0      12637   usbd_core.o
      1388        128          0          1          0      14304   usbd_ctlreq.o
       592        322          0         78        512       6053   usbd_desc.o
       466         82          0        262          0       7394   usbd_hid.o
       132          0          0          0          0       4500   usbd_ioreq.o

    ----------------------------------------------------------------------
     15182       2018        448        840      15644    1452508   Object Totals
         0          0         32          0          0          0   (incl. Generated)
        22          0          0         10          0          0   (incl. Padding)

    ----------------------------------------------------------------------

      Code (inc. data)   RO Data    RW Data    ZI Data      Debug   Library Member Name

        86          0          0          0          0          0   __dczerorl2.o
         0          0          0          0          0          0   entry.o
         0          0          0          0          0          0   entry10a.o
         0          0          0          0          0          0   entry11a.o
         4          0          0          0          0          0   entry12b.o
         8          4          0          0          0          0   entry2.o
         4          0          0          0          0          0   entry5.o
         0          0          0          0          0          0   entry7b.o
         0          0          0          0          0          0   entry8b.o
         8          4          0          0          0          0   entry9a.o
        30          0          0          0          0          0   handlers.o
        36          8          0          0          0         68   init.o
        30          0          0          0          0         68   llshl.o
        32          0          0          0          0         68   llushr.o
       188         20          0          0          0        160   malloc.o
        36          0          0          0          0         68   memcpya.o
        36          0          0          0          0        108   memseta.o
         0          0          0          8          0          0   mvars.o
      1142         54          0          0          0        352   printf8.o
         0          0          0          4          0          0   stdout.o
        98          0          0          0          0         92   uldiv.o

    ----------------------------------------------------------------------
      1742         90          0         12          0        984   Library Totals
         4          0          0          0          0          0   (incl. Padding)

    ----------------------------------------------------------------------

      Code (inc. data)   RO Data    RW Data    ZI Data      Debug   Library Name

      1738         90          0         12          0        984   mc_w.l

    ----------------------------------------------------------------------
      1742         90          0         12          0        984   Library Totals

    ----------------------------------------------------------------------

==============================================================================


      Code (inc. data)   RO Data    RW Data    ZI Data      Debug   

     16924       2108        448        852      15644    1435208   Grand Totals
     16924       2108        448        440      15644    1435208   ELF Image Totals (compressed)
     16924       2108        448        440          0          0   ROM Totals

==============================================================================

    Total RO  Size (Code + RO Data)                17372 (  16.96kB)
    Total RW  Size (RW Data + ZI Data)             16496 (  16.11kB)
    Total ROM Size (Code + RO Data + RW Data)      17812 (  17.39kB)

==============================================================================

